Archive member included to satisfy reference by file (symbol)

/opt/st/stm32cubeide_1.3.0/plugins/com.st.stm32cube.ide.mcu.externaltools.gnu-tools-for-stm32.7-2018-q2-update.linux64_1.0.0.201904181610/tools/bin/../lib/gcc/arm-none-eabi/7.3.1/../../../../arm-none-eabi/lib/thumb/v7-m/libc_nano.a(lib_a-abort.o)
                              Core/Src/exception.o (abort)
/opt/st/stm32cubeide_1.3.0/plugins/com.st.stm32cube.ide.mcu.externaltools.gnu-tools-for-stm32.7-2018-q2-update.linux64_1.0.0.201904181610/tools/bin/../lib/gcc/arm-none-eabi/7.3.1/../../../../arm-none-eabi/lib/thumb/v7-m/libc_nano.a(lib_a-errno.o)
                              Core/Src/syscalls.o (__errno)
/opt/st/stm32cubeide_1.3.0/plugins/com.st.stm32cube.ide.mcu.externaltools.gnu-tools-for-stm32.7-2018-q2-update.linux64_1.0.0.201904181610/tools/bin/../lib/gcc/arm-none-eabi/7.3.1/../../../../arm-none-eabi/lib/thumb/v7-m/libc_nano.a(lib_a-exit.o)
                              /opt/st/stm32cubeide_1.3.0/plugins/com.st.stm32cube.ide.mcu.externaltools.gnu-tools-for-stm32.7-2018-q2-update.linux64_1.0.0.201904181610/tools/bin/../lib/gcc/arm-none-eabi/7.3.1/../../../../arm-none-eabi/lib/thumb/v7-m/crt0.o (exit)
/opt/st/stm32cubeide_1.3.0/plugins/com.st.stm32cube.ide.mcu.externaltools.gnu-tools-for-stm32.7-2018-q2-update.linux64_1.0.0.201904181610/tools/bin/../lib/gcc/arm-none-eabi/7.3.1/../../../../arm-none-eabi/lib/thumb/v7-m/libc_nano.a(lib_a-impure.o)
                              /opt/st/stm32cubeide_1.3.0/plugins/com.st.stm32cube.ide.mcu.externaltools.gnu-tools-for-stm32.7-2018-q2-update.linux64_1.0.0.201904181610/tools/bin/../lib/gcc/arm-none-eabi/7.3.1/../../../../arm-none-eabi/lib/thumb/v7-m/libc_nano.a(lib_a-exit.o) (_global_impure_ptr)
/opt/st/stm32cubeide_1.3.0/plugins/com.st.stm32cube.ide.mcu.externaltools.gnu-tools-for-stm32.7-2018-q2-update.linux64_1.0.0.201904181610/tools/bin/../lib/gcc/arm-none-eabi/7.3.1/../../../../arm-none-eabi/lib/thumb/v7-m/libc_nano.a(lib_a-init.o)
                              /opt/st/stm32cubeide_1.3.0/plugins/com.st.stm32cube.ide.mcu.externaltools.gnu-tools-for-stm32.7-2018-q2-update.linux64_1.0.0.201904181610/tools/bin/../lib/gcc/arm-none-eabi/7.3.1/../../../../arm-none-eabi/lib/thumb/v7-m/crt0.o (__libc_init_array)
/opt/st/stm32cubeide_1.3.0/plugins/com.st.stm32cube.ide.mcu.externaltools.gnu-tools-for-stm32.7-2018-q2-update.linux64_1.0.0.201904181610/tools/bin/../lib/gcc/arm-none-eabi/7.3.1/../../../../arm-none-eabi/lib/thumb/v7-m/libc_nano.a(lib_a-malloc.o)
                              Core/Src/gdb_packet.o (free)
/opt/st/stm32cubeide_1.3.0/plugins/com.st.stm32cube.ide.mcu.externaltools.gnu-tools-for-stm32.7-2018-q2-update.linux64_1.0.0.201904181610/tools/bin/../lib/gcc/arm-none-eabi/7.3.1/../../../../arm-none-eabi/lib/thumb/v7-m/libc_nano.a(lib_a-memset.o)
                              /opt/st/stm32cubeide_1.3.0/plugins/com.st.stm32cube.ide.mcu.externaltools.gnu-tools-for-stm32.7-2018-q2-update.linux64_1.0.0.201904181610/tools/bin/../lib/gcc/arm-none-eabi/7.3.1/../../../../arm-none-eabi/lib/thumb/v7-m/crt0.o (memset)
/opt/st/stm32cubeide_1.3.0/plugins/com.st.stm32cube.ide.mcu.externaltools.gnu-tools-for-stm32.7-2018-q2-update.linux64_1.0.0.201904181610/tools/bin/../lib/gcc/arm-none-eabi/7.3.1/../../../../arm-none-eabi/lib/thumb/v7-m/libc_nano.a(lib_a-nano-freer.o)
                              /opt/st/stm32cubeide_1.3.0/plugins/com.st.stm32cube.ide.mcu.externaltools.gnu-tools-for-stm32.7-2018-q2-update.linux64_1.0.0.201904181610/tools/bin/../lib/gcc/arm-none-eabi/7.3.1/../../../../arm-none-eabi/lib/thumb/v7-m/libc_nano.a(lib_a-malloc.o) (_free_r)
/opt/st/stm32cubeide_1.3.0/plugins/com.st.stm32cube.ide.mcu.externaltools.gnu-tools-for-stm32.7-2018-q2-update.linux64_1.0.0.201904181610/tools/bin/../lib/gcc/arm-none-eabi/7.3.1/../../../../arm-none-eabi/lib/thumb/v7-m/libc_nano.a(lib_a-nano-mallocr.o)
                              /opt/st/stm32cubeide_1.3.0/plugins/com.st.stm32cube.ide.mcu.externaltools.gnu-tools-for-stm32.7-2018-q2-update.linux64_1.0.0.201904181610/tools/bin/../lib/gcc/arm-none-eabi/7.3.1/../../../../arm-none-eabi/lib/thumb/v7-m/libc_nano.a(lib_a-malloc.o) (_malloc_r)
/opt/st/stm32cubeide_1.3.0/plugins/com.st.stm32cube.ide.mcu.externaltools.gnu-tools-for-stm32.7-2018-q2-update.linux64_1.0.0.201904181610/tools/bin/../lib/gcc/arm-none-eabi/7.3.1/../../../../arm-none-eabi/lib/thumb/v7-m/libc_nano.a(lib_a-sbrkr.o)
                              /opt/st/stm32cubeide_1.3.0/plugins/com.st.stm32cube.ide.mcu.externaltools.gnu-tools-for-stm32.7-2018-q2-update.linux64_1.0.0.201904181610/tools/bin/../lib/gcc/arm-none-eabi/7.3.1/../../../../arm-none-eabi/lib/thumb/v7-m/libc_nano.a(lib_a-nano-mallocr.o) (_sbrk_r)
/opt/st/stm32cubeide_1.3.0/plugins/com.st.stm32cube.ide.mcu.externaltools.gnu-tools-for-stm32.7-2018-q2-update.linux64_1.0.0.201904181610/tools/bin/../lib/gcc/arm-none-eabi/7.3.1/../../../../arm-none-eabi/lib/thumb/v7-m/libc_nano.a(lib_a-setjmp.o)
[...]
Memory Configuration

Name             Origin             Length             Attributes
RAM              0x0000000020000000 0x0000000000005000 xrw
FLASH            0x0000000008000000 0x0000000000020000 xr
*default*        0x0000000000000000 0xffffffffffffffff

Linker script and memory map

LOAD /opt/st/stm32cubeide_1.3.0/plugins/com.st.stm32cube.ide.mcu.externaltools.gnu-tools-for-stm32.7-2018-q2-update.linux64_1.0.0.201904181610/tools/bin/../lib/gcc/arm-none-eabi/7.3.1/thumb/v7-m/crti.o
LOAD /opt/st/stm32cubeide_1.3.0/plugins/com.st.stm32cube.ide.mcu.externaltools.gnu-tools-for-stm32.7-2018-q2-update.linux64_1.0.0.201904181610/tools/bin/../lib/gcc/arm-none-eabi/7.3.1/thumb/v7-m/crtbegin.o
LOAD /opt/st/stm32cubeide_1.3.0/plugins/com.st.stm32cube.ide.mcu.externaltools.gnu-tools-for-stm32.7-2018-q2-update.linux64_1.0.0.201904181610/tools/bin/../lib/gcc/arm-none-eabi/7.3.1/../../../../arm-none-eabi/lib/thumb/v7-m/crt0.o
LOAD Core/Src/command.o
LOAD Core/Src/exception.o
LOAD Core/Src/gdb_hostio.o
LOAD Core/Src/gdb_if.o
LOAD Core/Src/gdb_main.o
LOAD Core/Src/gdb_packet.o
LOAD Core/Src/hex_utils.o
LOAD Core/Src/main.o
LOAD Core/Src/stm32f1xx_hal_msp.o
LOAD Core/Src/stm32f1xx_it.o
LOAD Core/Src/syscalls.o
LOAD Core/Src/sysmem.o
LOAD Core/Src/system_stm32f1xx.o
LOAD Core/Startup/startup_stm32f103cbux.o
LOAD Drivers/STM32F1xx_HAL_Driver/Src/stm32f1xx_hal.o
LOAD Drivers/STM32F1xx_HAL_Driver/Src/stm32f1xx_hal_adc.o
LOAD Drivers/STM32F1xx_HAL_Driver/Src/stm32f1xx_hal_adc_ex.o
LOAD Drivers/STM32F1xx_HAL_Driver/Src/stm32f1xx_hal_cortex.o
LOAD Drivers/STM32F1xx_HAL_Driver/Src/stm32f1xx_hal_dma.o
LOAD Drivers/STM32F1xx_HAL_Driver/Src/stm32f1xx_hal_exti.o
LOAD Drivers/STM32F1xx_HAL_Driver/Src/stm32f1xx_hal_flash.o
LOAD Drivers/STM32F1xx_HAL_Driver/Src/stm32f1xx_hal_flash_ex.o
LOAD Drivers/STM32F1xx_HAL_Driver/Src/stm32f1xx_hal_gpio.o
LOAD Drivers/STM32F1xx_HAL_Driver/Src/stm32f1xx_hal_gpio_ex.o
LOAD Drivers/STM32F1xx_HAL_Driver/Src/stm32f1xx_hal_pcd.o
LOAD Drivers/STM32F1xx_HAL_Driver/Src/stm32f1xx_hal_pcd_ex.o
LOAD Drivers/STM32F1xx_HAL_Driver/Src/stm32f1xx_hal_pwr.o
LOAD Drivers/STM32F1xx_HAL_Driver/Src/stm32f1xx_hal_rcc.o
LOAD Drivers/STM32F1xx_HAL_Driver/Src/stm32f1xx_hal_rcc_ex.o
LOAD Drivers/STM32F1xx_HAL_Driver/Src/stm32f1xx_hal_tim.o
LOAD Drivers/STM32F1xx_HAL_Driver/Src/stm32f1xx_hal_tim_ex.o
LOAD Drivers/STM32F1xx_HAL_Driver/Src/stm32f1xx_ll_usb.o
LOAD Middlewares/ST/STM32_USB_Device_Library/Class/CDC/Src/usbd_cdc.o
LOAD Middlewares/ST/STM32_USB_Device_Library/Core/Src/usbd_core.o
LOAD Middlewares/ST/STM32_USB_Device_Library/Core/Src/usbd_ctlreq.o
LOAD Middlewares/ST/STM32_USB_Device_Library/Core/Src/usbd_ioreq.o
LOAD USB_DEVICE/App/usb_device.o
LOAD USB_DEVICE/App/usbd_cdc_if.o
LOAD USB_DEVICE/App/usbd_desc.o
LOAD USB_DEVICE/Target/usbd_conf.o
LOAD platforms/common/cdcacm.o
LOAD platforms/common/serialno.o
LOAD target/adiv5_swdp.o
LOAD target/target.o
START GROUP
LOAD /opt/st/stm32cubeide_1.3.0/plugins/com.st.stm32cube.ide.mcu.externaltools.gnu-tools-for-stm32.7-2018-q2-update.linux64_1.0.0.201904181610/tools/bin/../lib/gcc/arm-none-eabi/7.3.1/../../../../arm-none-eabi/lib/thumb/v7-m/libc_nano.a
LOAD /opt/st/stm32cubeide_1.3.0/plugins/com.st.stm32cube.ide.mcu.externaltools.gnu-tools-for-stm32.7-2018-q2-update.linux64_1.0.0.201904181610/tools/bin/../lib/gcc/arm-none-eabi/7.3.1/../../../../arm-none-eabi/lib/thumb/v7-m/libm.a
END GROUP
START GROUP
LOAD /opt/st/stm32cubeide_1.3.0/plugins/com.st.stm32cube.ide.mcu.externaltools.gnu-tools-for-stm32.7-2018-q2-update.linux64_1.0.0.201904181610/tools/bin/../lib/gcc/arm-none-eabi/7.3.1/thumb/v7-m/libgcc.a
LOAD /opt/st/stm32cubeide_1.3.0/plugins/com.st.stm32cube.ide.mcu.externaltools.gnu-tools-for-stm32.7-2018-q2-update.linux64_1.0.0.201904181610/tools/bin/../lib/gcc/arm-none-eabi/7.3.1/../../../../arm-none-eabi/lib/thumb/v7-m/libc_nano.a
END GROUP
START GROUP
LOAD /opt/st/stm32cubeide_1.3.0/plugins/com.st.stm32cube.ide.mcu.externaltools.gnu-tools-for-stm32.7-2018-q2-update.linux64_1.0.0.201904181610/tools/bin/../lib/gcc/arm-none-eabi/7.3.1/thumb/v7-m/libgcc.a
LOAD /opt/st/stm32cubeide_1.3.0/plugins/com.st.stm32cube.ide.mcu.externaltools.gnu-tools-for-stm32.7-2018-q2-update.linux64_1.0.0.201904181610/tools/bin/../lib/gcc/arm-none-eabi/7.3.1/../../../../arm-none-eabi/lib/thumb/v7-m/libc_nano.a
LOAD /opt/st/stm32cubeide_1.3.0/plugins/com.st.stm32cube.ide.mcu.externaltools.gnu-tools-for-stm32.7-2018-q2-update.linux64_1.0.0.201904181610/tools/bin/../lib/gcc/arm-none-eabi/7.3.1/../../../../arm-none-eabi/lib/thumb/v7-m/libnosys.a
END GROUP
START GROUP
LOAD /opt/st/stm32cubeide_1.3.0/plugins/com.st.stm32cube.ide.mcu.externaltools.gnu-tools-for-stm32.7-2018-q2-update.linux64_1.0.0.201904181610/tools/bin/../lib/gcc/arm-none-eabi/7.3.1/thumb/v7-m/libgcc.a
LOAD /opt/st/stm32cubeide_1.3.0/plugins/com.st.stm32cube.ide.mcu.externaltools.gnu-tools-for-stm32.7-2018-q2-update.linux64_1.0.0.201904181610/tools/bin/../lib/gcc/arm-none-eabi/7.3.1/../../../../arm-none-eabi/lib/thumb/v7-m/libc_nano.a
LOAD /opt/st/stm32cubeide_1.3.0/plugins/com.st.stm32cube.ide.mcu.externaltools.gnu-tools-for-stm32.7-2018-q2-update.linux64_1.0.0.201904181610/tools/bin/../lib/gcc/arm-none-eabi/7.3.1/../../../../arm-none-eabi/lib/thumb/v7-m/libnosys.a
END GROUP
LOAD /opt/st/stm32cubeide_1.3.0/plugins/com.st.stm32cube.ide.mcu.externaltools.gnu-tools-for-stm32.7-2018-q2-update.linux64_1.0.0.201904181610/tools/bin/../lib/gcc/arm-none-eabi/7.3.1/thumb/v7-m/crtend.o
LOAD /opt/st/stm32cubeide_1.3.0/plugins/com.st.stm32cube.ide.mcu.externaltools.gnu-tools-for-stm32.7-2018-q2-update.linux64_1.0.0.201904181610/tools/bin/../lib/gcc/arm-none-eabi/7.3.1/thumb/v7-m/crtn.o
                0x0000000020005000                _estack = (ORIGIN (RAM) + LENGTH (RAM))
                0x0000000000000200                _Min_Heap_Size = 0x200
                0x0000000000000400                _Min_Stack_Size = 0x400

.isr_vector     0x0000000008000000      0x10c
                0x0000000008000000                . = ALIGN (0x4)
 *(.isr_vector)
 .isr_vector    0x0000000008000000      0x10c Core/Startup/startup_stm32f103cbux.o
                0x0000000008000000                g_pfnVectors
                0x000000000800010c                . = ALIGN (0x4)

.text           0x000000000800010c     0x7ddc
                0x000000000800010c                . = ALIGN (0x4)
 *(.text)
 .text          0x000000000800010c       0x40 /opt/st/stm32cubeide_1.3.0/plugins/com.st.stm32cube.ide.mcu.externaltools.gnu-tools-for-stm32.7-2018-q2-update.linux64_1.0.0.201904181610/tools/bin/../lib/gcc/arm-none-eabi/7.3.1/thumb/v7-m/crtbegin.o
 .text          0x000000000800014c       0x1c /opt/st/stm32cubeide_1.3.0/plugins/com.st.stm32cube.ide.mcu.externaltools.gnu-tools-for-stm32.7-2018-q2-update.linux64_1.0.0.201904181610/tools/bin/../lib/gcc/arm-none-eabi/7.3.1/../../../../arm-none-eabi/lib/thumb/v7-m/libc_nano.a(lib_a-setjmp.o)
                0x000000000800014c                setjmp
                0x0000000008000158                longjmp
 .text          0x0000000008000168       0x14 /opt/st/stm32cubeide_1.3.0/plugins/com.st.stm32cube.ide.mcu.externaltools.gnu-tools-for-stm32.7-2018-q2-update.linux64_1.0.0.201904181610/tools/bin/../lib/gcc/arm-none-eabi/7.3.1/../../../../arm-none-eabi/lib/thumb/v7-m/libc_nano.a(lib_a-strcmp.o)
                0x0000000008000168                strcmp
 .text          0x000000000800017c       0x10 /opt/st/stm32cubeide_1.3.0/plugins/com.st.stm32cube.ide.mcu.externaltools.gnu-tools-for-stm32.7-2018-q2-update.linux64_1.0.0.201904181610/tools/bin/../lib/gcc/arm-none-eabi/7.3.1/../../../../arm-none-eabi/lib/thumb/v7-m/libc_nano.a(lib_a-strlen.o)
                0x000000000800017c                strlen
 *(.text*)
 .text.hostio_reply
                0x000000000800018c       0x84 Core/Src/gdb_hostio.o
                0x000000000800018c                hostio_reply
 .text.hostio_open
                0x0000000008000210       0x38 Core/Src/gdb_hostio.o
                0x0000000008000210                hostio_open
 .text.hostio_close
                0x0000000008000248       0x28 Core/Src/gdb_hostio.o
                0x0000000008000248                hostio_close
 .text.hostio_read
                0x0000000008000270       0x30 Core/Src/gdb_hostio.o
                0x0000000008000270                hostio_read
 .text.hostio_write
                0x00000000080002a0       0x30 Core/Src/gdb_hostio.o
                0x00000000080002a0                hostio_write
 .text.hostio_lseek
                0x00000000080002d0       0x30 Core/Src/gdb_hostio.o
                0x00000000080002d0                hostio_lseek
 .text.hostio_rename
                0x0000000008000300       0x34 Core/Src/gdb_hostio.o
                0x0000000008000300                hostio_rename
 .text.hostio_unlink
                0x0000000008000334       0x2c Core/Src/gdb_hostio.o
                0x0000000008000334                hostio_unlink
 .text.hostio_stat
                0x0000000008000360       0x30 Core/Src/gdb_hostio.o
                0x0000000008000360                hostio_stat
 .text.hostio_fstat
                0x0000000008000390       0x2c Core/Src/gdb_hostio.o
                0x0000000008000390                hostio_fstat
 .text.hostio_gettimeofday
                0x00000000080003bc       0x2c Core/Src/gdb_hostio.o
                0x00000000080003bc                hostio_gettimeofday
 .text.hostio_isatty
                0x00000000080003e8       0x28 Core/Src/gdb_hostio.o
                0x00000000080003e8                hostio_isatty
 .text.hostio_system
                0x0000000008000410       0x2c Core/Src/gdb_hostio.o
                0x0000000008000410                hostio_system
 .text.gdb_if_putchar
                0x000000000800043c       0x78 Core/Src/gdb_if.o
                0x000000000800043c                gdb_if_putchar
 .text.gdb_if_update_buf
                0x00000000080004b4       0x20 Core/Src/gdb_if.o
 .text.gdb_if_getchar
                0x00000000080004d4       0x44 Core/Src/gdb_if.o
                0x00000000080004d4                gdb_if_getchar
 .text.gdb_if_getchar_to
                0x0000000008000518       0x34 Core/Src/gdb_if.o
                0x0000000008000518                gdb_if_getchar_to
 .text.gdb_target_destroy_callback
                0x000000000800054c       0x3c Core/Src/gdb_main.o
 .text.gdb_target_printf
                0x0000000008000588       0x1c Core/Src/gdb_main.o
 .text.gdb_main_loop
                0x00000000080005a4      0x564 Core/Src/gdb_main.o
                0x00000000080005a4                gdb_main_loop
 .text.handle_q_string_reply
                0x0000000008000b08      0x104 Core/Src/gdb_main.o
 .text.handle_q_packet
                0x0000000008000c0c      0x15c Core/Src/gdb_main.o
 .text.handle_v_packet
                0x0000000008000d68      0x134 Core/Src/gdb_main.o
 .text.handle_z_packet
                0x0000000008000e9c       0x28 Core/Src/gdb_main.o
 .text.gdb_main
                0x0000000008000ec4       0x14 Core/Src/gdb_main.o
                0x0000000008000ec4                gdb_main
 .text.gdb_getpacket
                0x0000000008000ed8      0x17a Core/Src/gdb_packet.o
                0x0000000008000ed8                gdb_getpacket
 *fill*         0x0000000008001052        0x2 
 .text.gdb_putpacket
                0x0000000008001054       0xd8 Core/Src/gdb_packet.o
                0x0000000008001054                gdb_putpacket
 .text.gdb_putpacket_f
                0x000000000800112c       0x3c Core/Src/gdb_packet.o
                0x000000000800112c                gdb_putpacket_f
 .text.gdb_out  0x0000000008001168       0x5c Core/Src/gdb_packet.o
                0x0000000008001168                gdb_out
 .text.gdb_voutf
                0x00000000080011c4       0x38 Core/Src/gdb_packet.o
                0x00000000080011c4                gdb_voutf
 .text.hexify   0x00000000080011fc       0x68 Core/Src/hex_utils.o
                0x00000000080011fc                hexify
 .text.unhex_digit
                0x0000000008001264       0x34 Core/Src/hex_utils.o
 .text.unhexify
                0x0000000008001298       0x5e Core/Src/hex_utils.o
                0x0000000008001298                unhexify
 *fill*         0x00000000080012f6        0x2 
 .text.main     0x00000000080012f8       0x60 Core/Src/main.o
                0x00000000080012f8                main
 .text.SystemClock_Config
                0x0000000008001358       0xbc Core/Src/main.o
                0x0000000008001358                SystemClock_Config
 .text.MX_ADC1_Init
                0x0000000008001414       0x7c Core/Src/main.o
 .text.MX_GPIO_Init
                0x0000000008001490      0x110 Core/Src/main.o
 .text.Error_Handler
                0x00000000080015a0        0xc Core/Src/main.o
                0x00000000080015a0                Error_Handler
 .text.HAL_MspInit
                0x00000000080015ac       0x64 Core/Src/stm32f1xx_hal_msp.o
                0x00000000080015ac                HAL_MspInit
 .text.HAL_ADC_MspInit
                0x0000000008001610       0x78 Core/Src/stm32f1xx_hal_msp.o
                0x0000000008001610                HAL_ADC_MspInit
 .text.NMI_Handler
                0x0000000008001688        0xc Core/Src/stm32f1xx_it.o
                0x0000000008001688                NMI_Handler
 .text.HardFault_Handler
                0x0000000008001694        0x6 Core/Src/stm32f1xx_it.o
                0x0000000008001694                HardFault_Handler
 .text.MemManage_Handler
                0x000000000800169a        0x6 Core/Src/stm32f1xx_it.o
                0x000000000800169a                MemManage_Handler
 .text.BusFault_Handler
                0x00000000080016a0        0x6 Core/Src/stm32f1xx_it.o
                0x00000000080016a0                BusFault_Handler
 .text.UsageFault_Handler
                0x00000000080016a6        0x6 Core/Src/stm32f1xx_it.o
                0x00000000080016a6                UsageFault_Handler
 .text.SVC_Handler
                0x00000000080016ac        0xc Core/Src/stm32f1xx_it.o
                0x00000000080016ac                SVC_Handler
 .text.DebugMon_Handler
                0x00000000080016b8        0xc Core/Src/stm32f1xx_it.o
                0x00000000080016b8                DebugMon_Handler
 .text.PendSV_Handler
                0x00000000080016c4        0xc Core/Src/stm32f1xx_it.o
                0x00000000080016c4                PendSV_Handler
 .text.SysTick_Handler
                0x00000000080016d0        0xc Core/Src/stm32f1xx_it.o
                0x00000000080016d0                SysTick_Handler
 .text.USB_LP_CAN1_RX0_IRQHandler
                0x00000000080016dc       0x14 Core/Src/stm32f1xx_it.o
                0x00000000080016dc                USB_LP_CAN1_RX0_IRQHandler
 .text._sbrk    0x00000000080016f0       0x58 Core/Src/sysmem.o
                0x00000000080016f0                _sbrk
 .text.SystemInit
                0x0000000008001748       0x68 Core/Src/system_stm32f1xx.o
                0x0000000008001748                SystemInit
 .text.Reset_Handler
                0x00000000080017b0       0x48 Core/Startup/startup_stm32f103cbux.o
                0x00000000080017b0                Reset_Handler
 .text.Default_Handler
                0x00000000080017f8        0x2 Core/Startup/startup_stm32f103cbux.o
                0x00000000080017f8                RTC_Alarm_IRQHandler
                0x00000000080017f8                EXTI2_IRQHandler
                0x00000000080017f8                TIM1_CC_IRQHandler
                0x00000000080017f8                PVD_IRQHandler
                0x00000000080017f8                EXTI3_IRQHandler
                0x00000000080017f8                EXTI0_IRQHandler
                0x00000000080017f8                I2C2_EV_IRQHandler
                0x00000000080017f8                ADC1_2_IRQHandler
                0x00000000080017f8                SPI1_IRQHandler
                0x00000000080017f8                TAMPER_IRQHandler
                0x00000000080017f8                DMA1_Channel4_IRQHandler
                0x00000000080017f8                USART3_IRQHandler
                0x00000000080017f8                RTC_IRQHandler
                0x00000000080017f8                DMA1_Channel7_IRQHandler
                0x00000000080017f8                CAN1_RX1_IRQHandler
                0x00000000080017f8                TIM4_IRQHandler
                0x00000000080017f8                I2C1_EV_IRQHandler
                0x00000000080017f8                DMA1_Channel6_IRQHandler
                0x00000000080017f8                TIM3_IRQHandler
                0x00000000080017f8                RCC_IRQHandler
                0x00000000080017f8                TIM1_TRG_COM_IRQHandler
                0x00000000080017f8                DMA1_Channel1_IRQHandler
                0x00000000080017f8                Default_Handler
                0x00000000080017f8                EXTI15_10_IRQHandler
                0x00000000080017f8                EXTI9_5_IRQHandler
                0x00000000080017f8                SPI2_IRQHandler
                0x00000000080017f8                DMA1_Channel5_IRQHandler
                0x00000000080017f8                EXTI4_IRQHandler
                0x00000000080017f8                USB_HP_CAN1_TX_IRQHandler
                0x00000000080017f8                DMA1_Channel3_IRQHandler
                0x00000000080017f8                TIM1_UP_IRQHandler
                0x00000000080017f8                WWDG_IRQHandler
                0x00000000080017f8                TIM2_IRQHandler
                0x00000000080017f8                TIM1_BRK_IRQHandler
                0x00000000080017f8                EXTI1_IRQHandler
                0x00000000080017f8                USART2_IRQHandler
                0x00000000080017f8                I2C2_ER_IRQHandler
                0x00000000080017f8                DMA1_Channel2_IRQHandler
                0x00000000080017f8                CAN1_SCE_IRQHandler
                0x00000000080017f8                FLASH_IRQHandler
                0x00000000080017f8                USART1_IRQHandler
                0x00000000080017f8                I2C1_ER_IRQHandler
                0x00000000080017f8                USBWakeUp_IRQHandler
 *fill*         0x00000000080017fa        0x2 
 .text.HAL_Init
                0x00000000080017fc       0x2c Drivers/STM32F1xx_HAL_Driver/Src/stm32f1xx_hal.o
                0x00000000080017fc                HAL_Init
 .text.HAL_InitTick
                0x0000000008001828       0x60 Drivers/STM32F1xx_HAL_Driver/Src/stm32f1xx_hal.o
                0x0000000008001828                HAL_InitTick
 .text.HAL_IncTick
                0x0000000008001888       0x24 Drivers/STM32F1xx_HAL_Driver/Src/stm32f1xx_hal.o
                0x0000000008001888                HAL_IncTick
 .text.HAL_GetTick
                0x00000000080018ac       0x14 Drivers/STM32F1xx_HAL_Driver/Src/stm32f1xx_hal.o
                0x00000000080018ac                HAL_GetTick
 .text.HAL_ADC_Init
                0x00000000080018c0      0x1b0 Drivers/STM32F1xx_HAL_Driver/Src/stm32f1xx_hal_adc.o
                0x00000000080018c0                HAL_ADC_Init
 .text.HAL_ADC_ConfigChannel
                0x0000000008001a70      0x1f0 Drivers/STM32F1xx_HAL_Driver/Src/stm32f1xx_hal_adc.o
                0x0000000008001a70                HAL_ADC_ConfigChannel
 .text.ADC_ConversionStop_Disable
                0x0000000008001c60       0x74 Drivers/STM32F1xx_HAL_Driver/Src/stm32f1xx_hal_adc.o
                0x0000000008001c60                ADC_ConversionStop_Disable
 .text.__NVIC_SetPriorityGrouping
                0x0000000008001cd4       0x48 Drivers/STM32F1xx_HAL_Driver/Src/stm32f1xx_hal_cortex.o
 .text.__NVIC_GetPriorityGrouping
                0x0000000008001d1c       0x1c Drivers/STM32F1xx_HAL_Driver/Src/stm32f1xx_hal_cortex.o
 .text.__NVIC_EnableIRQ
                0x0000000008001d38       0x38 Drivers/STM32F1xx_HAL_Driver/Src/stm32f1xx_hal_cortex.o
 .text.__NVIC_SetPriority
                0x0000000008001d70       0x54 Drivers/STM32F1xx_HAL_Driver/Src/stm32f1xx_hal_cortex.o
 .text.NVIC_EncodePriority
                0x0000000008001dc4       0x64 Drivers/STM32F1xx_HAL_Driver/Src/stm32f1xx_hal_cortex.o
 .text.SysTick_Config
                0x0000000008001e28       0x44 Drivers/STM32F1xx_HAL_Driver/Src/stm32f1xx_hal_cortex.o
 .text.HAL_NVIC_SetPriorityGrouping
                0x0000000008001e6c       0x16 Drivers/STM32F1xx_HAL_Driver/Src/stm32f1xx_hal_cortex.o
                0x0000000008001e6c                HAL_NVIC_SetPriorityGrouping
 .text.HAL_NVIC_SetPriority
                0x0000000008001e82       0x38 Drivers/STM32F1xx_HAL_Driver/Src/stm32f1xx_hal_cortex.o
                0x0000000008001e82                HAL_NVIC_SetPriority
 .text.HAL_NVIC_EnableIRQ
                0x0000000008001eba       0x1c Drivers/STM32F1xx_HAL_Driver/Src/stm32f1xx_hal_cortex.o
                0x0000000008001eba                HAL_NVIC_EnableIRQ
 .text.HAL_SYSTICK_Config
                0x0000000008001ed6       0x18 Drivers/STM32F1xx_HAL_Driver/Src/stm32f1xx_hal_cortex.o
                0x0000000008001ed6                HAL_SYSTICK_Config
 *fill*         0x0000000008001eee        0x2 
 .text.HAL_GPIO_Init
                0x0000000008001ef0      0x2b4 Drivers/STM32F1xx_HAL_Driver/Src/stm32f1xx_hal_gpio.o
                0x0000000008001ef0                HAL_GPIO_Init
 .text.HAL_GPIO_WritePin
                0x00000000080021a4       0x30 Drivers/STM32F1xx_HAL_Driver/Src/stm32f1xx_hal_gpio.o
                0x00000000080021a4                HAL_GPIO_WritePin
 .text.HAL_PCD_Init
                0x00000000080021d4      0x1c2 Drivers/STM32F1xx_HAL_Driver/Src/stm32f1xx_hal_pcd.o
                0x00000000080021d4                HAL_PCD_Init
 .text.HAL_PCD_Start
                0x0000000008002396       0x4c Drivers/STM32F1xx_HAL_Driver/Src/stm32f1xx_hal_pcd.o
                0x0000000008002396                HAL_PCD_Start
 .text.HAL_PCD_IRQHandler
                0x00000000080023e2      0x21c Drivers/STM32F1xx_HAL_Driver/Src/stm32f1xx_hal_pcd.o
                0x00000000080023e2                HAL_PCD_IRQHandler
 .text.HAL_PCD_SetAddress
                0x00000000080025fe       0x4a Drivers/STM32F1xx_HAL_Driver/Src/stm32f1xx_hal_pcd.o
                0x00000000080025fe                HAL_PCD_SetAddress
 .text.HAL_PCD_EP_Open
                0x0000000008002648       0xc0 Drivers/STM32F1xx_HAL_Driver/Src/stm32f1xx_hal_pcd.o
                0x0000000008002648                HAL_PCD_EP_Open
 .text.HAL_PCD_EP_Close
                0x0000000008002708       0x84 Drivers/STM32F1xx_HAL_Driver/Src/stm32f1xx_hal_pcd.o
                0x0000000008002708                HAL_PCD_EP_Close
 .text.HAL_PCD_EP_Receive
                0x000000000800278c       0x74 Drivers/STM32F1xx_HAL_Driver/Src/stm32f1xx_hal_pcd.o
                0x000000000800278c                HAL_PCD_EP_Receive
 .text.HAL_PCD_EP_GetRxCount
                0x0000000008002800       0x28 Drivers/STM32F1xx_HAL_Driver/Src/stm32f1xx_hal_pcd.o
                0x0000000008002800                HAL_PCD_EP_GetRxCount
 .text.HAL_PCD_EP_Transmit
                0x0000000008002828       0x72 Drivers/STM32F1xx_HAL_Driver/Src/stm32f1xx_hal_pcd.o
                0x0000000008002828                HAL_PCD_EP_Transmit
 .text.HAL_PCD_EP_SetStall
                0x000000000800289a       0xb4 Drivers/STM32F1xx_HAL_Driver/Src/stm32f1xx_hal_pcd.o
                0x000000000800289a                HAL_PCD_EP_SetStall
 .text.HAL_PCD_EP_ClrStall
                0x000000000800294e       0x9c Drivers/STM32F1xx_HAL_Driver/Src/stm32f1xx_hal_pcd.o
                0x000000000800294e                HAL_PCD_EP_ClrStall
 *fill*         0x00000000080029ea        0x2 
 .text.PCD_EP_ISR_Handler
                0x00000000080029ec      0x534 Drivers/STM32F1xx_HAL_Driver/Src/stm32f1xx_hal_pcd.o
 .text.HAL_PCDEx_PMAConfig
                0x0000000008002f20       0x78 Drivers/STM32F1xx_HAL_Driver/Src/stm32f1xx_hal_pcd_ex.o
                0x0000000008002f20                HAL_PCDEx_PMAConfig
 .text.HAL_RCC_OscConfig
                0x0000000008002f98      0x500 Drivers/STM32F1xx_HAL_Driver/Src/stm32f1xx_hal_rcc.o
                0x0000000008002f98                HAL_RCC_OscConfig
 .text.HAL_RCC_ClockConfig
                0x0000000008003498      0x1d4 Drivers/STM32F1xx_HAL_Driver/Src/stm32f1xx_hal_rcc.o
                0x0000000008003498                HAL_RCC_ClockConfig
 .text.HAL_RCC_GetSysClockFreq
                0x000000000800366c       0xc4 Drivers/STM32F1xx_HAL_Driver/Src/stm32f1xx_hal_rcc.o
                0x000000000800366c                HAL_RCC_GetSysClockFreq
 .text.RCC_Delay
                0x0000000008003730       0x3c Drivers/STM32F1xx_HAL_Driver/Src/stm32f1xx_hal_rcc.o
 .text.HAL_RCCEx_PeriphCLKConfig
                0x000000000800376c      0x16c Drivers/STM32F1xx_HAL_Driver/Src/stm32f1xx_hal_rcc_ex.o
                0x000000000800376c                HAL_RCCEx_PeriphCLKConfig
 .text.USB_CoreInit
                0x00000000080038d8       0x20 Drivers/STM32F1xx_HAL_Driver/Src/stm32f1xx_ll_usb.o
                0x00000000080038d8                USB_CoreInit
 .text.USB_EnableGlobalInt
                0x00000000080038f8       0x2e Drivers/STM32F1xx_HAL_Driver/Src/stm32f1xx_ll_usb.o
                0x00000000080038f8                USB_EnableGlobalInt
 .text.USB_DisableGlobalInt
                0x0000000008003926       0x38 Drivers/STM32F1xx_HAL_Driver/Src/stm32f1xx_ll_usb.o
                0x0000000008003926                USB_DisableGlobalInt
 .text.USB_SetCurrentMode
                0x000000000800395e       0x18 Drivers/STM32F1xx_HAL_Driver/Src/stm32f1xx_ll_usb.o
                0x000000000800395e                USB_SetCurrentMode
 .text.USB_DevInit
                0x0000000008003976       0x48 Drivers/STM32F1xx_HAL_Driver/Src/stm32f1xx_ll_usb.o
                0x0000000008003976                USB_DevInit
 *fill*         0x00000000080039be        0x2 
 .text.USB_ActivateEndpoint
                0x00000000080039c0      0x5dc Drivers/STM32F1xx_HAL_Driver/Src/stm32f1xx_ll_usb.o
                0x00000000080039c0                USB_ActivateEndpoint
 .text.USB_DeactivateEndpoint
                0x0000000008003f9c      0x32c Drivers/STM32F1xx_HAL_Driver/Src/stm32f1xx_ll_usb.o
                0x0000000008003f9c                USB_DeactivateEndpoint
 .text.USB_EPStartXfer
                0x00000000080042c8      0x570 Drivers/STM32F1xx_HAL_Driver/Src/stm32f1xx_ll_usb.o
                0x00000000080042c8                USB_EPStartXfer
 .text.USB_EPSetStall
                0x0000000008004838       0x84 Drivers/STM32F1xx_HAL_Driver/Src/stm32f1xx_ll_usb.o
                0x0000000008004838                USB_EPSetStall
 .text.USB_EPClearStall
                0x00000000080048bc      0x128 Drivers/STM32F1xx_HAL_Driver/Src/stm32f1xx_ll_usb.o
                0x00000000080048bc                USB_EPClearStall
 .text.USB_SetDevAddress
                0x00000000080049e4       0x26 Drivers/STM32F1xx_HAL_Driver/Src/stm32f1xx_ll_usb.o
                0x00000000080049e4                USB_SetDevAddress
 .text.USB_DevConnect
                0x0000000008004a0a       0x14 Drivers/STM32F1xx_HAL_Driver/Src/stm32f1xx_ll_usb.o
                0x0000000008004a0a                USB_DevConnect
 .text.USB_DevDisconnect
                0x0000000008004a1e       0x14 Drivers/STM32F1xx_HAL_Driver/Src/stm32f1xx_ll_usb.o
                0x0000000008004a1e                USB_DevDisconnect
 .text.USB_ReadInterrupts
                0x0000000008004a32       0x1e Drivers/STM32F1xx_HAL_Driver/Src/stm32f1xx_ll_usb.o
                0x0000000008004a32                USB_ReadInterrupts
 .text.USB_EP0_OutStart
                0x0000000008004a50       0x16 Drivers/STM32F1xx_HAL_Driver/Src/stm32f1xx_ll_usb.o
                0x0000000008004a50                USB_EP0_OutStart
 .text.USB_WritePMA
                0x0000000008004a66       0x88 Drivers/STM32F1xx_HAL_Driver/Src/stm32f1xx_ll_usb.o
                0x0000000008004a66                USB_WritePMA
 .text.USB_ReadPMA
                0x0000000008004aee       0x9e Drivers/STM32F1xx_HAL_Driver/Src/stm32f1xx_ll_usb.o
                0x0000000008004aee                USB_ReadPMA
 .text.USBD_CDC_Init
                0x0000000008004b8c       0xf4 Middlewares/ST/STM32_USB_Device_Library/Class/CDC/Src/usbd_cdc.o
 .text.USBD_CDC_DeInit
                0x0000000008004c80       0x6e Middlewares/ST/STM32_USB_Device_Library/Class/CDC/Src/usbd_cdc.o
 .text.USBD_CDC_Setup
                0x0000000008004cee      0x140 Middlewares/ST/STM32_USB_Device_Library/Class/CDC/Src/usbd_cdc.o
 .text.USBD_CDC_DataIn
                0x0000000008004e2e       0xa0 Middlewares/ST/STM32_USB_Device_Library/Class/CDC/Src/usbd_cdc.o
 .text.USBD_CDC_DataOut
                0x0000000008004ece       0x56 Middlewares/ST/STM32_USB_Device_Library/Class/CDC/Src/usbd_cdc.o
 .text.USBD_CDC_EP0_RxReady
                0x0000000008004f24       0x50 Middlewares/ST/STM32_USB_Device_Library/Class/CDC/Src/usbd_cdc.o
 .text.USBD_CDC_GetFSCfgDesc
                0x0000000008004f74       0x20 Middlewares/ST/STM32_USB_Device_Library/Class/CDC/Src/usbd_cdc.o
 .text.USBD_CDC_GetHSCfgDesc
                0x0000000008004f94       0x20 Middlewares/ST/STM32_USB_Device_Library/Class/CDC/Src/usbd_cdc.o
 .text.USBD_CDC_GetOtherSpeedCfgDesc
                0x0000000008004fb4       0x20 Middlewares/ST/STM32_USB_Device_Library/Class/CDC/Src/usbd_cdc.o
 .text.USBD_CDC_GetDeviceQualifierDescriptor
                0x0000000008004fd4       0x20 Middlewares/ST/STM32_USB_Device_Library/Class/CDC/Src/usbd_cdc.o
                0x0000000008004fd4                USBD_CDC_GetDeviceQualifierDescriptor
 .text.USBD_CDC_RegisterInterface
                0x0000000008004ff4       0x2c Middlewares/ST/STM32_USB_Device_Library/Class/CDC/Src/usbd_cdc.o
                0x0000000008004ff4                USBD_CDC_RegisterInterface
 .text.USBD_CDC_SetTxBuffer
                0x0000000008005020       0x32 Middlewares/ST/STM32_USB_Device_Library/Class/CDC/Src/usbd_cdc.o
                0x0000000008005020                USBD_CDC_SetTxBuffer
 .text.USBD_CDC_SetRxBuffer
                0x0000000008005052       0x26 Middlewares/ST/STM32_USB_Device_Library/Class/CDC/Src/usbd_cdc.o
                0x0000000008005052                USBD_CDC_SetRxBuffer
 .text.USBD_CDC_TransmitPacket
                0x0000000008005078       0x5e Middlewares/ST/STM32_USB_Device_Library/Class/CDC/Src/usbd_cdc.o
                0x0000000008005078                USBD_CDC_TransmitPacket
 .text.USBD_CDC_ReceivePacket
                0x00000000080050d6       0x54 Middlewares/ST/STM32_USB_Device_Library/Class/CDC/Src/usbd_cdc.o
                0x00000000080050d6                USBD_CDC_ReceivePacket
 .text.USBD_Init
                0x000000000800512a       0x56 Middlewares/ST/STM32_USB_Device_Library/Core/Src/usbd_core.o
                0x000000000800512a                USBD_Init
 .text.USBD_RegisterClass
                0x0000000008005180       0x32 Middlewares/ST/STM32_USB_Device_Library/Core/Src/usbd_core.o
                0x0000000008005180                USBD_RegisterClass
 .text.USBD_Start
                0x00000000080051b2       0x18 Middlewares/ST/STM32_USB_Device_Library/Core/Src/usbd_core.o
                0x00000000080051b2                USBD_Start
 .text.USBD_RunTestMode
                0x00000000080051ca       0x14 Middlewares/ST/STM32_USB_Device_Library/Core/Src/usbd_core.o
                0x00000000080051ca                USBD_RunTestMode
 .text.USBD_SetClassConfig
                0x00000000080051de       0x3e Middlewares/ST/STM32_USB_Device_Library/Core/Src/usbd_core.o
                0x00000000080051de                USBD_SetClassConfig
 .text.USBD_ClrClassConfig
                0x000000000800521c       0x26 Middlewares/ST/STM32_USB_Device_Library/Core/Src/usbd_core.o
                0x000000000800521c                USBD_ClrClassConfig
 .text.USBD_LL_SetupStage
                0x0000000008005242       0x96 Middlewares/ST/STM32_USB_Device_Library/Core/Src/usbd_core.o
                0x0000000008005242                USBD_LL_SetupStage
 .text.USBD_LL_DataOutStage
                0x00000000080052d8       0xe2 Middlewares/ST/STM32_USB_Device_Library/Core/Src/usbd_core.o
                0x00000000080052d8                USBD_LL_DataOutStage
 .text.USBD_LL_DataInStage
                0x00000000080053ba      0x14a Middlewares/ST/STM32_USB_Device_Library/Core/Src/usbd_core.o
                0x00000000080053ba                USBD_LL_DataInStage
 .text.USBD_LL_Reset
                0x0000000008005504       0x82 Middlewares/ST/STM32_USB_Device_Library/Core/Src/usbd_core.o
                0x0000000008005504                USBD_LL_Reset
 .text.USBD_LL_SetSpeed
                0x0000000008005586       0x1e Middlewares/ST/STM32_USB_Device_Library/Core/Src/usbd_core.o
                0x0000000008005586                USBD_LL_SetSpeed
 .text.USBD_LL_Suspend
                0x00000000080055a4       0x28 Middlewares/ST/STM32_USB_Device_Library/Core/Src/usbd_core.o
                0x00000000080055a4                USBD_LL_Suspend
 .text.USBD_LL_Resume
                0x00000000080055cc       0x2a Middlewares/ST/STM32_USB_Device_Library/Core/Src/usbd_core.o
                0x00000000080055cc                USBD_LL_Resume
 .text.USBD_LL_SOF
                0x00000000080055f6       0x34 Middlewares/ST/STM32_USB_Device_Library/Core/Src/usbd_core.o
                0x00000000080055f6                USBD_LL_SOF
 *fill*         0x000000000800562a        0x2 
 .text.USBD_StdDevReq
                0x000000000800562c       0xd4 Middlewares/ST/STM32_USB_Device_Library/Core/Src/usbd_ctlreq.o
                0x000000000800562c                USBD_StdDevReq
 .text.USBD_StdItfReq
                0x0000000008005700       0x8c Middlewares/ST/STM32_USB_Device_Library/Core/Src/usbd_ctlreq.o
                0x0000000008005700                USBD_StdItfReq
 .text.USBD_StdEPReq
                0x000000000800578c      0x2ba Middlewares/ST/STM32_USB_Device_Library/Core/Src/usbd_ctlreq.o
                0x000000000800578c                USBD_StdEPReq
 *fill*         0x0000000008005a46        0x2 
 .text.USBD_GetDescriptor
                0x0000000008005a48      0x2d0 Middlewares/ST/STM32_USB_Device_Library/Core/Src/usbd_ctlreq.o
 .text.USBD_SetAddress
                0x0000000008005d18       0x84 Middlewares/ST/STM32_USB_Device_Library/Core/Src/usbd_ctlreq.o
 .text.USBD_SetConfig
                0x0000000008005d9c      0x11c Middlewares/ST/STM32_USB_Device_Library/Core/Src/usbd_ctlreq.o
 .text.USBD_GetConfig
                0x0000000008005eb8       0x68 Middlewares/ST/STM32_USB_Device_Library/Core/Src/usbd_ctlreq.o
 .text.USBD_GetStatus
                0x0000000008005f20       0x66 Middlewares/ST/STM32_USB_Device_Library/Core/Src/usbd_ctlreq.o
 .text.USBD_SetFeature
                0x0000000008005f86       0x28 Middlewares/ST/STM32_USB_Device_Library/Core/Src/usbd_ctlreq.o
 .text.USBD_ClrFeature
                0x0000000008005fae       0x42 Middlewares/ST/STM32_USB_Device_Library/Core/Src/usbd_ctlreq.o
 .text.USBD_ParseSetupRequest
                0x0000000008005ff0       0x78 Middlewares/ST/STM32_USB_Device_Library/Core/Src/usbd_ctlreq.o
                0x0000000008005ff0                USBD_ParseSetupRequest
 .text.USBD_CtlError
                0x0000000008006068       0x22 Middlewares/ST/STM32_USB_Device_Library/Core/Src/usbd_ctlreq.o
                0x0000000008006068                USBD_CtlError
 .text.USBD_GetString
                0x000000000800608a       0x84 Middlewares/ST/STM32_USB_Device_Library/Core/Src/usbd_ctlreq.o
                0x000000000800608a                USBD_GetString
 .text.USBD_GetLen
                0x000000000800610e       0x2e Middlewares/ST/STM32_USB_Device_Library/Core/Src/usbd_ctlreq.o
 .text.USBD_CtlSendData
                0x000000000800613c       0x38 Middlewares/ST/STM32_USB_Device_Library/Core/Src/usbd_ioreq.o
                0x000000000800613c                USBD_CtlSendData
 .text.USBD_CtlContinueSendData
                0x0000000008006174       0x24 Middlewares/ST/STM32_USB_Device_Library/Core/Src/usbd_ioreq.o
                0x0000000008006174                USBD_CtlContinueSendData
 .text.USBD_CtlPrepareRx
                0x0000000008006198       0x3c Middlewares/ST/STM32_USB_Device_Library/Core/Src/usbd_ioreq.o
                0x0000000008006198                USBD_CtlPrepareRx
 .text.USBD_CtlContinueRx
                0x00000000080061d4       0x24 Middlewares/ST/STM32_USB_Device_Library/Core/Src/usbd_ioreq.o
                0x00000000080061d4                USBD_CtlContinueRx
 .text.USBD_CtlSendStatus
                0x00000000080061f8       0x26 Middlewares/ST/STM32_USB_Device_Library/Core/Src/usbd_ioreq.o
                0x00000000080061f8                USBD_CtlSendStatus
 .text.USBD_CtlReceiveStatus
                0x000000000800621e       0x26 Middlewares/ST/STM32_USB_Device_Library/Core/Src/usbd_ioreq.o
                0x000000000800621e                USBD_CtlReceiveStatus
 .text.MX_USB_DEVICE_Init
                0x0000000008006244       0x60 USB_DEVICE/App/usb_device.o
                0x0000000008006244                MX_USB_DEVICE_Init
 .text.CDC_Init_FS
                0x00000000080062a4       0x28 USB_DEVICE/App/usbd_cdc_if.o
 .text.CDC_DeInit_FS
                0x00000000080062cc        0xe USB_DEVICE/App/usbd_cdc_if.o
 *fill*         0x00000000080062da        0x2 
 .text.CDC_Control_FS
                0x00000000080062dc       0xbc USB_DEVICE/App/usbd_cdc_if.o
 .text.CDC_Receive_FS
                0x0000000008006398       0x28 USB_DEVICE/App/usbd_cdc_if.o
 .text.CDC_Transmit_FS
                0x00000000080063c0       0x4c USB_DEVICE/App/usbd_cdc_if.o
                0x00000000080063c0                CDC_Transmit_FS
 .text.USBD_FS_DeviceDescriptor
                0x000000000800640c       0x24 USB_DEVICE/App/usbd_desc.o
                0x000000000800640c                USBD_FS_DeviceDescriptor
 .text.USBD_FS_LangIDStrDescriptor
                0x0000000008006430       0x24 USB_DEVICE/App/usbd_desc.o
                0x0000000008006430                USBD_FS_LangIDStrDescriptor
 .text.USBD_FS_ProductStrDescriptor
                0x0000000008006454       0x3c USB_DEVICE/App/usbd_desc.o
                0x0000000008006454                USBD_FS_ProductStrDescriptor
 .text.USBD_FS_ManufacturerStrDescriptor
                0x0000000008006490       0x28 USB_DEVICE/App/usbd_desc.o
                0x0000000008006490                USBD_FS_ManufacturerStrDescriptor
 .text.USBD_FS_SerialStrDescriptor
                0x00000000080064b8       0x24 USB_DEVICE/App/usbd_desc.o
                0x00000000080064b8                USBD_FS_SerialStrDescriptor
 .text.USBD_FS_ConfigStrDescriptor
                0x00000000080064dc       0x3c USB_DEVICE/App/usbd_desc.o
                0x00000000080064dc                USBD_FS_ConfigStrDescriptor
 .text.USBD_FS_InterfaceStrDescriptor
                0x0000000008006518       0x3c USB_DEVICE/App/usbd_desc.o
                0x0000000008006518                USBD_FS_InterfaceStrDescriptor
 .text.Get_SerialNum
                0x0000000008006554       0x58 USB_DEVICE/App/usbd_desc.o
 .text.IntToUnicode
                0x00000000080065ac       0x7a USB_DEVICE/App/usbd_desc.o
 *fill*         0x0000000008006626        0x2 
 .text.HAL_PCD_MspInit
                0x0000000008006628       0x4c USB_DEVICE/Target/usbd_conf.o
                0x0000000008006628                HAL_PCD_MspInit
 .text.HAL_PCD_SetupStageCallback
                0x0000000008006674       0x24 USB_DEVICE/Target/usbd_conf.o
                0x0000000008006674                HAL_PCD_SetupStageCallback
 .text.HAL_PCD_DataOutStageCallback
                0x0000000008006698       0x30 USB_DEVICE/Target/usbd_conf.o
                0x0000000008006698                HAL_PCD_DataOutStageCallback
 .text.HAL_PCD_DataInStageCallback
                0x00000000080066c8       0x2e USB_DEVICE/Target/usbd_conf.o
                0x00000000080066c8                HAL_PCD_DataInStageCallback
 .text.HAL_PCD_SOFCallback
                0x00000000080066f6       0x1c USB_DEVICE/Target/usbd_conf.o
                0x00000000080066f6                HAL_PCD_SOFCallback
 .text.HAL_PCD_ResetCallback
                0x0000000008006712       0x3c USB_DEVICE/Target/usbd_conf.o
                0x0000000008006712                HAL_PCD_ResetCallback
 *fill*         0x000000000800674e        0x2 
 .text.HAL_PCD_SuspendCallback
                0x0000000008006750       0x34 USB_DEVICE/Target/usbd_conf.o
                0x0000000008006750                HAL_PCD_SuspendCallback
 .text.HAL_PCD_ResumeCallback
                0x0000000008006784       0x1c USB_DEVICE/Target/usbd_conf.o
                0x0000000008006784                HAL_PCD_ResumeCallback
 .text.USBD_LL_Init
                0x00000000080067a0       0xb4 USB_DEVICE/Target/usbd_conf.o
                0x00000000080067a0                USBD_LL_Init
 .text.USBD_LL_Start
                0x0000000008006854       0x36 USB_DEVICE/Target/usbd_conf.o
                0x0000000008006854                USBD_LL_Start
 .text.USBD_LL_OpenEP
                0x000000000800688a       0x4c USB_DEVICE/Target/usbd_conf.o
                0x000000000800688a                USBD_LL_OpenEP
 .text.USBD_LL_CloseEP
                0x00000000080068d6       0x3e USB_DEVICE/Target/usbd_conf.o
                0x00000000080068d6                USBD_LL_CloseEP
 .text.USBD_LL_StallEP
                0x0000000008006914       0x3e USB_DEVICE/Target/usbd_conf.o
                0x0000000008006914                USBD_LL_StallEP
 .text.USBD_LL_ClearStallEP
                0x0000000008006952       0x3e USB_DEVICE/Target/usbd_conf.o
                0x0000000008006952                USBD_LL_ClearStallEP
 .text.USBD_LL_IsStallEP
                0x0000000008006990       0x4a USB_DEVICE/Target/usbd_conf.o
                0x0000000008006990                USBD_LL_IsStallEP
 .text.USBD_LL_SetUSBAddress
                0x00000000080069da       0x3e USB_DEVICE/Target/usbd_conf.o
                0x00000000080069da                USBD_LL_SetUSBAddress
 .text.USBD_LL_Transmit
                0x0000000008006a18       0x46 USB_DEVICE/Target/usbd_conf.o
                0x0000000008006a18                USBD_LL_Transmit
 .text.USBD_LL_PrepareReceive
                0x0000000008006a5e       0x46 USB_DEVICE/Target/usbd_conf.o
                0x0000000008006a5e                USBD_LL_PrepareReceive
 .text.USBD_LL_GetRxDataSize
                0x0000000008006aa4       0x26 USB_DEVICE/Target/usbd_conf.o
                0x0000000008006aa4                USBD_LL_GetRxDataSize
 *fill*         0x0000000008006aca        0x2 
 .text.USBD_static_malloc
                0x0000000008006acc       0x18 USB_DEVICE/Target/usbd_conf.o
                0x0000000008006acc                USBD_static_malloc
 .text.USBD_static_free
                0x0000000008006ae4       0x12 USB_DEVICE/Target/usbd_conf.o
                0x0000000008006ae4                USBD_static_free
 .text.HAL_PCDEx_SetConnectionState
                0x0000000008006af6       0x16 USB_DEVICE/Target/usbd_conf.o
                0x0000000008006af6                HAL_PCDEx_SetConnectionState
 .text.USBD_Get_USB_Status
                0x0000000008006b0c       0x58 USB_DEVICE/Target/usbd_conf.o
 .text.cdcacm_get_config
                0x0000000008006b64       0x14 platforms/common/cdcacm.o
                0x0000000008006b64                cdcacm_get_config
 .text.cdcacm_get_dtr
                0x0000000008006b78       0x14 platforms/common/cdcacm.o
                0x0000000008006b78                cdcacm_get_dtr
 .text.__errno  0x0000000008006b8c        0xc /opt/st/stm32cubeide_1.3.0/plugins/com.st.stm32cube.ide.mcu.externaltools.gnu-tools-for-stm32.7-2018-q2-update.linux64_1.0.0.201904181610/tools/bin/../lib/gcc/arm-none-eabi/7.3.1/../../../../arm-none-eabi/lib/thumb/v7-m/libc_nano.a(lib_a-errno.o)
                0x0000000008006b8c                __errno
 .text.__libc_init_array
                0x0000000008006b98       0x48 /opt/st/stm32cubeide_1.3.0/plugins/com.st.stm32cube.ide.mcu.externaltools.gnu-tools-for-stm32.7-2018-q2-update.linux64_1.0.0.201904181610/tools/bin/../lib/gcc/arm-none-eabi/7.3.1/../../../../arm-none-eabi/lib/thumb/v7-m/libc_nano.a(lib_a-init.o)
                0x0000000008006b98                __libc_init_array
 .text.free     0x0000000008006be0       0x10 /opt/st/stm32cubeide_1.3.0/plugins/com.st.stm32cube.ide.mcu.externaltools.gnu-tools-for-stm32.7-2018-q2-update.linux64_1.0.0.201904181610/tools/bin/../lib/gcc/arm-none-eabi/7.3.1/../../../../arm-none-eabi/lib/thumb/v7-m/libc_nano.a(lib_a-malloc.o)
                0x0000000008006be0                free
 .text.memset   0x0000000008006bf0       0x10 /opt/st/stm32cubeide_1.3.0/plugins/com.st.stm32cube.ide.mcu.externaltools.gnu-tools-for-stm32.7-2018-q2-update.linux64_1.0.0.201904181610/tools/bin/../lib/gcc/arm-none-eabi/7.3.1/../../../../arm-none-eabi/lib/thumb/v7-m/libc_nano.a(lib_a-memset.o)
                0x0000000008006bf0                memset
 .text._free_r  0x0000000008006c00       0x98 /opt/st/stm32cubeide_1.3.0/plugins/com.st.stm32cube.ide.mcu.externaltools.gnu-tools-for-stm32.7-2018-q2-update.linux64_1.0.0.201904181610/tools/bin/../lib/gcc/arm-none-eabi/7.3.1/../../../../arm-none-eabi/lib/thumb/v7-m/libc_nano.a(lib_a-nano-freer.o)
                0x0000000008006c00                _free_r
 .text._malloc_r
                0x0000000008006c98       0xb4 /opt/st/stm32cubeide_1.3.0/plugins/com.st.stm32cube.ide.mcu.externaltools.gnu-tools-for-stm32.7-2018-q2-update.linux64_1.0.0.201904181610/tools/bin/../lib/gcc/arm-none-eabi/7.3.1/../../../../arm-none-eabi/lib/thumb/v7-m/libc_nano.a(lib_a-nano-mallocr.o)
                0x0000000008006c98                _malloc_r
 .text._sbrk_r  0x0000000008006d4c       0x20 /opt/st/stm32cubeide_1.3.0/plugins/com.st.stm32cube.ide.mcu.externaltools.gnu-tools-for-stm32.7-2018-q2-update.linux64_1.0.0.201904181610/tools/bin/../lib/gcc/arm-none-eabi/7.3.1/../../../../arm-none-eabi/lib/thumb/v7-m/libc_nano.a(lib_a-sbrkr.o)
                0x0000000008006d4c                _sbrk_r
 .text.snprintf
                0x0000000008006d6c       0x68 /opt/st/stm32cubeide_1.3.0/plugins/com.st.stm32cube.ide.mcu.externaltools.gnu-tools-for-stm32.7-2018-q2-update.linux64_1.0.0.201904181610/tools/bin/../lib/gcc/arm-none-eabi/7.3.1/../../../../arm-none-eabi/lib/thumb/v7-m/libc_nano.a(lib_a-snprintf.o)
                0x0000000008006d6c                snprintf
                0x0000000008006d6c                sniprintf
 .text.sscanf   0x0000000008006dd4       0x54 /opt/st/stm32cubeide_1.3.0/plugins/com.st.stm32cube.ide.mcu.externaltools.gnu-tools-for-stm32.7-2018-q2-update.linux64_1.0.0.201904181610/tools/bin/../lib/gcc/arm-none-eabi/7.3.1/../../../../arm-none-eabi/lib/thumb/v7-m/libc_nano.a(lib_a-sscanf.o)
                0x0000000008006dd4                sscanf
                0x0000000008006dd4                siscanf
 .text.__seofread
                0x0000000008006e28        0x4 /opt/st/stm32cubeide_1.3.0/plugins/com.st.stm32cube.ide.mcu.externaltools.gnu-tools-for-stm32.7-2018-q2-update.linux64_1.0.0.201904181610/tools/bin/../lib/gcc/arm-none-eabi/7.3.1/../../../../arm-none-eabi/lib/thumb/v7-m/libc_nano.a(lib_a-stdio.o)
                0x0000000008006e28                __seofread
 .text.strncmp  0x0000000008006e2c       0x24 /opt/st/stm32cubeide_1.3.0/plugins/com.st.stm32cube.ide.mcu.externaltools.gnu-tools-for-stm32.7-2018-q2-update.linux64_1.0.0.201904181610/tools/bin/../lib/gcc/arm-none-eabi/7.3.1/../../../../arm-none-eabi/lib/thumb/v7-m/libc_nano.a(lib_a-strncmp.o)
                0x0000000008006e2c                strncmp
 .text.strncpy  0x0000000008006e50       0x2a /opt/st/stm32cubeide_1.3.0/plugins/com.st.stm32cube.ide.mcu.externaltools.gnu-tools-for-stm32.7-2018-q2-update.linux64_1.0.0.201904181610/tools/bin/../lib/gcc/arm-none-eabi/7.3.1/../../../../arm-none-eabi/lib/thumb/v7-m/libc_nano.a(lib_a-strncpy.o)
                0x0000000008006e50                strncpy
 .text._strtol_l.isra.0
                0x0000000008006e7a       0xf6 /opt/st/stm32cubeide_1.3.0/plugins/com.st.stm32cube.ide.mcu.externaltools.gnu-tools-for-stm32.7-2018-q2-update.linux64_1.0.0.201904181610/tools/bin/../lib/gcc/arm-none-eabi/7.3.1/../../../../arm-none-eabi/lib/thumb/v7-m/libc_nano.a(lib_a-strtol.o)
 .text._strtol_r
                0x0000000008006f70       0x24 /opt/st/stm32cubeide_1.3.0/plugins/com.st.stm32cube.ide.mcu.externaltools.gnu-tools-for-stm32.7-2018-q2-update.linux64_1.0.0.201904181610/tools/bin/../lib/gcc/arm-none-eabi/7.3.1/../../../../arm-none-eabi/lib/thumb/v7-m/libc_nano.a(lib_a-strtol.o)
                0x0000000008006f70                _strtol_r
 .text.strtol   0x0000000008006f94       0x2c /opt/st/stm32cubeide_1.3.0/plugins/com.st.stm32cube.ide.mcu.externaltools.gnu-tools-for-stm32.7-2018-q2-update.linux64_1.0.0.201904181610/tools/bin/../lib/gcc/arm-none-eabi/7.3.1/../../../../arm-none-eabi/lib/thumb/v7-m/libc_nano.a(lib_a-strtol.o)
                0x0000000008006f94                strtol
 .text._vasprintf_r
                0x0000000008006fc0       0x30 /opt/st/stm32cubeide_1.3.0/plugins/com.st.stm32cube.ide.mcu.externaltools.gnu-tools-for-stm32.7-2018-q2-update.linux64_1.0.0.201904181610/tools/bin/../lib/gcc/arm-none-eabi/7.3.1/../../../../arm-none-eabi/lib/thumb/v7-m/libc_nano.a(lib_a-vasprintf.o)
                0x0000000008006fc0                _vasiprintf_r
                0x0000000008006fc0                _vasprintf_r
 .text.vasprintf
                0x0000000008006ff0       0x14 /opt/st/stm32cubeide_1.3.0/plugins/com.st.stm32cube.ide.mcu.externaltools.gnu-tools-for-stm32.7-2018-q2-update.linux64_1.0.0.201904181610/tools/bin/../lib/gcc/arm-none-eabi/7.3.1/../../../../arm-none-eabi/lib/thumb/v7-m/libc_nano.a(lib_a-vasprintf.o)
                0x0000000008006ff0                vasiprintf
                0x0000000008006ff0                vasprintf
 .text.__locale_ctype_ptr_l
                0x0000000008007004        0x6 /opt/st/stm32cubeide_1.3.0/plugins/com.st.stm32cube.ide.mcu.externaltools.gnu-tools-for-stm32.7-2018-q2-update.linux64_1.0.0.201904181610/tools/bin/../lib/gcc/arm-none-eabi/7.3.1/../../../../arm-none-eabi/lib/thumb/v7-m/libc_nano.a(lib_a-locale.o)
                0x0000000008007004                __locale_ctype_ptr_l
 *fill*         0x000000000800700a        0x2 
 .text.__locale_ctype_ptr
                0x000000000800700c       0x1c /opt/st/stm32cubeide_1.3.0/plugins/com.st.stm32cube.ide.mcu.externaltools.gnu-tools-for-stm32.7-2018-q2-update.linux64_1.0.0.201904181610/tools/bin/../lib/gcc/arm-none-eabi/7.3.1/../../../../arm-none-eabi/lib/thumb/v7-m/libc_nano.a(lib_a-locale.o)
                0x000000000800700c                __locale_ctype_ptr
 .text.__ascii_mbtowc
                0x0000000008007028       0x24 /opt/st/stm32cubeide_1.3.0/plugins/com.st.stm32cube.ide.mcu.externaltools.gnu-tools-for-stm32.7-2018-q2-update.linux64_1.0.0.201904181610/tools/bin/../lib/gcc/arm-none-eabi/7.3.1/../../../../arm-none-eabi/lib/thumb/v7-m/libc_nano.a(lib_a-mbtowc_r.o)
                0x0000000008007028                __ascii_mbtowc
 .text.__malloc_lock
                0x000000000800704c        0x2 /opt/st/stm32cubeide_1.3.0/plugins/com.st.stm32cube.ide.mcu.externaltools.gnu-tools-for-stm32.7-2018-q2-update.linux64_1.0.0.201904181610/tools/bin/../lib/gcc/arm-none-eabi/7.3.1/../../../../arm-none-eabi/lib/thumb/v7-m/libc_nano.a(lib_a-mlock.o)
                0x000000000800704c                __malloc_lock
 .text.__malloc_unlock
                0x000000000800704e        0x2 /opt/st/stm32cubeide_1.3.0/plugins/com.st.stm32cube.ide.mcu.externaltools.gnu-tools-for-stm32.7-2018-q2-update.linux64_1.0.0.201904181610/tools/bin/../lib/gcc/arm-none-eabi/7.3.1/../../../../arm-none-eabi/lib/thumb/v7-m/libc_nano.a(lib_a-mlock.o)
                0x000000000800704e                __malloc_unlock
 .text.__ssputs_r
                0x0000000008007050       0xb4 /opt/st/stm32cubeide_1.3.0/plugins/com.st.stm32cube.ide.mcu.externaltools.gnu-tools-for-stm32.7-2018-q2-update.linux64_1.0.0.201904181610/tools/bin/../lib/gcc/arm-none-eabi/7.3.1/../../../../arm-none-eabi/lib/thumb/v7-m/libc_nano.a(lib_a-nano-svfprintf.o)
                0x0000000008007050                __ssputs_r
 .text._svfprintf_r
                0x0000000008007104      0x1f0 /opt/st/stm32cubeide_1.3.0/plugins/com.st.stm32cube.ide.mcu.externaltools.gnu-tools-for-stm32.7-2018-q2-update.linux64_1.0.0.201904181610/tools/bin/../lib/gcc/arm-none-eabi/7.3.1/../../../../arm-none-eabi/lib/thumb/v7-m/libc_nano.a(lib_a-nano-svfprintf.o)
                0x0000000008007104                _svfprintf_r
                0x0000000008007104                _svfiprintf_r
 .text._sungetc_r
                0x00000000080072f4       0x7a /opt/st/stm32cubeide_1.3.0/plugins/com.st.stm32cube.ide.mcu.externaltools.gnu-tools-for-stm32.7-2018-q2-update.linux64_1.0.0.201904181610/tools/bin/../lib/gcc/arm-none-eabi/7.3.1/../../../../arm-none-eabi/lib/thumb/v7-m/libc_nano.a(lib_a-nano-svfscanf.o)
                0x00000000080072f4                _sungetc_r
 .text.__ssrefill_r
                0x000000000800736e       0x3a /opt/st/stm32cubeide_1.3.0/plugins/com.st.stm32cube.ide.mcu.externaltools.gnu-tools-for-stm32.7-2018-q2-update.linux64_1.0.0.201904181610/tools/bin/../lib/gcc/arm-none-eabi/7.3.1/../../../../arm-none-eabi/lib/thumb/v7-m/libc_nano.a(lib_a-nano-svfscanf.o)
                0x000000000800736e                __ssrefill_r
 .text.__ssvfscanf_r
                0x00000000080073a8      0x2a0 /opt/st/stm32cubeide_1.3.0/plugins/com.st.stm32cube.ide.mcu.externaltools.gnu-tools-for-stm32.7-2018-q2-update.linux64_1.0.0.201904181610/tools/bin/../lib/gcc/arm-none-eabi/7.3.1/../../../../arm-none-eabi/lib/thumb/v7-m/libc_nano.a(lib_a-nano-svfscanf.o)
                0x00000000080073a8                __ssvfscanf_r
                0x00000000080073a8                __ssvfiscanf_r
 .text._printf_common
                0x0000000008007648       0xec /opt/st/stm32cubeide_1.3.0/plugins/com.st.stm32cube.ide.mcu.externaltools.gnu-tools-for-stm32.7-2018-q2-update.linux64_1.0.0.201904181610/tools/bin/../lib/gcc/arm-none-eabi/7.3.1/../../../../arm-none-eabi/lib/thumb/v7-m/libc_nano.a(lib_a-nano-vfprintf_i.o)
                0x0000000008007648                _printf_common
 .text._printf_i
                0x0000000008007734      0x224 /opt/st/stm32cubeide_1.3.0/plugins/com.st.stm32cube.ide.mcu.externaltools.gnu-tools-for-stm32.7-2018-q2-update.linux64_1.0.0.201904181610/tools/bin/../lib/gcc/arm-none-eabi/7.3.1/../../../../arm-none-eabi/lib/thumb/v7-m/libc_nano.a(lib_a-nano-vfprintf_i.o)
                0x0000000008007734                _printf_i
 .text._scanf_chars
                0x0000000008007958       0xc4 /opt/st/stm32cubeide_1.3.0/plugins/com.st.stm32cube.ide.mcu.externaltools.gnu-tools-for-stm32.7-2018-q2-update.linux64_1.0.0.201904181610/tools/bin/../lib/gcc/arm-none-eabi/7.3.1/../../../../arm-none-eabi/lib/thumb/v7-m/libc_nano.a(lib_a-nano-vfscanf_i.o)
                0x0000000008007958                _scanf_chars
 .text._scanf_i
                0x0000000008007a1c      0x1ec /opt/st/stm32cubeide_1.3.0/plugins/com.st.stm32cube.ide.mcu.externaltools.gnu-tools-for-stm32.7-2018-q2-update.linux64_1.0.0.201904181610/tools/bin/../lib/gcc/arm-none-eabi/7.3.1/../../../../arm-none-eabi/lib/thumb/v7-m/libc_nano.a(lib_a-nano-vfscanf_i.o)
                0x0000000008007a1c                _scanf_i
 .text.__sccl   0x0000000008007c08       0x62 /opt/st/stm32cubeide_1.3.0/plugins/com.st.stm32cube.ide.mcu.externaltools.gnu-tools-for-stm32.7-2018-q2-update.linux64_1.0.0.201904181610/tools/bin/../lib/gcc/arm-none-eabi/7.3.1/../../../../arm-none-eabi/lib/thumb/v7-m/libc_nano.a(lib_a-sccl.o)
                0x0000000008007c08                __sccl
 .text._strtoul_l.isra.0
                0x0000000008007c6a       0xf4 /opt/st/stm32cubeide_1.3.0/plugins/com.st.stm32cube.ide.mcu.externaltools.gnu-tools-for-stm32.7-2018-q2-update.linux64_1.0.0.201904181610/tools/bin/../lib/gcc/arm-none-eabi/7.3.1/../../../../arm-none-eabi/lib/thumb/v7-m/libc_nano.a(lib_a-strtoul.o)
 *fill*         0x0000000008007d5e        0x2 
 .text._strtoul_r
                0x0000000008007d60       0x24 /opt/st/stm32cubeide_1.3.0/plugins/com.st.stm32cube.ide.mcu.externaltools.gnu-tools-for-stm32.7-2018-q2-update.linux64_1.0.0.201904181610/tools/bin/../lib/gcc/arm-none-eabi/7.3.1/../../../../arm-none-eabi/lib/thumb/v7-m/libc_nano.a(lib_a-strtoul.o)
                0x0000000008007d60                _strtoul_r
 .text.__submore
                0x0000000008007d84       0x70 /opt/st/stm32cubeide_1.3.0/plugins/com.st.stm32cube.ide.mcu.externaltools.gnu-tools-for-stm32.7-2018-q2-update.linux64_1.0.0.201904181610/tools/bin/../lib/gcc/arm-none-eabi/7.3.1/../../../../arm-none-eabi/lib/thumb/v7-m/libc_nano.a(lib_a-ungetc.o)
                0x0000000008007d84                __submore
 .text.__ascii_wctomb
                0x0000000008007df4       0x1a /opt/st/stm32cubeide_1.3.0/plugins/com.st.stm32cube.ide.mcu.externaltools.gnu-tools-for-stm32.7-2018-q2-update.linux64_1.0.0.201904181610/tools/bin/../lib/gcc/arm-none-eabi/7.3.1/../../../../arm-none-eabi/lib/thumb/v7-m/libc_nano.a(lib_a-wctomb_r.o)
                0x0000000008007df4                __ascii_wctomb
 .text.memchr   0x0000000008007e0e       0x1c /opt/st/stm32cubeide_1.3.0/plugins/com.st.stm32cube.ide.mcu.externaltools.gnu-tools-for-stm32.7-2018-q2-update.linux64_1.0.0.201904181610/tools/bin/../lib/gcc/arm-none-eabi/7.3.1/../../../../arm-none-eabi/lib/thumb/v7-m/libc_nano.a(lib_a-memchr-stub.o)
                0x0000000008007e0e                memchr
 .text.memcpy   0x0000000008007e2a       0x16 /opt/st/stm32cubeide_1.3.0/plugins/com.st.stm32cube.ide.mcu.externaltools.gnu-tools-for-stm32.7-2018-q2-update.linux64_1.0.0.201904181610/tools/bin/../lib/gcc/arm-none-eabi/7.3.1/../../../../arm-none-eabi/lib/thumb/v7-m/libc_nano.a(lib_a-memcpy-stub.o)
                0x0000000008007e2a                memcpy
 .text.memmove  0x0000000008007e40       0x32 /opt/st/stm32cubeide_1.3.0/plugins/com.st.stm32cube.ide.mcu.externaltools.gnu-tools-for-stm32.7-2018-q2-update.linux64_1.0.0.201904181610/tools/bin/../lib/gcc/arm-none-eabi/7.3.1/../../../../arm-none-eabi/lib/thumb/v7-m/libc_nano.a(lib_a-memmove.o)
                0x0000000008007e40                memmove
 .text._realloc_r
                0x0000000008007e72       0x4c /opt/st/stm32cubeide_1.3.0/plugins/com.st.stm32cube.ide.mcu.externaltools.gnu-tools-for-stm32.7-2018-q2-update.linux64_1.0.0.201904181610/tools/bin/../lib/gcc/arm-none-eabi/7.3.1/../../../../arm-none-eabi/lib/thumb/v7-m/libc_nano.a(lib_a-nano-reallocr.o)
                0x0000000008007e72                _realloc_r
 .text._malloc_usable_size_r
                0x0000000008007ebe       0x10 /opt/st/stm32cubeide_1.3.0/plugins/com.st.stm32cube.ide.mcu.externaltools.gnu-tools-for-stm32.7-2018-q2-update.linux64_1.0.0.201904181610/tools/bin/../lib/gcc/arm-none-eabi/7.3.1/../../../../arm-none-eabi/lib/thumb/v7-m/libc_nano.a(lib_a-nano-msizer.o)
                0x0000000008007ebe                _malloc_usable_size_r
 *(.glue_7)
 .glue_7        0x0000000008007ece        0x0 linker stubs
 *(.glue_7t)
 .glue_7t       0x0000000008007ece        0x0 linker stubs
 *(.eh_frame)
 *fill*         0x0000000008007ece        0x2 
 .eh_frame      0x0000000008007ed0        0x0 /opt/st/stm32cubeide_1.3.0/plugins/com.st.stm32cube.ide.mcu.externaltools.gnu-tools-for-stm32.7-2018-q2-update.linux64_1.0.0.201904181610/tools/bin/../lib/gcc/arm-none-eabi/7.3.1/thumb/v7-m/crtbegin.o
 *(.init)
 .init          0x0000000008007ed0        0x4 /opt/st/stm32cubeide_1.3.0/plugins/com.st.stm32cube.ide.mcu.externaltools.gnu-tools-for-stm32.7-2018-q2-update.linux64_1.0.0.201904181610/tools/bin/../lib/gcc/arm-none-eabi/7.3.1/thumb/v7-m/crti.o
                0x0000000008007ed0                _init
 .init          0x0000000008007ed4        0x8 /opt/st/stm32cubeide_1.3.0/plugins/com.st.stm32cube.ide.mcu.externaltools.gnu-tools-for-stm32.7-2018-q2-update.linux64_1.0.0.201904181610/tools/bin/../lib/gcc/arm-none-eabi/7.3.1/thumb/v7-m/crtn.o
 *(.fini)
 .fini          0x0000000008007edc        0x4 /opt/st/stm32cubeide_1.3.0/plugins/com.st.stm32cube.ide.mcu.externaltools.gnu-tools-for-stm32.7-2018-q2-update.linux64_1.0.0.201904181610/tools/bin/../lib/gcc/arm-none-eabi/7.3.1/thumb/v7-m/crti.o
                0x0000000008007edc                _fini
 .fini          0x0000000008007ee0        0x8 /opt/st/stm32cubeide_1.3.0/plugins/com.st.stm32cube.ide.mcu.externaltools.gnu-tools-for-stm32.7-2018-q2-update.linux64_1.0.0.201904181610/tools/bin/../lib/gcc/arm-none-eabi/7.3.1/thumb/v7-m/crtn.o
                0x0000000008007ee8                . = ALIGN (0x4)
                0x0000000008007ee8                _etext = .

.vfp11_veneer   0x0000000008007ee8        0x0
 .vfp11_veneer  0x0000000008007ee8        0x0 linker stubs

.v4_bx          0x0000000008007ee8        0x0
 .v4_bx         0x0000000008007ee8        0x0 linker stubs

.iplt           0x0000000008007ee8        0x0
 .iplt          0x0000000008007ee8        0x0 /opt/st/stm32cubeide_1.3.0/plugins/com.st.stm32cube.ide.mcu.externaltools.gnu-tools-for-stm32.7-2018-q2-update.linux64_1.0.0.201904181610/tools/bin/../lib/gcc/arm-none-eabi/7.3.1/thumb/v7-m/crtbegin.o

.rodata         0x0000000008007ee8      0x4a8
                0x0000000008007ee8                . = ALIGN (0x4)
 *(.rodata)
 .rodata        0x0000000008007ee8       0xfc Core/Src/gdb_hostio.o
 .rodata        0x0000000008007fe4        0x2 Core/Src/gdb_if.o
 *fill*         0x0000000008007fe6        0x2 
 .rodata        0x0000000008007fe8      0x158 Core/Src/gdb_main.o
 .rodata        0x0000000008008140        0x5 Core/Src/gdb_packet.o
 *fill*         0x0000000008008145        0x3 
 .rodata        0x0000000008008148       0x12 Drivers/STM32F1xx_HAL_Driver/Src/stm32f1xx_hal_rcc.o
 *fill*         0x000000000800815a        0x2 
 .rodata        0x000000000800815c       0x46 USB_DEVICE/App/usbd_desc.o
 *fill*         0x00000000080081a2        0x2 
 .rodata        0x00000000080081a4        0xc /opt/st/stm32cubeide_1.3.0/plugins/com.st.stm32cube.ide.mcu.externaltools.gnu-tools-for-stm32.7-2018-q2-update.linux64_1.0.0.201904181610/tools/bin/../lib/gcc/arm-none-eabi/7.3.1/../../../../arm-none-eabi/lib/thumb/v7-m/libc_nano.a(lib_a-nano-vfscanf_i.o)
 *(.rodata*)
 .rodata.hexdigits
                0x00000000080081b0       0x11 Core/Src/hex_utils.o
 *fill*         0x00000000080081c1        0x3 
 .rodata.AHBPrescTable
                0x00000000080081c4       0x10 Core/Src/system_stm32f1xx.o
                0x00000000080081c4                AHBPrescTable
 .rodata._setlocale_r.str1.1
                0x00000000080081d4        0x8 /opt/st/stm32cubeide_1.3.0/plugins/com.st.stm32cube.ide.mcu.externaltools.gnu-tools-for-stm32.7-2018-q2-update.linux64_1.0.0.201904181610/tools/bin/../lib/gcc/arm-none-eabi/7.3.1/../../../../arm-none-eabi/lib/thumb/v7-m/libc_nano.a(lib_a-locale.o)
                                          0x9 (size before relaxing)
 .rodata.str1.1
                0x00000000080081dc        0x2 /opt/st/stm32cubeide_1.3.0/plugins/com.st.stm32cube.ide.mcu.externaltools.gnu-tools-for-stm32.7-2018-q2-update.linux64_1.0.0.201904181610/tools/bin/../lib/gcc/arm-none-eabi/7.3.1/../../../../arm-none-eabi/lib/thumb/v7-m/libc_nano.a(lib_a-locale.o)
 .rodata._svfprintf_r.str1.1
                0x00000000080081de       0x11 /opt/st/stm32cubeide_1.3.0/plugins/com.st.stm32cube.ide.mcu.externaltools.gnu-tools-for-stm32.7-2018-q2-update.linux64_1.0.0.201904181610/tools/bin/../lib/gcc/arm-none-eabi/7.3.1/../../../../arm-none-eabi/lib/thumb/v7-m/libc_nano.a(lib_a-nano-svfprintf.o)
 .rodata.__ssvfscanf_r.str1.1
                0x00000000080081ef        0x4 /opt/st/stm32cubeide_1.3.0/plugins/com.st.stm32cube.ide.mcu.externaltools.gnu-tools-for-stm32.7-2018-q2-update.linux64_1.0.0.201904181610/tools/bin/../lib/gcc/arm-none-eabi/7.3.1/../../../../arm-none-eabi/lib/thumb/v7-m/libc_nano.a(lib_a-nano-svfscanf.o)
 .rodata._printf_i.str1.1
                0x00000000080081ef       0x22 /opt/st/stm32cubeide_1.3.0/plugins/com.st.stm32cube.ide.mcu.externaltools.gnu-tools-for-stm32.7-2018-q2-update.linux64_1.0.0.201904181610/tools/bin/../lib/gcc/arm-none-eabi/7.3.1/../../../../arm-none-eabi/lib/thumb/v7-m/libc_nano.a(lib_a-nano-vfprintf_i.o)
 .rodata._scanf_i.str1.1
                0x0000000008008211       0x12 /opt/st/stm32cubeide_1.3.0/plugins/com.st.stm32cube.ide.mcu.externaltools.gnu-tools-for-stm32.7-2018-q2-update.linux64_1.0.0.201904181610/tools/bin/../lib/gcc/arm-none-eabi/7.3.1/../../../../arm-none-eabi/lib/thumb/v7-m/libc_nano.a(lib_a-nano-vfscanf_i.o)
 .rodata.str1.1
                0x0000000008008223        0x9 /opt/st/stm32cubeide_1.3.0/plugins/com.st.stm32cube.ide.mcu.externaltools.gnu-tools-for-stm32.7-2018-q2-update.linux64_1.0.0.201904181610/tools/bin/../lib/gcc/arm-none-eabi/7.3.1/../../../../arm-none-eabi/lib/thumb/v7-m/libc_nano.a(lib_a-nano-vfscanf_i.o)
 .rodata._ctype_
                0x000000000800822c      0x101 /opt/st/stm32cubeide_1.3.0/plugins/com.st.stm32cube.ide.mcu.externaltools.gnu-tools-for-stm32.7-2018-q2-update.linux64_1.0.0.201904181610/tools/bin/../lib/gcc/arm-none-eabi/7.3.1/../../../../arm-none-eabi/lib/thumb/v7-m/libc_nano.a(lib_a-ctype_.o)
                0x000000000800822c                _ctype_
 *fill*         0x000000000800832d        0x3 
 .rodata.__sf_fake_stderr
                0x0000000008008330       0x20 /opt/st/stm32cubeide_1.3.0/plugins/com.st.stm32cube.ide.mcu.externaltools.gnu-tools-for-stm32.7-2018-q2-update.linux64_1.0.0.201904181610/tools/bin/../lib/gcc/arm-none-eabi/7.3.1/../../../../arm-none-eabi/lib/thumb/v7-m/libc_nano.a(lib_a-findfp.o)
                0x0000000008008330                __sf_fake_stderr
 .rodata.__sf_fake_stdin
                0x0000000008008350       0x20 /opt/st/stm32cubeide_1.3.0/plugins/com.st.stm32cube.ide.mcu.externaltools.gnu-tools-for-stm32.7-2018-q2-update.linux64_1.0.0.201904181610/tools/bin/../lib/gcc/arm-none-eabi/7.3.1/../../../../arm-none-eabi/lib/thumb/v7-m/libc_nano.a(lib_a-findfp.o)
                0x0000000008008350                __sf_fake_stdin
 .rodata.__sf_fake_stdout
                0x0000000008008370       0x20 /opt/st/stm32cubeide_1.3.0/plugins/com.st.stm32cube.ide.mcu.externaltools.gnu-tools-for-stm32.7-2018-q2-update.linux64_1.0.0.201904181610/tools/bin/../lib/gcc/arm-none-eabi/7.3.1/../../../../arm-none-eabi/lib/thumb/v7-m/libc_nano.a(lib_a-findfp.o)
                0x0000000008008370                __sf_fake_stdout
                0x0000000008008390                . = ALIGN (0x4)

.rel.dyn        0x0000000008008390        0x0
 .rel.iplt      0x0000000008008390        0x0 /opt/st/stm32cubeide_1.3.0/plugins/com.st.stm32cube.ide.mcu.externaltools.gnu-tools-for-stm32.7-2018-q2-update.linux64_1.0.0.201904181610/tools/bin/../lib/gcc/arm-none-eabi/7.3.1/thumb/v7-m/crtbegin.o

.ARM.extab      0x0000000008008390        0x0
                0x0000000008008390                . = ALIGN (0x4)
 *(.ARM.extab* .gnu.linkonce.armextab.*)
                0x0000000008008390                . = ALIGN (0x4)

.ARM            0x0000000008008390        0x0
                0x0000000008008390                . = ALIGN (0x4)
                0x0000000008008390                __exidx_start = .
 *(.ARM.exidx*)
                0x0000000008008390                __exidx_end = .
                0x0000000008008390                . = ALIGN (0x4)

.preinit_array  0x0000000008008390        0x0
                0x0000000008008390                . = ALIGN (0x4)
                0x0000000008008390                PROVIDE (__preinit_array_start = .)
 *(.preinit_array*)
                0x0000000008008390                PROVIDE (__preinit_array_end = .)
                0x0000000008008390                . = ALIGN (0x4)

.init_array     0x0000000008008390        0x4
                0x0000000008008390                . = ALIGN (0x4)
                0x0000000008008390                PROVIDE (__init_array_start = .)
 *(SORT_BY_NAME(.init_array.*))
 *(.init_array*)
 .init_array    0x0000000008008390        0x4 /opt/st/stm32cubeide_1.3.0/plugins/com.st.stm32cube.ide.mcu.externaltools.gnu-tools-for-stm32.7-2018-q2-update.linux64_1.0.0.201904181610/tools/bin/../lib/gcc/arm-none-eabi/7.3.1/thumb/v7-m/crtbegin.o
                0x0000000008008394                PROVIDE (__init_array_end = .)
                0x0000000008008394                . = ALIGN (0x4)

.fini_array     0x0000000008008394        0x4
                0x0000000008008394                . = ALIGN (0x4)
                [!provide]                        PROVIDE (__fini_array_start = .)
 *(SORT_BY_NAME(.fini_array.*))
 *(.fini_array*)
 .fini_array    0x0000000008008394        0x4 /opt/st/stm32cubeide_1.3.0/plugins/com.st.stm32cube.ide.mcu.externaltools.gnu-tools-for-stm32.7-2018-q2-update.linux64_1.0.0.201904181610/tools/bin/../lib/gcc/arm-none-eabi/7.3.1/thumb/v7-m/crtbegin.o
                [!provide]                        PROVIDE (__fini_array_end = .)
                0x0000000008008398                . = ALIGN (0x4)
                0x0000000008008398                _sidata = LOADADDR (.data)

.data           0x0000000020000000      0x38c load address 0x0000000008008398
                0x0000000020000000                . = ALIGN (0x4)
                0x0000000020000000                _sdata = .
 *(.data)
 *(.data*)
 .data.gdb_controller
                0x0000000020000000       0x3c Core/Src/gdb_main.o
 .data.SystemCoreClock
                0x000000002000003c        0x4 Core/Src/system_stm32f1xx.o
                0x000000002000003c                SystemCoreClock
 .data.uwTickPrio
                0x0000000020000040        0x4 Drivers/STM32F1xx_HAL_Driver/Src/stm32f1xx_hal.o
                0x0000000020000040                uwTickPrio
 .data.uwTickFreq
                0x0000000020000044        0x1 Drivers/STM32F1xx_HAL_Driver/Src/stm32f1xx_hal.o
                0x0000000020000044                uwTickFreq
 *fill*         0x0000000020000045        0x3 
 .data.USBD_CDC_DeviceQualifierDesc
                0x0000000020000048        0xa Middlewares/ST/STM32_USB_Device_Library/Class/CDC/Src/usbd_cdc.o
 *fill*         0x0000000020000052        0x2 
 .data.USBD_CDC
                0x0000000020000054       0x38 Middlewares/ST/STM32_USB_Device_Library/Class/CDC/Src/usbd_cdc.o
                0x0000000020000054                USBD_CDC
 .data.USBD_CDC_CfgHSDesc
                0x000000002000008c       0x43 Middlewares/ST/STM32_USB_Device_Library/Class/CDC/Src/usbd_cdc.o
                0x000000002000008c                USBD_CDC_CfgHSDesc
 *fill*         0x00000000200000cf        0x1 
 .data.USBD_CDC_CfgFSDesc
                0x00000000200000d0       0x43 Middlewares/ST/STM32_USB_Device_Library/Class/CDC/Src/usbd_cdc.o
                0x00000000200000d0                USBD_CDC_CfgFSDesc
 *fill*         0x0000000020000113        0x1 
 .data.USBD_CDC_OtherSpeedCfgDesc
                0x0000000020000114       0x43 Middlewares/ST/STM32_USB_Device_Library/Class/CDC/Src/usbd_cdc.o
                0x0000000020000114                USBD_CDC_OtherSpeedCfgDesc
 *fill*         0x0000000020000157        0x1 
 .data.USBD_Interface_fops_FS
                0x0000000020000158       0x10 USB_DEVICE/App/usbd_cdc_if.o
                0x0000000020000158                USBD_Interface_fops_FS
 .data.FS_Desc  0x0000000020000168       0x1c USB_DEVICE/App/usbd_desc.o
                0x0000000020000168                FS_Desc
 .data.USBD_FS_DeviceDesc
                0x0000000020000184       0x12 USB_DEVICE/App/usbd_desc.o
                0x0000000020000184                USBD_FS_DeviceDesc
 *fill*         0x0000000020000196        0x2 
 .data.USBD_LangIDDesc
                0x0000000020000198        0x4 USB_DEVICE/App/usbd_desc.o
                0x0000000020000198                USBD_LangIDDesc
 .data.USBD_StringSerial
                0x000000002000019c       0x1a USB_DEVICE/App/usbd_desc.o
                0x000000002000019c                USBD_StringSerial
 *fill*         0x00000000200001b6        0x2 
 .data.cdcacm_gdb_dtr
                0x00000000200001b8        0x4 platforms/common/cdcacm.o
 .data._impure_ptr
                0x00000000200001bc        0x4 /opt/st/stm32cubeide_1.3.0/plugins/com.st.stm32cube.ide.mcu.externaltools.gnu-tools-for-stm32.7-2018-q2-update.linux64_1.0.0.201904181610/tools/bin/../lib/gcc/arm-none-eabi/7.3.1/../../../../arm-none-eabi/lib/thumb/v7-m/libc_nano.a(lib_a-impure.o)
                0x00000000200001bc                _impure_ptr
 .data.impure_data
                0x00000000200001c0       0x60 /opt/st/stm32cubeide_1.3.0/plugins/com.st.stm32cube.ide.mcu.externaltools.gnu-tools-for-stm32.7-2018-q2-update.linux64_1.0.0.201904181610/tools/bin/../lib/gcc/arm-none-eabi/7.3.1/../../../../arm-none-eabi/lib/thumb/v7-m/libc_nano.a(lib_a-impure.o)
 .data.__global_locale
                0x0000000020000220      0x16c /opt/st/stm32cubeide_1.3.0/plugins/com.st.stm32cube.ide.mcu.externaltools.gnu-tools-for-stm32.7-2018-q2-update.linux64_1.0.0.201904181610/tools/bin/../lib/gcc/arm-none-eabi/7.3.1/../../../../arm-none-eabi/lib/thumb/v7-m/libc_nano.a(lib_a-locale.o)
                0x0000000020000220                __global_locale
                0x000000002000038c                . = ALIGN (0x4)
                0x000000002000038c                _edata = .

.igot.plt       0x000000002000038c        0x0 load address 0x0000000008008724
 .igot.plt      0x000000002000038c        0x0 /opt/st/stm32cubeide_1.3.0/plugins/com.st.stm32cube.ide.mcu.externaltools.gnu-tools-for-stm32.7-2018-q2-update.linux64_1.0.0.201904181610/tools/bin/../lib/gcc/arm-none-eabi/7.3.1/thumb/v7-m/crtbegin.o
                0x000000002000038c                . = ALIGN (0x4)

.bss            0x000000002000038c     0x162c load address 0x0000000008008724
                0x000000002000038c                _sbss = .
                0x000000002000038c                __bss_start__ = _sbss
 *(.bss)
 .bss           0x000000002000038c       0x1c /opt/st/stm32cubeide_1.3.0/plugins/com.st.stm32cube.ide.mcu.externaltools.gnu-tools-for-stm32.7-2018-q2-update.linux64_1.0.0.201904181610/tools/bin/../lib/gcc/arm-none-eabi/7.3.1/thumb/v7-m/crtbegin.o
 *(.bss*)
 .bss.count_out
                0x00000000200003a8        0x4 Core/Src/gdb_if.o
 .bss.count_in  0x00000000200003ac        0x4 Core/Src/gdb_if.o
 .bss.out_ptr   0x00000000200003b0        0x4 Core/Src/gdb_if.o
 .bss.buffer_out
                0x00000000200003b4       0x40 Core/Src/gdb_if.o
 .bss.buffer_in
                0x00000000200003f4       0x40 Core/Src/gdb_if.o
 .bss.pbuf      0x0000000020000434      0x401 Core/Src/gdb_main.o
 *fill*         0x0000000020000835        0x3 
 .bss.cur_target
                0x0000000020000838        0x4 Core/Src/gdb_main.o
 .bss.last_target
                0x000000002000083c        0x4 Core/Src/gdb_main.o
 .bss.flash_mode.7977
                0x0000000020000840        0x1 Core/Src/gdb_main.o
 *fill*         0x0000000020000841        0x3 
 .bss.heap_end.5149
                0x0000000020000844        0x4 Core/Src/sysmem.o
 .bss.cfgidx.7763
                0x0000000020000848        0x1 Middlewares/ST/STM32_USB_Device_Library/Core/Src/usbd_ctlreq.o
 *fill*         0x0000000020000849        0x3 
 .bss.mem.7828  0x000000002000084c      0x220 USB_DEVICE/Target/usbd_conf.o
 .bss.configured
                0x0000000020000a6c        0x4 platforms/common/cdcacm.o
 .bss.__malloc_free_list
                0x0000000020000a70        0x4 /opt/st/stm32cubeide_1.3.0/plugins/com.st.stm32cube.ide.mcu.externaltools.gnu-tools-for-stm32.7-2018-q2-update.linux64_1.0.0.201904181610/tools/bin/../lib/gcc/arm-none-eabi/7.3.1/../../../../arm-none-eabi/lib/thumb/v7-m/libc_nano.a(lib_a-nano-mallocr.o)
                0x0000000020000a70                __malloc_free_list
 .bss.__malloc_sbrk_start
                0x0000000020000a74        0x4 /opt/st/stm32cubeide_1.3.0/plugins/com.st.stm32cube.ide.mcu.externaltools.gnu-tools-for-stm32.7-2018-q2-update.linux64_1.0.0.201904181610/tools/bin/../lib/gcc/arm-none-eabi/7.3.1/../../../../arm-none-eabi/lib/thumb/v7-m/libc_nano.a(lib_a-nano-mallocr.o)
                0x0000000020000a74                __malloc_sbrk_start
 *(COMMON)
 COMMON         0x0000000020000a78        0x4 Core/Src/exception.o
                0x0000000020000a78                innermost_exception
 COMMON         0x0000000020000a7c       0x31 Core/Src/main.o
                0x0000000020000a7c                hadc1
                0x0000000020000aac                running_status
 *fill*         0x0000000020000aad        0x3 
 COMMON         0x0000000020000ab0        0x4 Drivers/STM32F1xx_HAL_Driver/Src/stm32f1xx_hal.o
                0x0000000020000ab0                uwTick
 COMMON         0x0000000020000ab4      0x2c4 USB_DEVICE/App/usb_device.o
                0x0000000020000ab4                hUsbDeviceFS
 COMMON         0x0000000020000d78      0x7d0 USB_DEVICE/App/usbd_cdc_if.o
                0x0000000020000d78                UserRxBufferFS
                0x0000000020001160                UserTxBufferFS
 COMMON         0x0000000020001548      0x200 USB_DEVICE/App/usbd_desc.o
                0x0000000020001548                USBD_StrDesc
 COMMON         0x0000000020001748      0x26c USB_DEVICE/Target/usbd_conf.o
                0x0000000020001748                hpcd_USB_FS
 COMMON         0x00000000200019b4        0x4 /opt/st/stm32cubeide_1.3.0/plugins/com.st.stm32cube.ide.mcu.externaltools.gnu-tools-for-stm32.7-2018-q2-update.linux64_1.0.0.201904181610/tools/bin/../lib/gcc/arm-none-eabi/7.3.1/../../../../arm-none-eabi/lib/thumb/v7-m/libc_nano.a(lib_a-reent.o)
                0x00000000200019b4                errno
                0x00000000200019b8                . = ALIGN (0x4)
                0x00000000200019b8                _ebss = .
                0x00000000200019b8                __bss_end__ = _ebss

._user_heap_stack
                0x00000000200019b8      0x600 load address 0x0000000008008724
                0x00000000200019b8                . = ALIGN (0x8)
                0x00000000200019b8                PROVIDE (end = .)
                [!provide]                        PROVIDE (_end = .)
                0x0000000020001bb8                . = (. + _Min_Heap_Size)
 *fill*         0x00000000200019b8      0x200 
                0x0000000020001fb8                . = (. + _Min_Stack_Size)
 *fill*         0x0000000020001bb8      0x400 
                0x0000000020001fb8                . = ALIGN (0x8)

/DISCARD/
 libc.a(*)
 libm.a(*)
 libgcc.a(*)

.ARM.attributes
                0x0000000000000000       0x29
 *(.ARM.attributes)
 .ARM.attributes
                0x0000000000000000       0x1d /opt/st/stm32cubeide_1.3.0/plugins/com.st.stm32cube.ide.mcu.externaltools.gnu-tools-for-stm32.7-2018-q2-update.linux64_1.0.0.201904181610/tools/bin/../lib/gcc/arm-none-eabi/7.3.1/thumb/v7-m/crti.o
 .ARM.attributes
                0x000000000000001d       0x2d /opt/st/stm32cubeide_1.3.0/plugins/com.st.stm32cube.ide.mcu.externaltools.gnu-tools-for-stm32.7-2018-q2-update.linux64_1.0.0.201904181610/tools/bin/../lib/gcc/arm-none-eabi/7.3.1/thumb/v7-m/crtbegin.o
 .ARM.attributes
                0x000000000000004a       0x33 Core/Src/exception.o
 .ARM.attributes
                0x000000000000007d       0x33 Core/Src/gdb_hostio.o
 .ARM.attributes
                0x00000000000000b0       0x33 Core/Src/gdb_if.o
 .ARM.attributes
                0x00000000000000e3       0x33 Core/Src/gdb_main.o
 .ARM.attributes
                0x0000000000000116       0x33 Core/Src/gdb_packet.o
 .ARM.attributes
                0x0000000000000149       0x33 Core/Src/hex_utils.o
 .ARM.attributes
                0x000000000000017c       0x33 Core/Src/main.o
 .ARM.attributes
                0x00000000000001af       0x33 Core/Src/stm32f1xx_hal_msp.o
 .ARM.attributes
                0x00000000000001e2       0x33 Core/Src/stm32f1xx_it.o
 .ARM.attributes
                0x0000000000000215       0x33 Core/Src/sysmem.o
 .ARM.attributes
                0x0000000000000248       0x33 Core/Src/system_stm32f1xx.o
 .ARM.attributes
                0x000000000000027b       0x21 Core/Startup/startup_stm32f103cbux.o
 .ARM.attributes
                0x000000000000029c       0x33 Drivers/STM32F1xx_HAL_Driver/Src/stm32f1xx_hal.o
 .ARM.attributes
                0x00000000000002cf       0x33 Drivers/STM32F1xx_HAL_Driver/Src/stm32f1xx_hal_adc.o
 .ARM.attributes
                0x0000000000000302       0x33 Drivers/STM32F1xx_HAL_Driver/Src/stm32f1xx_hal_cortex.o
 .ARM.attributes
                0x0000000000000335       0x33 Drivers/STM32F1xx_HAL_Driver/Src/stm32f1xx_hal_gpio.o
 .ARM.attributes
                0x0000000000000368       0x33 Drivers/STM32F1xx_HAL_Driver/Src/stm32f1xx_hal_pcd.o
 .ARM.attributes
                0x000000000000039b       0x33 Drivers/STM32F1xx_HAL_Driver/Src/stm32f1xx_hal_pcd_ex.o
 .ARM.attributes
                0x00000000000003ce       0x33 Drivers/STM32F1xx_HAL_Driver/Src/stm32f1xx_hal_rcc.o
 .ARM.attributes
                0x0000000000000401       0x33 Drivers/STM32F1xx_HAL_Driver/Src/stm32f1xx_hal_rcc_ex.o
 .ARM.attributes
                0x0000000000000434       0x33 Drivers/STM32F1xx_HAL_Driver/Src/stm32f1xx_ll_usb.o
 .ARM.attributes
                0x0000000000000467       0x33 Middlewares/ST/STM32_USB_Device_Library/Class/CDC/Src/usbd_cdc.o
 .ARM.attributes
                0x000000000000049a       0x33 Middlewares/ST/STM32_USB_Device_Library/Core/Src/usbd_core.o
 .ARM.attributes
                0x00000000000004cd       0x33 Middlewares/ST/STM32_USB_Device_Library/Core/Src/usbd_ctlreq.o
 .ARM.attributes
                0x0000000000000500       0x33 Middlewares/ST/STM32_USB_Device_Library/Core/Src/usbd_ioreq.o
 .ARM.attributes
                0x0000000000000533       0x33 USB_DEVICE/App/usb_device.o
 .ARM.attributes
                0x0000000000000566       0x33 USB_DEVICE/App/usbd_cdc_if.o
 .ARM.attributes
                0x0000000000000599       0x33 USB_DEVICE/App/usbd_desc.o
 .ARM.attributes
                0x00000000000005cc       0x33 USB_DEVICE/Target/usbd_conf.o
 .ARM.attributes
                0x00000000000005ff       0x33 platforms/common/cdcacm.o
 .ARM.attributes
                0x0000000000000632       0x2d /opt/st/stm32cubeide_1.3.0/plugins/com.st.stm32cube.ide.mcu.externaltools.gnu-tools-for-stm32.7-2018-q2-update.linux64_1.0.0.201904181610/tools/bin/../lib/gcc/arm-none-eabi/7.3.1/../../../../arm-none-eabi/lib/thumb/v7-m/libc_nano.a(lib_a-errno.o)
 .ARM.attributes
                0x000000000000065f       0x2d /opt/st/stm32cubeide_1.3.0/plugins/com.st.stm32cube.ide.mcu.externaltools.gnu-tools-for-stm32.7-2018-q2-update.linux64_1.0.0.201904181610/tools/bin/../lib/gcc/arm-none-eabi/7.3.1/../../../../arm-none-eabi/lib/thumb/v7-m/libc_nano.a(lib_a-impure.o)
 .ARM.attributes
                0x000000000000068c       0x2d /opt/st/stm32cubeide_1.3.0/plugins/com.st.stm32cube.ide.mcu.externaltools.gnu-tools-for-stm32.7-2018-q2-update.linux64_1.0.0.201904181610/tools/bin/../lib/gcc/arm-none-eabi/7.3.1/../../../../arm-none-eabi/lib/thumb/v7-m/libc_nano.a(lib_a-init.o)
 .ARM.attributes
                0x00000000000006b9       0x2d /opt/st/stm32cubeide_1.3.0/plugins/com.st.stm32cube.ide.mcu.externaltools.gnu-tools-for-stm32.7-2018-q2-update.linux64_1.0.0.201904181610/tools/bin/../lib/gcc/arm-none-eabi/7.3.1/../../../../arm-none-eabi/lib/thumb/v7-m/libc_nano.a(lib_a-malloc.o)
 .ARM.attributes
                0x00000000000006e6       0x2d /opt/st/stm32cubeide_1.3.0/plugins/com.st.stm32cube.ide.mcu.externaltools.gnu-tools-for-stm32.7-2018-q2-update.linux64_1.0.0.201904181610/tools/bin/../lib/gcc/arm-none-eabi/7.3.1/../../../../arm-none-eabi/lib/thumb/v7-m/libc_nano.a(lib_a-memset.o)
 .ARM.attributes
                0x0000000000000713       0x2d /opt/st/stm32cubeide_1.3.0/plugins/com.st.stm32cube.ide.mcu.externaltools.gnu-tools-for-stm32.7-2018-q2-update.linux64_1.0.0.201904181610/tools/bin/../lib/gcc/arm-none-eabi/7.3.1/../../../../arm-none-eabi/lib/thumb/v7-m/libc_nano.a(lib_a-nano-freer.o)
 .ARM.attributes
                0x0000000000000740       0x2d /opt/st/stm32cubeide_1.3.0/plugins/com.st.stm32cube.ide.mcu.externaltools.gnu-tools-for-stm32.7-2018-q2-update.linux64_1.0.0.201904181610/tools/bin/../lib/gcc/arm-none-eabi/7.3.1/../../../../arm-none-eabi/lib/thumb/v7-m/libc_nano.a(lib_a-nano-mallocr.o)
 .ARM.attributes
                0x000000000000076d       0x2d /opt/st/stm32cubeide_1.3.0/plugins/com.st.stm32cube.ide.mcu.externaltools.gnu-tools-for-stm32.7-2018-q2-update.linux64_1.0.0.201904181610/tools/bin/../lib/gcc/arm-none-eabi/7.3.1/../../../../arm-none-eabi/lib/thumb/v7-m/libc_nano.a(lib_a-sbrkr.o)
 .ARM.attributes
                0x000000000000079a       0x1b /opt/st/stm32cubeide_1.3.0/plugins/com.st.stm32cube.ide.mcu.externaltools.gnu-tools-for-stm32.7-2018-q2-update.linux64_1.0.0.201904181610/tools/bin/../lib/gcc/arm-none-eabi/7.3.1/../../../../arm-none-eabi/lib/thumb/v7-m/libc_nano.a(lib_a-setjmp.o)
 .ARM.attributes
                0x00000000000007b5       0x2d /opt/st/stm32cubeide_1.3.0/plugins/com.st.stm32cube.ide.mcu.externaltools.gnu-tools-for-stm32.7-2018-q2-update.linux64_1.0.0.201904181610/tools/bin/../lib/gcc/arm-none-eabi/7.3.1/../../../../arm-none-eabi/lib/thumb/v7-m/libc_nano.a(lib_a-snprintf.o)
 .ARM.attributes
                0x00000000000007e2       0x2d /opt/st/stm32cubeide_1.3.0/plugins/com.st.stm32cube.ide.mcu.externaltools.gnu-tools-for-stm32.7-2018-q2-update.linux64_1.0.0.201904181610/tools/bin/../lib/gcc/arm-none-eabi/7.3.1/../../../../arm-none-eabi/lib/thumb/v7-m/libc_nano.a(lib_a-sscanf.o)
 .ARM.attributes
                0x000000000000080f       0x2d /opt/st/stm32cubeide_1.3.0/plugins/com.st.stm32cube.ide.mcu.externaltools.gnu-tools-for-stm32.7-2018-q2-update.linux64_1.0.0.201904181610/tools/bin/../lib/gcc/arm-none-eabi/7.3.1/../../../../arm-none-eabi/lib/thumb/v7-m/libc_nano.a(lib_a-stdio.o)
 .ARM.attributes
                0x000000000000083c       0x1b /opt/st/stm32cubeide_1.3.0/plugins/com.st.stm32cube.ide.mcu.externaltools.gnu-tools-for-stm32.7-2018-q2-update.linux64_1.0.0.201904181610/tools/bin/../lib/gcc/arm-none-eabi/7.3.1/../../../../arm-none-eabi/lib/thumb/v7-m/libc_nano.a(lib_a-strcmp.o)
 .ARM.attributes
                0x0000000000000857       0x17 /opt/st/stm32cubeide_1.3.0/plugins/com.st.stm32cube.ide.mcu.externaltools.gnu-tools-for-stm32.7-2018-q2-update.linux64_1.0.0.201904181610/tools/bin/../lib/gcc/arm-none-eabi/7.3.1/../../../../arm-none-eabi/lib/thumb/v7-m/libc_nano.a(lib_a-strlen.o)
 .ARM.attributes
                0x000000000000086e       0x2d /opt/st/stm32cubeide_1.3.0/plugins/com.st.stm32cube.ide.mcu.externaltools.gnu-tools-for-stm32.7-2018-q2-update.linux64_1.0.0.201904181610/tools/bin/../lib/gcc/arm-none-eabi/7.3.1/../../../../arm-none-eabi/lib/thumb/v7-m/libc_nano.a(lib_a-strncmp.o)
 .ARM.attributes
                0x000000000000089b       0x2d /opt/st/stm32cubeide_1.3.0/plugins/com.st.stm32cube.ide.mcu.externaltools.gnu-tools-for-stm32.7-2018-q2-update.linux64_1.0.0.201904181610/tools/bin/../lib/gcc/arm-none-eabi/7.3.1/../../../../arm-none-eabi/lib/thumb/v7-m/libc_nano.a(lib_a-strncpy.o)
 .ARM.attributes
                0x00000000000008c8       0x2d /opt/st/stm32cubeide_1.3.0/plugins/com.st.stm32cube.ide.mcu.externaltools.gnu-tools-for-stm32.7-2018-q2-update.linux64_1.0.0.201904181610/tools/bin/../lib/gcc/arm-none-eabi/7.3.1/../../../../arm-none-eabi/lib/thumb/v7-m/libc_nano.a(lib_a-strtol.o)
 .ARM.attributes
                0x00000000000008f5       0x2d /opt/st/stm32cubeide_1.3.0/plugins/com.st.stm32cube.ide.mcu.externaltools.gnu-tools-for-stm32.7-2018-q2-update.linux64_1.0.0.201904181610/tools/bin/../lib/gcc/arm-none-eabi/7.3.1/../../../../arm-none-eabi/lib/thumb/v7-m/libc_nano.a(lib_a-vasprintf.o)
 .ARM.attributes
                0x0000000000000922       0x2d /opt/st/stm32cubeide_1.3.0/plugins/com.st.stm32cube.ide.mcu.externaltools.gnu-tools-for-stm32.7-2018-q2-update.linux64_1.0.0.201904181610/tools/bin/../lib/gcc/arm-none-eabi/7.3.1/../../../../arm-none-eabi/lib/thumb/v7-m/libc_nano.a(lib_a-locale.o)
 .ARM.attributes
                0x000000000000094f       0x2d /opt/st/stm32cubeide_1.3.0/plugins/com.st.stm32cube.ide.mcu.externaltools.gnu-tools-for-stm32.7-2018-q2-update.linux64_1.0.0.201904181610/tools/bin/../lib/gcc/arm-none-eabi/7.3.1/../../../../arm-none-eabi/lib/thumb/v7-m/libc_nano.a(lib_a-mbtowc_r.o)
 .ARM.attributes
                0x000000000000097c       0x2d /opt/st/stm32cubeide_1.3.0/plugins/com.st.stm32cube.ide.mcu.externaltools.gnu-tools-for-stm32.7-2018-q2-update.linux64_1.0.0.201904181610/tools/bin/../lib/gcc/arm-none-eabi/7.3.1/../../../../arm-none-eabi/lib/thumb/v7-m/libc_nano.a(lib_a-mlock.o)
 .ARM.attributes
                0x00000000000009a9       0x2d /opt/st/stm32cubeide_1.3.0/plugins/com.st.stm32cube.ide.mcu.externaltools.gnu-tools-for-stm32.7-2018-q2-update.linux64_1.0.0.201904181610/tools/bin/../lib/gcc/arm-none-eabi/7.3.1/../../../../arm-none-eabi/lib/thumb/v7-m/libc_nano.a(lib_a-nano-svfprintf.o)
 .ARM.attributes
                0x00000000000009d6       0x2d /opt/st/stm32cubeide_1.3.0/plugins/com.st.stm32cube.ide.mcu.externaltools.gnu-tools-for-stm32.7-2018-q2-update.linux64_1.0.0.201904181610/tools/bin/../lib/gcc/arm-none-eabi/7.3.1/../../../../arm-none-eabi/lib/thumb/v7-m/libc_nano.a(lib_a-nano-svfscanf.o)
 .ARM.attributes
                0x0000000000000a03       0x2d /opt/st/stm32cubeide_1.3.0/plugins/com.st.stm32cube.ide.mcu.externaltools.gnu-tools-for-stm32.7-2018-q2-update.linux64_1.0.0.201904181610/tools/bin/../lib/gcc/arm-none-eabi/7.3.1/../../../../arm-none-eabi/lib/thumb/v7-m/libc_nano.a(lib_a-nano-vfprintf_i.o)
 .ARM.attributes
                0x0000000000000a30       0x2d /opt/st/stm32cubeide_1.3.0/plugins/com.st.stm32cube.ide.mcu.externaltools.gnu-tools-for-stm32.7-2018-q2-update.linux64_1.0.0.201904181610/tools/bin/../lib/gcc/arm-none-eabi/7.3.1/../../../../arm-none-eabi/lib/thumb/v7-m/libc_nano.a(lib_a-nano-vfscanf_i.o)
 .ARM.attributes
                0x0000000000000a5d       0x2d /opt/st/stm32cubeide_1.3.0/plugins/com.st.stm32cube.ide.mcu.externaltools.gnu-tools-for-stm32.7-2018-q2-update.linux64_1.0.0.201904181610/tools/bin/../lib/gcc/arm-none-eabi/7.3.1/../../../../arm-none-eabi/lib/thumb/v7-m/libc_nano.a(lib_a-reent.o)
 .ARM.attributes
                0x0000000000000a8a       0x2d /opt/st/stm32cubeide_1.3.0/plugins/com.st.stm32cube.ide.mcu.externaltools.gnu-tools-for-stm32.7-2018-q2-update.linux64_1.0.0.201904181610/tools/bin/../lib/gcc/arm-none-eabi/7.3.1/../../../../arm-none-eabi/lib/thumb/v7-m/libc_nano.a(lib_a-sccl.o)
 .ARM.attributes
                0x0000000000000ab7       0x2d /opt/st/stm32cubeide_1.3.0/plugins/com.st.stm32cube.ide.mcu.externaltools.gnu-tools-for-stm32.7-2018-q2-update.linux64_1.0.0.201904181610/tools/bin/../lib/gcc/arm-none-eabi/7.3.1/../../../../arm-none-eabi/lib/thumb/v7-m/libc_nano.a(lib_a-strtoul.o)
 .ARM.attributes
                0x0000000000000ae4       0x2d /opt/st/stm32cubeide_1.3.0/plugins/com.st.stm32cube.ide.mcu.externaltools.gnu-tools-for-stm32.7-2018-q2-update.linux64_1.0.0.201904181610/tools/bin/../lib/gcc/arm-none-eabi/7.3.1/../../../../arm-none-eabi/lib/thumb/v7-m/libc_nano.a(lib_a-ungetc.o)
 .ARM.attributes
                0x0000000000000b11       0x2d /opt/st/stm32cubeide_1.3.0/plugins/com.st.stm32cube.ide.mcu.externaltools.gnu-tools-for-stm32.7-2018-q2-update.linux64_1.0.0.201904181610/tools/bin/../lib/gcc/arm-none-eabi/7.3.1/../../../../arm-none-eabi/lib/thumb/v7-m/libc_nano.a(lib_a-wctomb_r.o)
 .ARM.attributes
                0x0000000000000b3e       0x2d /opt/st/stm32cubeide_1.3.0/plugins/com.st.stm32cube.ide.mcu.externaltools.gnu-tools-for-stm32.7-2018-q2-update.linux64_1.0.0.201904181610/tools/bin/../lib/gcc/arm-none-eabi/7.3.1/../../../../arm-none-eabi/lib/thumb/v7-m/libc_nano.a(lib_a-ctype_.o)
 .ARM.attributes
                0x0000000000000b6b       0x2d /opt/st/stm32cubeide_1.3.0/plugins/com.st.stm32cube.ide.mcu.externaltools.gnu-tools-for-stm32.7-2018-q2-update.linux64_1.0.0.201904181610/tools/bin/../lib/gcc/arm-none-eabi/7.3.1/../../../../arm-none-eabi/lib/thumb/v7-m/libc_nano.a(lib_a-findfp.o)
 .ARM.attributes
                0x0000000000000b98       0x2d /opt/st/stm32cubeide_1.3.0/plugins/com.st.stm32cube.ide.mcu.externaltools.gnu-tools-for-stm32.7-2018-q2-update.linux64_1.0.0.201904181610/tools/bin/../lib/gcc/arm-none-eabi/7.3.1/../../../../arm-none-eabi/lib/thumb/v7-m/libc_nano.a(lib_a-memchr-stub.o)
 .ARM.attributes
                0x0000000000000bc5       0x2d /opt/st/stm32cubeide_1.3.0/plugins/com.st.stm32cube.ide.mcu.externaltools.gnu-tools-for-stm32.7-2018-q2-update.linux64_1.0.0.201904181610/tools/bin/../lib/gcc/arm-none-eabi/7.3.1/../../../../arm-none-eabi/lib/thumb/v7-m/libc_nano.a(lib_a-memcpy-stub.o)
 .ARM.attributes
                0x0000000000000bf2       0x2d /opt/st/stm32cubeide_1.3.0/plugins/com.st.stm32cube.ide.mcu.externaltools.gnu-tools-for-stm32.7-2018-q2-update.linux64_1.0.0.201904181610/tools/bin/../lib/gcc/arm-none-eabi/7.3.1/../../../../arm-none-eabi/lib/thumb/v7-m/libc_nano.a(lib_a-memmove.o)
 .ARM.attributes
                0x0000000000000c1f       0x2d /opt/st/stm32cubeide_1.3.0/plugins/com.st.stm32cube.ide.mcu.externaltools.gnu-tools-for-stm32.7-2018-q2-update.linux64_1.0.0.201904181610/tools/bin/../lib/gcc/arm-none-eabi/7.3.1/../../../../arm-none-eabi/lib/thumb/v7-m/libc_nano.a(lib_a-nano-reallocr.o)
 .ARM.attributes
                0x0000000000000c4c       0x2d /opt/st/stm32cubeide_1.3.0/plugins/com.st.stm32cube.ide.mcu.externaltools.gnu-tools-for-stm32.7-2018-q2-update.linux64_1.0.0.201904181610/tools/bin/../lib/gcc/arm-none-eabi/7.3.1/../../../../arm-none-eabi/lib/thumb/v7-m/libc_nano.a(lib_a-nano-msizer.o)
 .ARM.attributes
                0x0000000000000c79       0x1d /opt/st/stm32cubeide_1.3.0/plugins/com.st.stm32cube.ide.mcu.externaltools.gnu-tools-for-stm32.7-2018-q2-update.linux64_1.0.0.201904181610/tools/bin/../lib/gcc/arm-none-eabi/7.3.1/thumb/v7-m/crtn.o
OUTPUT(blackmagic.elf elf32-littlearm)

.debug_info     0x0000000000000000    0x17d8a
 .debug_info    0x0000000000000000      0xa46 Core/Src/exception.o
 .debug_info    0x0000000000000a46     0x1109 Core/Src/gdb_hostio.o
 .debug_info    0x0000000000001b4f      0xf33 Core/Src/gdb_if.o
 .debug_info    0x0000000000002a82     0x11d8 Core/Src/gdb_main.o
 .debug_info    0x0000000000003c5a      0xbc0 Core/Src/gdb_packet.o
 .debug_info    0x000000000000481a      0xab1 Core/Src/hex_utils.o