Archive member included to satisfy reference by file (symbol)

/opt/st/stm32cubeide_1.3.0/plugins/com.st.stm32cube.ide.mcu.externaltools.gnu-tools-for-stm32.7-2018-q2-update.linux64_1.0.0.201904181610/tools/bin/../lib/gcc/arm-none-eabi/7.3.1/../../../../arm-none-eabi/lib/thumb/v7-m/libc_nano.a(lib_a-abort.o)
                              Core/Src/exception.o (abort)
/opt/st/stm32cubeide_1.3.0/plugins/com.st.stm32cube.ide.mcu.externaltools.gnu-tools-for-stm32.7-2018-q2-update.linux64_1.0.0.201904181610/tools/bin/../lib/gcc/arm-none-eabi/7.3.1/../../../../arm-none-eabi/lib/thumb/v7-m/libc_nano.a(lib_a-atoi.o)
                              Core/Src/command.o (atoi)
/opt/st/stm32cubeide_1.3.0/plugins/com.st.stm32cube.ide.mcu.externaltools.gnu-tools-for-stm32.7-2018-q2-update.linux64_1.0.0.201904181610/tools/bin/../lib/gcc/arm-none-eabi/7.3.1/../../../../arm-none-eabi/lib/thumb/v7-m/libc_nano.a(lib_a-atol.o)
                              Core/Src/command.o (atol)
/opt/st/stm32cubeide_1.3.0/plugins/com.st.stm32cube.ide.mcu.externaltools.gnu-tools-for-stm32.7-2018-q2-update.linux64_1.0.0.201904181610/tools/bin/../lib/gcc/arm-none-eabi/7.3.1/../../../../arm-none-eabi/lib/thumb/v7-m/libc_nano.a(lib_a-errno.o)
                              Core/Src/syscalls.o (__errno)
/opt/st/stm32cubeide_1.3.0/plugins/com.st.stm32cube.ide.mcu.externaltools.gnu-tools-for-stm32.7-2018-q2-update.linux64_1.0.0.201904181610/tools/bin/../lib/gcc/arm-none-eabi/7.3.1/../../../../arm-none-eabi/lib/thumb/v7-m/libc_nano.a(lib_a-exit.o)
                              /opt/st/stm32cubeide_1.3.0/plugins/com.st.stm32cube.ide.mcu.externaltools.gnu-tools-for-stm32.7-2018-q2-update.linux64_1.0.0.201904181610/tools/bin/../lib/gcc/arm-none-eabi/7.3.1/../../../../arm-none-eabi/lib/thumb/v7-m/crt0.o (exit)
/opt/st/stm32cubeide_1.3.0/plugins/com.st.stm32cube.ide.mcu.externaltools.gnu-tools-for-stm32.7-2018-q2-update.linux64_1.0.0.201904181610/tools/bin/../lib/gcc/arm-none-eabi/7.3.1/../../../../arm-none-eabi/lib/thumb/v7-m/libc_nano.a(lib_a-impure.o)
                              /opt/st/stm32cubeide_1.3.0/plugins/com.st.stm32cube.ide.mcu.externaltools.gnu-tools-for-stm32.7-2018-q2-update.linux64_1.0.0.201904181610/tools/bin/../lib/gcc/arm-none-eabi/7.3.1/../../../../arm-none-eabi/lib/thumb/v7-m/libc_nano.a(lib_a-exit.o) (_global_impure_ptr)
/opt/st/stm32cubeide_1.3.0/plugins/com.st.stm32cube.ide.mcu.externaltools.gnu-tools-for-stm32.7-2018-q2-update.linux64_1.0.0.201904181610/tools/bin/../lib/gcc/arm-none-eabi/7.3.1/../../../../arm-none-eabi/lib/thumb/v7-m/libc_nano.a(lib_a-init.o)
                              /opt/st/stm32cubeide_1.3.0/plugins/com.st.stm32cube.ide.mcu.externaltools.gnu-tools-for-stm32.7-2018-q2-update.linux64_1.0.0.201904181610/tools/bin/../lib/gcc/arm-none-eabi/7.3.1/../../../../arm-none-eabi/lib/thumb/v7-m/crt0.o (__libc_init_array)
/opt/st/stm32cubeide_1.3.0/plugins/com.st.stm32cube.ide.mcu.externaltools.gnu-tools-for-stm32.7-2018-q2-update.linux64_1.0.0.201904181610/tools/bin/../lib/gcc/arm-none-eabi/7.3.1/../../../../arm-none-eabi/lib/thumb/v7-m/libc_nano.a(lib_a-malloc.o)
                              Core/Src/gdb_packet.o (free)
/opt/st/stm32cubeide_1.3.0/plugins/com.st.stm32cube.ide.mcu.externaltools.gnu-tools-for-stm32.7-2018-q2-update.linux64_1.0.0.201904181610/tools/bin/../lib/gcc/arm-none-eabi/7.3.1/../../../../arm-none-eabi/lib/thumb/v7-m/libc_nano.a(lib_a-memset.o)
                              /opt/st/stm32cubeide_1.3.0/plugins/com.st.stm32cube.ide.mcu.externaltools.gnu-tools-for-stm32.7-2018-q2-update.linux64_1.0.0.201904181610/tools/bin/../lib/gcc/arm-none-eabi/7.3.1/../../../../arm-none-eabi/lib/thumb/v7-m/crt0.o (memset)
/opt/st/stm32cubeide_1.3.0/plugins/com.st.stm32cube.ide.mcu.externaltools.gnu-tools-for-stm32.7-2018-q2-update.linux64_1.0.0.201904181610/tools/bin/../lib/gcc/arm-none-eabi/7.3.1/../../../../arm-none-eabi/lib/thumb/v7-m/libc_nano.a(lib_a-nano-freer.o)
                              /opt/st/stm32cubeide_1.3.0/plugins/com.st.stm32cube.ide.mcu.externaltools.gnu-tools-for-stm32.7-2018-q2-update.linux64_1.0.0.201904181610/tools/bin/../lib/gcc/arm-none-eabi/7.3.1/../../../../arm-none-eabi/lib/thumb/v7-m/libc_nano.a(lib_a-malloc.o) (_free_r)
/opt/st/stm32cubeide_1.3.0/plugins/com.st.stm32cube.ide.mcu.externaltools.gnu-tools-for-stm32.7-2018-q2-update.linux64_1.0.0.201904181610/tools/bin/../lib/gcc/arm-none-eabi/7.3.1/../../../../arm-none-eabi/lib/thumb/v7-m/libc_nano.a(lib_a-nano-mallocr.o)
                              /opt/st/stm32cubeide_1.3.0/plugins/com.st.stm32cube.ide.mcu.externaltools.gnu-tools-for-stm32.7-2018-q2-update.linux64_1.0.0.201904181610/tools/bin/../lib/gcc/arm-none-eabi/7.3.1/../../../../arm-none-eabi/lib/thumb/v7-m/libc_nano.a(lib_a-malloc.o) (_malloc_r)
[...]
Memory Configuration

Name             Origin             Length             Attributes
RAM              0x0000000020000000 0x0000000000005000 xrw
FLASH            0x0000000008000000 0x0000000000020000 xr
*default*        0x0000000000000000 0xffffffffffffffff

Linker script and memory map

LOAD /opt/st/stm32cubeide_1.3.0/plugins/com.st.stm32cube.ide.mcu.externaltools.gnu-tools-for-stm32.7-2018-q2-update.linux64_1.0.0.201904181610/tools/bin/../lib/gcc/arm-none-eabi/7.3.1/thumb/v7-m/crti.o
LOAD /opt/st/stm32cubeide_1.3.0/plugins/com.st.stm32cube.ide.mcu.externaltools.gnu-tools-for-stm32.7-2018-q2-update.linux64_1.0.0.201904181610/tools/bin/../lib/gcc/arm-none-eabi/7.3.1/thumb/v7-m/crtbegin.o
LOAD /opt/st/stm32cubeide_1.3.0/plugins/com.st.stm32cube.ide.mcu.externaltools.gnu-tools-for-stm32.7-2018-q2-update.linux64_1.0.0.201904181610/tools/bin/../lib/gcc/arm-none-eabi/7.3.1/../../../../arm-none-eabi/lib/thumb/v7-m/crt0.o
LOAD Core/Src/command.o
LOAD Core/Src/exception.o
LOAD Core/Src/gdb_hostio.o
LOAD Core/Src/gdb_if.o
LOAD Core/Src/gdb_main.o
LOAD Core/Src/gdb_packet.o
LOAD Core/Src/hex_utils.o
LOAD Core/Src/main.o
LOAD Core/Src/stm32f1xx_hal_msp.o
LOAD Core/Src/stm32f1xx_it.o
LOAD Core/Src/syscalls.o
LOAD Core/Src/sysmem.o
LOAD Core/Src/system_stm32f1xx.o
LOAD Core/Startup/startup_stm32f103cbux.o
LOAD Drivers/STM32F1xx_HAL_Driver/Src/stm32f1xx_hal.o
LOAD Drivers/STM32F1xx_HAL_Driver/Src/stm32f1xx_hal_adc.o
LOAD Drivers/STM32F1xx_HAL_Driver/Src/stm32f1xx_hal_adc_ex.o
LOAD Drivers/STM32F1xx_HAL_Driver/Src/stm32f1xx_hal_cortex.o
LOAD Drivers/STM32F1xx_HAL_Driver/Src/stm32f1xx_hal_dma.o
LOAD Drivers/STM32F1xx_HAL_Driver/Src/stm32f1xx_hal_exti.o
LOAD Drivers/STM32F1xx_HAL_Driver/Src/stm32f1xx_hal_flash.o
LOAD Drivers/STM32F1xx_HAL_Driver/Src/stm32f1xx_hal_flash_ex.o
LOAD Drivers/STM32F1xx_HAL_Driver/Src/stm32f1xx_hal_gpio.o
LOAD Drivers/STM32F1xx_HAL_Driver/Src/stm32f1xx_hal_gpio_ex.o
LOAD Drivers/STM32F1xx_HAL_Driver/Src/stm32f1xx_hal_pcd.o
LOAD Drivers/STM32F1xx_HAL_Driver/Src/stm32f1xx_hal_pcd_ex.o
LOAD Drivers/STM32F1xx_HAL_Driver/Src/stm32f1xx_hal_pwr.o
LOAD Drivers/STM32F1xx_HAL_Driver/Src/stm32f1xx_hal_rcc.o
LOAD Drivers/STM32F1xx_HAL_Driver/Src/stm32f1xx_hal_rcc_ex.o
LOAD Drivers/STM32F1xx_HAL_Driver/Src/stm32f1xx_hal_tim.o
LOAD Drivers/STM32F1xx_HAL_Driver/Src/stm32f1xx_hal_tim_ex.o
LOAD Drivers/STM32F1xx_HAL_Driver/Src/stm32f1xx_ll_usb.o
LOAD Middlewares/ST/STM32_USB_Device_Library/Class/CDC/Src/usbd_cdc.o
LOAD Middlewares/ST/STM32_USB_Device_Library/Core/Src/usbd_core.o
LOAD Middlewares/ST/STM32_USB_Device_Library/Core/Src/usbd_ctlreq.o
LOAD Middlewares/ST/STM32_USB_Device_Library/Core/Src/usbd_ioreq.o
LOAD USB_DEVICE/App/usb_device.o
LOAD USB_DEVICE/App/usbd_cdc_if.o
LOAD USB_DEVICE/App/usbd_desc.o
LOAD USB_DEVICE/Target/usbd_conf.o
START GROUP
LOAD /opt/st/stm32cubeide_1.3.0/plugins/com.st.stm32cube.ide.mcu.externaltools.gnu-tools-for-stm32.7-2018-q2-update.linux64_1.0.0.201904181610/tools/bin/../lib/gcc/arm-none-eabi/7.3.1/../../../../arm-none-eabi/lib/thumb/v7-m/libc_nano.a
LOAD /opt/st/stm32cubeide_1.3.0/plugins/com.st.stm32cube.ide.mcu.externaltools.gnu-tools-for-stm32.7-2018-q2-update.linux64_1.0.0.201904181610/tools/bin/../lib/gcc/arm-none-eabi/7.3.1/../../../../arm-none-eabi/lib/thumb/v7-m/libm.a
END GROUP
START GROUP
LOAD /opt/st/stm32cubeide_1.3.0/plugins/com.st.stm32cube.ide.mcu.externaltools.gnu-tools-for-stm32.7-2018-q2-update.linux64_1.0.0.201904181610/tools/bin/../lib/gcc/arm-none-eabi/7.3.1/thumb/v7-m/libgcc.a
LOAD /opt/st/stm32cubeide_1.3.0/plugins/com.st.stm32cube.ide.mcu.externaltools.gnu-tools-for-stm32.7-2018-q2-update.linux64_1.0.0.201904181610/tools/bin/../lib/gcc/arm-none-eabi/7.3.1/../../../../arm-none-eabi/lib/thumb/v7-m/libc_nano.a
END GROUP
START GROUP
LOAD /opt/st/stm32cubeide_1.3.0/plugins/com.st.stm32cube.ide.mcu.externaltools.gnu-tools-for-stm32.7-2018-q2-update.linux64_1.0.0.201904181610/tools/bin/../lib/gcc/arm-none-eabi/7.3.1/thumb/v7-m/libgcc.a
LOAD /opt/st/stm32cubeide_1.3.0/plugins/com.st.stm32cube.ide.mcu.externaltools.gnu-tools-for-stm32.7-2018-q2-update.linux64_1.0.0.201904181610/tools/bin/../lib/gcc/arm-none-eabi/7.3.1/../../../../arm-none-eabi/lib/thumb/v7-m/libc_nano.a
LOAD /opt/st/stm32cubeide_1.3.0/plugins/com.st.stm32cube.ide.mcu.externaltools.gnu-tools-for-stm32.7-2018-q2-update.linux64_1.0.0.201904181610/tools/bin/../lib/gcc/arm-none-eabi/7.3.1/../../../../arm-none-eabi/lib/thumb/v7-m/libnosys.a
END GROUP
START GROUP
LOAD /opt/st/stm32cubeide_1.3.0/plugins/com.st.stm32cube.ide.mcu.externaltools.gnu-tools-for-stm32.7-2018-q2-update.linux64_1.0.0.201904181610/tools/bin/../lib/gcc/arm-none-eabi/7.3.1/thumb/v7-m/libgcc.a
LOAD /opt/st/stm32cubeide_1.3.0/plugins/com.st.stm32cube.ide.mcu.externaltools.gnu-tools-for-stm32.7-2018-q2-update.linux64_1.0.0.201904181610/tools/bin/../lib/gcc/arm-none-eabi/7.3.1/../../../../arm-none-eabi/lib/thumb/v7-m/libc_nano.a
LOAD /opt/st/stm32cubeide_1.3.0/plugins/com.st.stm32cube.ide.mcu.externaltools.gnu-tools-for-stm32.7-2018-q2-update.linux64_1.0.0.201904181610/tools/bin/../lib/gcc/arm-none-eabi/7.3.1/../../../../arm-none-eabi/lib/thumb/v7-m/libnosys.a
END GROUP
LOAD /opt/st/stm32cubeide_1.3.0/plugins/com.st.stm32cube.ide.mcu.externaltools.gnu-tools-for-stm32.7-2018-q2-update.linux64_1.0.0.201904181610/tools/bin/../lib/gcc/arm-none-eabi/7.3.1/thumb/v7-m/crtend.o
LOAD /opt/st/stm32cubeide_1.3.0/plugins/com.st.stm32cube.ide.mcu.externaltools.gnu-tools-for-stm32.7-2018-q2-update.linux64_1.0.0.201904181610/tools/bin/../lib/gcc/arm-none-eabi/7.3.1/thumb/v7-m/crtn.o
                0x0000000020005000                _estack = (ORIGIN (RAM) + LENGTH (RAM))
                0x0000000000000200                _Min_Heap_Size = 0x200
                0x0000000000000400                _Min_Stack_Size = 0x400

.isr_vector     0x0000000008000000      0x10c
                0x0000000008000000                . = ALIGN (0x4)
 *(.isr_vector)
 .isr_vector    0x0000000008000000      0x10c Core/Startup/startup_stm32f103cbux.o
                0x0000000008000000                g_pfnVectors
                0x000000000800010c                . = ALIGN (0x4)

.text           0x000000000800010c     0x8aa4
                0x000000000800010c                . = ALIGN (0x4)
 *(.text)
 .text          0x000000000800010c       0x40 /opt/st/stm32cubeide_1.3.0/plugins/com.st.stm32cube.ide.mcu.externaltools.gnu-tools-for-stm32.7-2018-q2-update.linux64_1.0.0.201904181610/tools/bin/../lib/gcc/arm-none-eabi/7.3.1/thumb/v7-m/crtbegin.o
 .text          0x000000000800014c       0x1c /opt/st/stm32cubeide_1.3.0/plugins/com.st.stm32cube.ide.mcu.externaltools.gnu-tools-for-stm32.7-2018-q2-update.linux64_1.0.0.201904181610/tools/bin/../lib/gcc/arm-none-eabi/7.3.1/../../../../arm-none-eabi/lib/thumb/v7-m/libc_nano.a(lib_a-setjmp.o)
                0x000000000800014c                setjmp
                0x0000000008000158                longjmp
 .text          0x0000000008000168       0x14 /opt/st/stm32cubeide_1.3.0/plugins/com.st.stm32cube.ide.mcu.externaltools.gnu-tools-for-stm32.7-2018-q2-update.linux64_1.0.0.201904181610/tools/bin/../lib/gcc/arm-none-eabi/7.3.1/../../../../arm-none-eabi/lib/thumb/v7-m/libc_nano.a(lib_a-strcmp.o)
                0x0000000008000168                strcmp
 .text          0x000000000800017c       0x10 /opt/st/stm32cubeide_1.3.0/plugins/com.st.stm32cube.ide.mcu.externaltools.gnu-tools-for-stm32.7-2018-q2-update.linux64_1.0.0.201904181610/tools/bin/../lib/gcc/arm-none-eabi/7.3.1/../../../../arm-none-eabi/lib/thumb/v7-m/libc_nano.a(lib_a-strlen.o)
                0x000000000800017c                strlen
 *(.text*)
 .text.command_process
                0x000000000800018c      0x100 Core/Src/command.o
                0x000000000800018c                command_process
 .text.cmd_version
                0x000000000800028c       0x3c Core/Src/command.o
 .text.cmd_help
                0x00000000080002c8       0x5c Core/Src/command.o
 .text.cmd_jtag_scan
                0x0000000008000324      0x198 Core/Src/command.o
 .text.cmd_swdp_scan
                0x00000000080004bc       0xdc Core/Src/command.o
 .text.display_target
                0x0000000008000598       0x5c Core/Src/command.o
 .text.cmd_targets
                0x00000000080005f4       0x50 Core/Src/command.o
 .text.cmd_morse
                0x0000000008000644       0x34 Core/Src/command.o
 .text.parse_enable_or_disable
                0x0000000008000678       0x84 Core/Src/command.o
                0x0000000008000678                parse_enable_or_disable
 .text.cmd_connect_srst
                0x00000000080006fc       0x7c Core/Src/command.o
 .text.cmd_halt_timeout
                0x0000000008000778       0x44 Core/Src/command.o
 .text.cmd_hard_srst
                0x00000000080007bc       0x26 Core/Src/command.o
 *fill*         0x00000000080007e2        0x2 
 .text.hostio_reply
                0x00000000080007e4       0x84 Core/Src/gdb_hostio.o
                0x00000000080007e4                hostio_reply
 .text.hostio_open
                0x0000000008000868       0x38 Core/Src/gdb_hostio.o
                0x0000000008000868                hostio_open
 .text.hostio_close
                0x00000000080008a0       0x28 Core/Src/gdb_hostio.o
                0x00000000080008a0                hostio_close
 .text.hostio_read
                0x00000000080008c8       0x30 Core/Src/gdb_hostio.o
                0x00000000080008c8                hostio_read
 .text.hostio_write
                0x00000000080008f8       0x30 Core/Src/gdb_hostio.o
                0x00000000080008f8                hostio_write
 .text.hostio_lseek
                0x0000000008000928       0x30 Core/Src/gdb_hostio.o
                0x0000000008000928                hostio_lseek
 .text.hostio_rename
                0x0000000008000958       0x34 Core/Src/gdb_hostio.o
                0x0000000008000958                hostio_rename
 .text.hostio_unlink
                0x000000000800098c       0x2c Core/Src/gdb_hostio.o
                0x000000000800098c                hostio_unlink
 .text.hostio_stat
                0x00000000080009b8       0x30 Core/Src/gdb_hostio.o
                0x00000000080009b8                hostio_stat
 .text.hostio_fstat
                0x00000000080009e8       0x2c Core/Src/gdb_hostio.o
                0x00000000080009e8                hostio_fstat
 .text.hostio_gettimeofday
                0x0000000008000a14       0x2c Core/Src/gdb_hostio.o
                0x0000000008000a14                hostio_gettimeofday
 .text.hostio_isatty
                0x0000000008000a40       0x28 Core/Src/gdb_hostio.o
                0x0000000008000a40                hostio_isatty
 .text.hostio_system
                0x0000000008000a68       0x2c Core/Src/gdb_hostio.o
                0x0000000008000a68                hostio_system
 .text.gdb_if_putchar
                0x0000000008000a94       0x78 Core/Src/gdb_if.o
                0x0000000008000a94                gdb_if_putchar
 .text.gdb_if_update_buf
                0x0000000008000b0c       0x18 Core/Src/gdb_if.o
 .text.gdb_if_getchar
                0x0000000008000b24       0x34 Core/Src/gdb_if.o
                0x0000000008000b24                gdb_if_getchar
 .text.gdb_if_getchar_to
                0x0000000008000b58       0x34 Core/Src/gdb_if.o
                0x0000000008000b58                gdb_if_getchar_to
 .text.gdb_target_destroy_callback
                0x0000000008000b8c       0x3c Core/Src/gdb_main.o
 .text.gdb_target_printf
                0x0000000008000bc8       0x1c Core/Src/gdb_main.o
 .text.gdb_main_loop
                0x0000000008000be4      0x8e4 Core/Src/gdb_main.o
                0x0000000008000be4                gdb_main_loop
 .text.handle_q_string_reply
                0x00000000080014c8      0x104 Core/Src/gdb_main.o
 .text.handle_q_packet
                0x00000000080015cc      0x230 Core/Src/gdb_main.o
 .text.handle_v_packet
                0x00000000080017fc      0x214 Core/Src/gdb_main.o
 .text.handle_z_packet
                0x0000000008001a10       0xa8 Core/Src/gdb_main.o
 .text.gdb_main
                0x0000000008001ab8       0x14 Core/Src/gdb_main.o
                0x0000000008001ab8                gdb_main
 .text.gdb_getpacket
                0x0000000008001acc      0x186 Core/Src/gdb_packet.o
                0x0000000008001acc                gdb_getpacket
 *fill*         0x0000000008001c52        0x2 
 .text.gdb_putpacket
                0x0000000008001c54       0xd8 Core/Src/gdb_packet.o
                0x0000000008001c54                gdb_putpacket
 .text.gdb_putpacket_f
                0x0000000008001d2c       0x3c Core/Src/gdb_packet.o
                0x0000000008001d2c                gdb_putpacket_f
 .text.gdb_out  0x0000000008001d68       0x5c Core/Src/gdb_packet.o
                0x0000000008001d68                gdb_out
 .text.gdb_voutf
                0x0000000008001dc4       0x38 Core/Src/gdb_packet.o
                0x0000000008001dc4                gdb_voutf
 .text.gdb_outf
                0x0000000008001dfc       0x24 Core/Src/gdb_packet.o
                0x0000000008001dfc                gdb_outf
 .text.hexify   0x0000000008001e20       0x68 Core/Src/hex_utils.o
                0x0000000008001e20                hexify
 .text.unhex_digit
                0x0000000008001e88       0x34 Core/Src/hex_utils.o
 .text.unhexify
                0x0000000008001ebc       0x5e Core/Src/hex_utils.o
                0x0000000008001ebc                unhexify
 *fill*         0x0000000008001f1a        0x2 
 .text.main     0x0000000008001f1c       0x60 Core/Src/main.o
                0x0000000008001f1c                main
 .text.SystemClock_Config
                0x0000000008001f7c       0xbc Core/Src/main.o
                0x0000000008001f7c                SystemClock_Config
 .text.MX_ADC1_Init
                0x0000000008002038       0x7c Core/Src/main.o
 .text.MX_GPIO_Init
                0x00000000080020b4      0x110 Core/Src/main.o
 .text.Error_Handler
                0x00000000080021c4        0xc Core/Src/main.o
                0x00000000080021c4                Error_Handler
 .text.HAL_MspInit
                0x00000000080021d0       0x64 Core/Src/stm32f1xx_hal_msp.o
                0x00000000080021d0                HAL_MspInit
 .text.HAL_ADC_MspInit
                0x0000000008002234       0x78 Core/Src/stm32f1xx_hal_msp.o
                0x0000000008002234                HAL_ADC_MspInit
 .text.NMI_Handler
                0x00000000080022ac        0xc Core/Src/stm32f1xx_it.o
                0x00000000080022ac                NMI_Handler
 .text.HardFault_Handler
                0x00000000080022b8        0x6 Core/Src/stm32f1xx_it.o
                0x00000000080022b8                HardFault_Handler
 .text.MemManage_Handler
                0x00000000080022be        0x6 Core/Src/stm32f1xx_it.o
                0x00000000080022be                MemManage_Handler
 .text.BusFault_Handler
                0x00000000080022c4        0x6 Core/Src/stm32f1xx_it.o
                0x00000000080022c4                BusFault_Handler
 .text.UsageFault_Handler
                0x00000000080022ca        0x6 Core/Src/stm32f1xx_it.o
                0x00000000080022ca                UsageFault_Handler
 .text.SVC_Handler
                0x00000000080022d0        0xc Core/Src/stm32f1xx_it.o
                0x00000000080022d0                SVC_Handler
 .text.DebugMon_Handler
                0x00000000080022dc        0xc Core/Src/stm32f1xx_it.o
                0x00000000080022dc                DebugMon_Handler
 .text.PendSV_Handler
                0x00000000080022e8        0xc Core/Src/stm32f1xx_it.o
                0x00000000080022e8                PendSV_Handler
 .text.SysTick_Handler
                0x00000000080022f4        0xc Core/Src/stm32f1xx_it.o
                0x00000000080022f4                SysTick_Handler
 .text.USB_LP_CAN1_RX0_IRQHandler
                0x0000000008002300       0x14 Core/Src/stm32f1xx_it.o
                0x0000000008002300                USB_LP_CAN1_RX0_IRQHandler
 .text._sbrk    0x0000000008002314       0x58 Core/Src/sysmem.o
                0x0000000008002314                _sbrk
 .text.SystemInit
                0x000000000800236c       0x68 Core/Src/system_stm32f1xx.o
                0x000000000800236c                SystemInit
 .text.Reset_Handler
                0x00000000080023d4       0x48 Core/Startup/startup_stm32f103cbux.o
                0x00000000080023d4                Reset_Handler
 .text.Default_Handler
                0x000000000800241c        0x2 Core/Startup/startup_stm32f103cbux.o
                0x000000000800241c                RTC_Alarm_IRQHandler
                0x000000000800241c                EXTI2_IRQHandler
                0x000000000800241c                TIM1_CC_IRQHandler
                0x000000000800241c                PVD_IRQHandler
                0x000000000800241c                EXTI3_IRQHandler
                0x000000000800241c                EXTI0_IRQHandler
                0x000000000800241c                I2C2_EV_IRQHandler
                0x000000000800241c                ADC1_2_IRQHandler
                0x000000000800241c                SPI1_IRQHandler
                0x000000000800241c                TAMPER_IRQHandler
                0x000000000800241c                DMA1_Channel4_IRQHandler
                0x000000000800241c                USART3_IRQHandler
                0x000000000800241c                RTC_IRQHandler
                0x000000000800241c                DMA1_Channel7_IRQHandler
                0x000000000800241c                CAN1_RX1_IRQHandler
                0x000000000800241c                TIM4_IRQHandler
                0x000000000800241c                I2C1_EV_IRQHandler
                0x000000000800241c                DMA1_Channel6_IRQHandler
                0x000000000800241c                TIM3_IRQHandler
                0x000000000800241c                RCC_IRQHandler
                0x000000000800241c                TIM1_TRG_COM_IRQHandler
                0x000000000800241c                DMA1_Channel1_IRQHandler
                0x000000000800241c                Default_Handler
                0x000000000800241c                EXTI15_10_IRQHandler
                0x000000000800241c                EXTI9_5_IRQHandler
                0x000000000800241c                SPI2_IRQHandler
                0x000000000800241c                DMA1_Channel5_IRQHandler
                0x000000000800241c                EXTI4_IRQHandler
                0x000000000800241c                USB_HP_CAN1_TX_IRQHandler
                0x000000000800241c                DMA1_Channel3_IRQHandler
                0x000000000800241c                TIM1_UP_IRQHandler
                0x000000000800241c                WWDG_IRQHandler
                0x000000000800241c                TIM2_IRQHandler
                0x000000000800241c                TIM1_BRK_IRQHandler
                0x000000000800241c                EXTI1_IRQHandler
                0x000000000800241c                USART2_IRQHandler
                0x000000000800241c                I2C2_ER_IRQHandler
                0x000000000800241c                DMA1_Channel2_IRQHandler
                0x000000000800241c                CAN1_SCE_IRQHandler
                0x000000000800241c                FLASH_IRQHandler
                0x000000000800241c                USART1_IRQHandler
                0x000000000800241c                I2C1_ER_IRQHandler
                0x000000000800241c                USBWakeUp_IRQHandler
 *fill*         0x000000000800241e        0x2 
 .text.HAL_Init
                0x0000000008002420       0x2c Drivers/STM32F1xx_HAL_Driver/Src/stm32f1xx_hal.o
                0x0000000008002420                HAL_Init
 .text.HAL_InitTick
                0x000000000800244c       0x60 Drivers/STM32F1xx_HAL_Driver/Src/stm32f1xx_hal.o
                0x000000000800244c                HAL_InitTick
 .text.HAL_IncTick
                0x00000000080024ac       0x24 Drivers/STM32F1xx_HAL_Driver/Src/stm32f1xx_hal.o
                0x00000000080024ac                HAL_IncTick
 .text.HAL_GetTick
                0x00000000080024d0       0x14 Drivers/STM32F1xx_HAL_Driver/Src/stm32f1xx_hal.o
                0x00000000080024d0                HAL_GetTick
 .text.HAL_ADC_Init
                0x00000000080024e4      0x1b0 Drivers/STM32F1xx_HAL_Driver/Src/stm32f1xx_hal_adc.o
                0x00000000080024e4                HAL_ADC_Init
 .text.HAL_ADC_ConfigChannel
                0x0000000008002694      0x1f0 Drivers/STM32F1xx_HAL_Driver/Src/stm32f1xx_hal_adc.o
                0x0000000008002694                HAL_ADC_ConfigChannel
 .text.ADC_ConversionStop_Disable
                0x0000000008002884       0x74 Drivers/STM32F1xx_HAL_Driver/Src/stm32f1xx_hal_adc.o
                0x0000000008002884                ADC_ConversionStop_Disable
 .text.__NVIC_SetPriorityGrouping
                0x00000000080028f8       0x48 Drivers/STM32F1xx_HAL_Driver/Src/stm32f1xx_hal_cortex.o
 .text.__NVIC_GetPriorityGrouping
                0x0000000008002940       0x1c Drivers/STM32F1xx_HAL_Driver/Src/stm32f1xx_hal_cortex.o
 .text.__NVIC_EnableIRQ
                0x000000000800295c       0x38 Drivers/STM32F1xx_HAL_Driver/Src/stm32f1xx_hal_cortex.o
 .text.__NVIC_SetPriority
                0x0000000008002994       0x54 Drivers/STM32F1xx_HAL_Driver/Src/stm32f1xx_hal_cortex.o
 .text.NVIC_EncodePriority
                0x00000000080029e8       0x64 Drivers/STM32F1xx_HAL_Driver/Src/stm32f1xx_hal_cortex.o
 .text.SysTick_Config
                0x0000000008002a4c       0x44 Drivers/STM32F1xx_HAL_Driver/Src/stm32f1xx_hal_cortex.o
 .text.HAL_NVIC_SetPriorityGrouping
                0x0000000008002a90       0x16 Drivers/STM32F1xx_HAL_Driver/Src/stm32f1xx_hal_cortex.o
                0x0000000008002a90                HAL_NVIC_SetPriorityGrouping
 .text.HAL_NVIC_SetPriority
                0x0000000008002aa6       0x38 Drivers/STM32F1xx_HAL_Driver/Src/stm32f1xx_hal_cortex.o
                0x0000000008002aa6                HAL_NVIC_SetPriority
 .text.HAL_NVIC_EnableIRQ
                0x0000000008002ade       0x1c Drivers/STM32F1xx_HAL_Driver/Src/stm32f1xx_hal_cortex.o
                0x0000000008002ade                HAL_NVIC_EnableIRQ
 .text.HAL_SYSTICK_Config
                0x0000000008002afa       0x18 Drivers/STM32F1xx_HAL_Driver/Src/stm32f1xx_hal_cortex.o
                0x0000000008002afa                HAL_SYSTICK_Config
 *fill*         0x0000000008002b12        0x2 
 .text.HAL_GPIO_Init
                0x0000000008002b14      0x2b4 Drivers/STM32F1xx_HAL_Driver/Src/stm32f1xx_hal_gpio.o
                0x0000000008002b14                HAL_GPIO_Init
 .text.HAL_GPIO_WritePin
                0x0000000008002dc8       0x30 Drivers/STM32F1xx_HAL_Driver/Src/stm32f1xx_hal_gpio.o
                0x0000000008002dc8                HAL_GPIO_WritePin
 .text.HAL_PCD_Init
                0x0000000008002df8      0x1c2 Drivers/STM32F1xx_HAL_Driver/Src/stm32f1xx_hal_pcd.o
                0x0000000008002df8                HAL_PCD_Init
 .text.HAL_PCD_Start
                0x0000000008002fba       0x4c Drivers/STM32F1xx_HAL_Driver/Src/stm32f1xx_hal_pcd.o
                0x0000000008002fba                HAL_PCD_Start
 .text.HAL_PCD_IRQHandler
                0x0000000008003006      0x21c Drivers/STM32F1xx_HAL_Driver/Src/stm32f1xx_hal_pcd.o
                0x0000000008003006                HAL_PCD_IRQHandler
 .text.HAL_PCD_SetAddress
                0x0000000008003222       0x4a Drivers/STM32F1xx_HAL_Driver/Src/stm32f1xx_hal_pcd.o
                0x0000000008003222                HAL_PCD_SetAddress
 .text.HAL_PCD_EP_Open
                0x000000000800326c       0xc0 Drivers/STM32F1xx_HAL_Driver/Src/stm32f1xx_hal_pcd.o
                0x000000000800326c                HAL_PCD_EP_Open
 .text.HAL_PCD_EP_Close
                0x000000000800332c       0x84 Drivers/STM32F1xx_HAL_Driver/Src/stm32f1xx_hal_pcd.o
                0x000000000800332c                HAL_PCD_EP_Close
 .text.HAL_PCD_EP_Receive
                0x00000000080033b0       0x74 Drivers/STM32F1xx_HAL_Driver/Src/stm32f1xx_hal_pcd.o
                0x00000000080033b0                HAL_PCD_EP_Receive
 .text.HAL_PCD_EP_GetRxCount
                0x0000000008003424       0x28 Drivers/STM32F1xx_HAL_Driver/Src/stm32f1xx_hal_pcd.o
                0x0000000008003424                HAL_PCD_EP_GetRxCount
 .text.HAL_PCD_EP_Transmit
                0x000000000800344c       0x72 Drivers/STM32F1xx_HAL_Driver/Src/stm32f1xx_hal_pcd.o
                0x000000000800344c                HAL_PCD_EP_Transmit
 .text.HAL_PCD_EP_SetStall
                0x00000000080034be       0xb4 Drivers/STM32F1xx_HAL_Driver/Src/stm32f1xx_hal_pcd.o
                0x00000000080034be                HAL_PCD_EP_SetStall
 .text.HAL_PCD_EP_ClrStall
                0x0000000008003572       0x9c Drivers/STM32F1xx_HAL_Driver/Src/stm32f1xx_hal_pcd.o
                0x0000000008003572                HAL_PCD_EP_ClrStall
 *fill*         0x000000000800360e        0x2 
 .text.PCD_EP_ISR_Handler
                0x0000000008003610      0x534 Drivers/STM32F1xx_HAL_Driver/Src/stm32f1xx_hal_pcd.o
 .text.HAL_PCDEx_PMAConfig
                0x0000000008003b44       0x78 Drivers/STM32F1xx_HAL_Driver/Src/stm32f1xx_hal_pcd_ex.o
                0x0000000008003b44                HAL_PCDEx_PMAConfig
 .text.HAL_RCC_OscConfig
                0x0000000008003bbc      0x500 Drivers/STM32F1xx_HAL_Driver/Src/stm32f1xx_hal_rcc.o
                0x0000000008003bbc                HAL_RCC_OscConfig
 .text.HAL_RCC_ClockConfig
                0x00000000080040bc      0x1d4 Drivers/STM32F1xx_HAL_Driver/Src/stm32f1xx_hal_rcc.o
                0x00000000080040bc                HAL_RCC_ClockConfig
 .text.HAL_RCC_GetSysClockFreq
                0x0000000008004290       0xc4 Drivers/STM32F1xx_HAL_Driver/Src/stm32f1xx_hal_rcc.o
                0x0000000008004290                HAL_RCC_GetSysClockFreq
 .text.RCC_Delay
                0x0000000008004354       0x3c Drivers/STM32F1xx_HAL_Driver/Src/stm32f1xx_hal_rcc.o
 .text.HAL_RCCEx_PeriphCLKConfig
                0x0000000008004390      0x16c Drivers/STM32F1xx_HAL_Driver/Src/stm32f1xx_hal_rcc_ex.o
                0x0000000008004390                HAL_RCCEx_PeriphCLKConfig
 .text.USB_CoreInit
                0x00000000080044fc       0x20 Drivers/STM32F1xx_HAL_Driver/Src/stm32f1xx_ll_usb.o
                0x00000000080044fc                USB_CoreInit
 .text.USB_EnableGlobalInt
                0x000000000800451c       0x2e Drivers/STM32F1xx_HAL_Driver/Src/stm32f1xx_ll_usb.o
                0x000000000800451c                USB_EnableGlobalInt
 .text.USB_DisableGlobalInt
                0x000000000800454a       0x38 Drivers/STM32F1xx_HAL_Driver/Src/stm32f1xx_ll_usb.o
                0x000000000800454a                USB_DisableGlobalInt
 .text.USB_SetCurrentMode
                0x0000000008004582       0x18 Drivers/STM32F1xx_HAL_Driver/Src/stm32f1xx_ll_usb.o
                0x0000000008004582                USB_SetCurrentMode
 .text.USB_DevInit
                0x000000000800459a       0x48 Drivers/STM32F1xx_HAL_Driver/Src/stm32f1xx_ll_usb.o
                0x000000000800459a                USB_DevInit
 *fill*         0x00000000080045e2        0x2 
 .text.USB_ActivateEndpoint
                0x00000000080045e4      0x5dc Drivers/STM32F1xx_HAL_Driver/Src/stm32f1xx_ll_usb.o
                0x00000000080045e4                USB_ActivateEndpoint
 .text.USB_DeactivateEndpoint
                0x0000000008004bc0      0x32c Drivers/STM32F1xx_HAL_Driver/Src/stm32f1xx_ll_usb.o
                0x0000000008004bc0                USB_DeactivateEndpoint
 .text.USB_EPStartXfer
                0x0000000008004eec      0x570 Drivers/STM32F1xx_HAL_Driver/Src/stm32f1xx_ll_usb.o
                0x0000000008004eec                USB_EPStartXfer
 .text.USB_EPSetStall
                0x000000000800545c       0x84 Drivers/STM32F1xx_HAL_Driver/Src/stm32f1xx_ll_usb.o
                0x000000000800545c                USB_EPSetStall
 .text.USB_EPClearStall
                0x00000000080054e0      0x128 Drivers/STM32F1xx_HAL_Driver/Src/stm32f1xx_ll_usb.o
                0x00000000080054e0                USB_EPClearStall
 .text.USB_SetDevAddress
                0x0000000008005608       0x26 Drivers/STM32F1xx_HAL_Driver/Src/stm32f1xx_ll_usb.o
                0x0000000008005608                USB_SetDevAddress
 .text.USB_DevConnect
                0x000000000800562e       0x14 Drivers/STM32F1xx_HAL_Driver/Src/stm32f1xx_ll_usb.o
                0x000000000800562e                USB_DevConnect
 .text.USB_DevDisconnect
                0x0000000008005642       0x14 Drivers/STM32F1xx_HAL_Driver/Src/stm32f1xx_ll_usb.o
                0x0000000008005642                USB_DevDisconnect
 .text.USB_ReadInterrupts
                0x0000000008005656       0x1e Drivers/STM32F1xx_HAL_Driver/Src/stm32f1xx_ll_usb.o
                0x0000000008005656                USB_ReadInterrupts
 .text.USB_EP0_OutStart
                0x0000000008005674       0x16 Drivers/STM32F1xx_HAL_Driver/Src/stm32f1xx_ll_usb.o
                0x0000000008005674                USB_EP0_OutStart
 .text.USB_WritePMA
                0x000000000800568a       0x88 Drivers/STM32F1xx_HAL_Driver/Src/stm32f1xx_ll_usb.o
                0x000000000800568a                USB_WritePMA
 .text.USB_ReadPMA
                0x0000000008005712       0x9e Drivers/STM32F1xx_HAL_Driver/Src/stm32f1xx_ll_usb.o
                0x0000000008005712                USB_ReadPMA
 .text.USBD_CDC_Init
                0x00000000080057b0       0xf4 Middlewares/ST/STM32_USB_Device_Library/Class/CDC/Src/usbd_cdc.o
 .text.USBD_CDC_DeInit
                0x00000000080058a4       0x6e Middlewares/ST/STM32_USB_Device_Library/Class/CDC/Src/usbd_cdc.o
 .text.USBD_CDC_Setup
                0x0000000008005912      0x140 Middlewares/ST/STM32_USB_Device_Library/Class/CDC/Src/usbd_cdc.o
 .text.USBD_CDC_DataIn
                0x0000000008005a52       0xa0 Middlewares/ST/STM32_USB_Device_Library/Class/CDC/Src/usbd_cdc.o
 .text.USBD_CDC_DataOut
                0x0000000008005af2       0x56 Middlewares/ST/STM32_USB_Device_Library/Class/CDC/Src/usbd_cdc.o
 .text.USBD_CDC_EP0_RxReady
                0x0000000008005b48       0x50 Middlewares/ST/STM32_USB_Device_Library/Class/CDC/Src/usbd_cdc.o
 .text.USBD_CDC_GetFSCfgDesc
                0x0000000008005b98       0x20 Middlewares/ST/STM32_USB_Device_Library/Class/CDC/Src/usbd_cdc.o
 .text.USBD_CDC_GetHSCfgDesc
                0x0000000008005bb8       0x20 Middlewares/ST/STM32_USB_Device_Library/Class/CDC/Src/usbd_cdc.o
 .text.USBD_CDC_GetOtherSpeedCfgDesc
                0x0000000008005bd8       0x20 Middlewares/ST/STM32_USB_Device_Library/Class/CDC/Src/usbd_cdc.o
 .text.USBD_CDC_GetDeviceQualifierDescriptor
                0x0000000008005bf8       0x20 Middlewares/ST/STM32_USB_Device_Library/Class/CDC/Src/usbd_cdc.o
                0x0000000008005bf8                USBD_CDC_GetDeviceQualifierDescriptor
 .text.USBD_CDC_RegisterInterface
                0x0000000008005c18       0x2c Middlewares/ST/STM32_USB_Device_Library/Class/CDC/Src/usbd_cdc.o
                0x0000000008005c18                USBD_CDC_RegisterInterface
 .text.USBD_CDC_SetTxBuffer
                0x0000000008005c44       0x32 Middlewares/ST/STM32_USB_Device_Library/Class/CDC/Src/usbd_cdc.o
                0x0000000008005c44                USBD_CDC_SetTxBuffer
 .text.USBD_CDC_SetRxBuffer
                0x0000000008005c76       0x26 Middlewares/ST/STM32_USB_Device_Library/Class/CDC/Src/usbd_cdc.o
                0x0000000008005c76                USBD_CDC_SetRxBuffer
 .text.USBD_CDC_TransmitPacket
                0x0000000008005c9c       0x5e Middlewares/ST/STM32_USB_Device_Library/Class/CDC/Src/usbd_cdc.o
                0x0000000008005c9c                USBD_CDC_TransmitPacket
 .text.USBD_CDC_ReceivePacket
                0x0000000008005cfa       0x54 Middlewares/ST/STM32_USB_Device_Library/Class/CDC/Src/usbd_cdc.o
                0x0000000008005cfa                USBD_CDC_ReceivePacket
 .text.USBD_Init
                0x0000000008005d4e       0x56 Middlewares/ST/STM32_USB_Device_Library/Core/Src/usbd_core.o
                0x0000000008005d4e                USBD_Init
 .text.USBD_RegisterClass
                0x0000000008005da4       0x32 Middlewares/ST/STM32_USB_Device_Library/Core/Src/usbd_core.o
                0x0000000008005da4                USBD_RegisterClass
 .text.USBD_Start
                0x0000000008005dd6       0x18 Middlewares/ST/STM32_USB_Device_Library/Core/Src/usbd_core.o
                0x0000000008005dd6                USBD_Start
 .text.USBD_RunTestMode
                0x0000000008005dee       0x14 Middlewares/ST/STM32_USB_Device_Library/Core/Src/usbd_core.o
                0x0000000008005dee                USBD_RunTestMode
 .text.USBD_SetClassConfig
                0x0000000008005e02       0x3e Middlewares/ST/STM32_USB_Device_Library/Core/Src/usbd_core.o
                0x0000000008005e02                USBD_SetClassConfig
 .text.USBD_ClrClassConfig
                0x0000000008005e40       0x26 Middlewares/ST/STM32_USB_Device_Library/Core/Src/usbd_core.o
                0x0000000008005e40                USBD_ClrClassConfig
 .text.USBD_LL_SetupStage
                0x0000000008005e66       0x96 Middlewares/ST/STM32_USB_Device_Library/Core/Src/usbd_core.o
                0x0000000008005e66                USBD_LL_SetupStage
 .text.USBD_LL_DataOutStage
                0x0000000008005efc       0xe2 Middlewares/ST/STM32_USB_Device_Library/Core/Src/usbd_core.o
                0x0000000008005efc                USBD_LL_DataOutStage
 .text.USBD_LL_DataInStage
                0x0000000008005fde      0x14a Middlewares/ST/STM32_USB_Device_Library/Core/Src/usbd_core.o
                0x0000000008005fde                USBD_LL_DataInStage
 .text.USBD_LL_Reset
                0x0000000008006128       0x82 Middlewares/ST/STM32_USB_Device_Library/Core/Src/usbd_core.o
                0x0000000008006128                USBD_LL_Reset
 .text.USBD_LL_SetSpeed
                0x00000000080061aa       0x1e Middlewares/ST/STM32_USB_Device_Library/Core/Src/usbd_core.o
                0x00000000080061aa                USBD_LL_SetSpeed
 .text.USBD_LL_Suspend
                0x00000000080061c8       0x28 Middlewares/ST/STM32_USB_Device_Library/Core/Src/usbd_core.o
                0x00000000080061c8                USBD_LL_Suspend
 .text.USBD_LL_Resume
                0x00000000080061f0       0x2a Middlewares/ST/STM32_USB_Device_Library/Core/Src/usbd_core.o
                0x00000000080061f0                USBD_LL_Resume
 .text.USBD_LL_SOF
                0x000000000800621a       0x34 Middlewares/ST/STM32_USB_Device_Library/Core/Src/usbd_core.o
                0x000000000800621a                USBD_LL_SOF
 *fill*         0x000000000800624e        0x2 
 .text.USBD_StdDevReq
                0x0000000008006250       0xd4 Middlewares/ST/STM32_USB_Device_Library/Core/Src/usbd_ctlreq.o
                0x0000000008006250                USBD_StdDevReq
 .text.USBD_StdItfReq
                0x0000000008006324       0x8c Middlewares/ST/STM32_USB_Device_Library/Core/Src/usbd_ctlreq.o
                0x0000000008006324                USBD_StdItfReq
 .text.USBD_StdEPReq
                0x00000000080063b0      0x2ba Middlewares/ST/STM32_USB_Device_Library/Core/Src/usbd_ctlreq.o
                0x00000000080063b0                USBD_StdEPReq
 *fill*         0x000000000800666a        0x2 
 .text.USBD_GetDescriptor
                0x000000000800666c      0x2d0 Middlewares/ST/STM32_USB_Device_Library/Core/Src/usbd_ctlreq.o
 .text.USBD_SetAddress
                0x000000000800693c       0x84 Middlewares/ST/STM32_USB_Device_Library/Core/Src/usbd_ctlreq.o
 .text.USBD_SetConfig
                0x00000000080069c0      0x11c Middlewares/ST/STM32_USB_Device_Library/Core/Src/usbd_ctlreq.o
 .text.USBD_GetConfig
                0x0000000008006adc       0x68 Middlewares/ST/STM32_USB_Device_Library/Core/Src/usbd_ctlreq.o
 .text.USBD_GetStatus
                0x0000000008006b44       0x66 Middlewares/ST/STM32_USB_Device_Library/Core/Src/usbd_ctlreq.o
 .text.USBD_SetFeature
                0x0000000008006baa       0x28 Middlewares/ST/STM32_USB_Device_Library/Core/Src/usbd_ctlreq.o
 .text.USBD_ClrFeature
                0x0000000008006bd2       0x42 Middlewares/ST/STM32_USB_Device_Library/Core/Src/usbd_ctlreq.o
 .text.USBD_ParseSetupRequest
                0x0000000008006c14       0x78 Middlewares/ST/STM32_USB_Device_Library/Core/Src/usbd_ctlreq.o
                0x0000000008006c14                USBD_ParseSetupRequest
 .text.USBD_CtlError
                0x0000000008006c8c       0x22 Middlewares/ST/STM32_USB_Device_Library/Core/Src/usbd_ctlreq.o
                0x0000000008006c8c                USBD_CtlError
 .text.USBD_GetString
                0x0000000008006cae       0x84 Middlewares/ST/STM32_USB_Device_Library/Core/Src/usbd_ctlreq.o
                0x0000000008006cae                USBD_GetString
 .text.USBD_GetLen
                0x0000000008006d32       0x2e Middlewares/ST/STM32_USB_Device_Library/Core/Src/usbd_ctlreq.o
 .text.USBD_CtlSendData
                0x0000000008006d60       0x38 Middlewares/ST/STM32_USB_Device_Library/Core/Src/usbd_ioreq.o
                0x0000000008006d60                USBD_CtlSendData
 .text.USBD_CtlContinueSendData
                0x0000000008006d98       0x24 Middlewares/ST/STM32_USB_Device_Library/Core/Src/usbd_ioreq.o
                0x0000000008006d98                USBD_CtlContinueSendData
 .text.USBD_CtlPrepareRx
                0x0000000008006dbc       0x3c Middlewares/ST/STM32_USB_Device_Library/Core/Src/usbd_ioreq.o
                0x0000000008006dbc                USBD_CtlPrepareRx
 .text.USBD_CtlContinueRx
                0x0000000008006df8       0x24 Middlewares/ST/STM32_USB_Device_Library/Core/Src/usbd_ioreq.o
                0x0000000008006df8                USBD_CtlContinueRx
 .text.USBD_CtlSendStatus
                0x0000000008006e1c       0x26 Middlewares/ST/STM32_USB_Device_Library/Core/Src/usbd_ioreq.o
                0x0000000008006e1c                USBD_CtlSendStatus
 .text.USBD_CtlReceiveStatus
                0x0000000008006e42       0x26 Middlewares/ST/STM32_USB_Device_Library/Core/Src/usbd_ioreq.o
                0x0000000008006e42                USBD_CtlReceiveStatus
 .text.MX_USB_DEVICE_Init
                0x0000000008006e68       0x60 USB_DEVICE/App/usb_device.o
                0x0000000008006e68                MX_USB_DEVICE_Init
 .text.CDC_Init_FS
                0x0000000008006ec8       0x28 USB_DEVICE/App/usbd_cdc_if.o
 .text.CDC_DeInit_FS
                0x0000000008006ef0        0xe USB_DEVICE/App/usbd_cdc_if.o
 *fill*         0x0000000008006efe        0x2 
 .text.CDC_Control_FS
                0x0000000008006f00       0xbc USB_DEVICE/App/usbd_cdc_if.o
 .text.CDC_Receive_FS
                0x0000000008006fbc       0x28 USB_DEVICE/App/usbd_cdc_if.o
 .text.CDC_Transmit_FS
                0x0000000008006fe4       0x4c USB_DEVICE/App/usbd_cdc_if.o
                0x0000000008006fe4                CDC_Transmit_FS
 .text.USBD_FS_DeviceDescriptor
                0x0000000008007030       0x24 USB_DEVICE/App/usbd_desc.o
                0x0000000008007030                USBD_FS_DeviceDescriptor
 .text.USBD_FS_LangIDStrDescriptor
                0x0000000008007054       0x24 USB_DEVICE/App/usbd_desc.o
                0x0000000008007054                USBD_FS_LangIDStrDescriptor
 .text.USBD_FS_ProductStrDescriptor
                0x0000000008007078       0x3c USB_DEVICE/App/usbd_desc.o
                0x0000000008007078                USBD_FS_ProductStrDescriptor
 .text.USBD_FS_ManufacturerStrDescriptor
                0x00000000080070b4       0x28 USB_DEVICE/App/usbd_desc.o
                0x00000000080070b4                USBD_FS_ManufacturerStrDescriptor
 .text.USBD_FS_SerialStrDescriptor
                0x00000000080070dc       0x24 USB_DEVICE/App/usbd_desc.o
                0x00000000080070dc                USBD_FS_SerialStrDescriptor
 .text.USBD_FS_ConfigStrDescriptor
                0x0000000008007100       0x3c USB_DEVICE/App/usbd_desc.o
                0x0000000008007100                USBD_FS_ConfigStrDescriptor
 .text.USBD_FS_InterfaceStrDescriptor
                0x000000000800713c       0x3c USB_DEVICE/App/usbd_desc.o
                0x000000000800713c                USBD_FS_InterfaceStrDescriptor
 .text.Get_SerialNum
                0x0000000008007178       0x58 USB_DEVICE/App/usbd_desc.o
 .text.IntToUnicode
                0x00000000080071d0       0x7a USB_DEVICE/App/usbd_desc.o
 *fill*         0x000000000800724a        0x2 
 .text.HAL_PCD_MspInit
                0x000000000800724c       0x4c USB_DEVICE/Target/usbd_conf.o
                0x000000000800724c                HAL_PCD_MspInit
 .text.HAL_PCD_SetupStageCallback
                0x0000000008007298       0x24 USB_DEVICE/Target/usbd_conf.o
                0x0000000008007298                HAL_PCD_SetupStageCallback
 .text.HAL_PCD_DataOutStageCallback
                0x00000000080072bc       0x30 USB_DEVICE/Target/usbd_conf.o
                0x00000000080072bc                HAL_PCD_DataOutStageCallback
 .text.HAL_PCD_DataInStageCallback
                0x00000000080072ec       0x2e USB_DEVICE/Target/usbd_conf.o
                0x00000000080072ec                HAL_PCD_DataInStageCallback
 .text.HAL_PCD_SOFCallback
                0x000000000800731a       0x1c USB_DEVICE/Target/usbd_conf.o
                0x000000000800731a                HAL_PCD_SOFCallback
 .text.HAL_PCD_ResetCallback
                0x0000000008007336       0x3c USB_DEVICE/Target/usbd_conf.o
                0x0000000008007336                HAL_PCD_ResetCallback
 *fill*         0x0000000008007372        0x2 
 .text.HAL_PCD_SuspendCallback
                0x0000000008007374       0x34 USB_DEVICE/Target/usbd_conf.o
                0x0000000008007374                HAL_PCD_SuspendCallback
 .text.HAL_PCD_ResumeCallback
                0x00000000080073a8       0x1c USB_DEVICE/Target/usbd_conf.o
                0x00000000080073a8                HAL_PCD_ResumeCallback
 .text.USBD_LL_Init
                0x00000000080073c4       0xb4 USB_DEVICE/Target/usbd_conf.o
                0x00000000080073c4                USBD_LL_Init
 .text.USBD_LL_Start
                0x0000000008007478       0x36 USB_DEVICE/Target/usbd_conf.o
                0x0000000008007478                USBD_LL_Start
 .text.USBD_LL_OpenEP
                0x00000000080074ae       0x4c USB_DEVICE/Target/usbd_conf.o
                0x00000000080074ae                USBD_LL_OpenEP
 .text.USBD_LL_CloseEP
                0x00000000080074fa       0x3e USB_DEVICE/Target/usbd_conf.o
                0x00000000080074fa                USBD_LL_CloseEP
 .text.USBD_LL_StallEP
                0x0000000008007538       0x3e USB_DEVICE/Target/usbd_conf.o
                0x0000000008007538                USBD_LL_StallEP
 .text.USBD_LL_ClearStallEP
                0x0000000008007576       0x3e USB_DEVICE/Target/usbd_conf.o
                0x0000000008007576                USBD_LL_ClearStallEP
 .text.USBD_LL_IsStallEP
                0x00000000080075b4       0x4a USB_DEVICE/Target/usbd_conf.o
                0x00000000080075b4                USBD_LL_IsStallEP
 .text.USBD_LL_SetUSBAddress
                0x00000000080075fe       0x3e USB_DEVICE/Target/usbd_conf.o
                0x00000000080075fe                USBD_LL_SetUSBAddress
 .text.USBD_LL_Transmit
                0x000000000800763c       0x46 USB_DEVICE/Target/usbd_conf.o
                0x000000000800763c                USBD_LL_Transmit
 .text.USBD_LL_PrepareReceive
                0x0000000008007682       0x46 USB_DEVICE/Target/usbd_conf.o
                0x0000000008007682                USBD_LL_PrepareReceive
 .text.USBD_LL_GetRxDataSize
                0x00000000080076c8       0x26 USB_DEVICE/Target/usbd_conf.o
                0x00000000080076c8                USBD_LL_GetRxDataSize
 *fill*         0x00000000080076ee        0x2 
 .text.USBD_static_malloc
                0x00000000080076f0       0x18 USB_DEVICE/Target/usbd_conf.o
                0x00000000080076f0                USBD_static_malloc
 .text.USBD_static_free
                0x0000000008007708       0x12 USB_DEVICE/Target/usbd_conf.o
                0x0000000008007708                USBD_static_free
 .text.HAL_PCDEx_SetConnectionState
                0x000000000800771a       0x16 USB_DEVICE/Target/usbd_conf.o
                0x000000000800771a                HAL_PCDEx_SetConnectionState
 .text.USBD_Get_USB_Status
                0x0000000008007730       0x58 USB_DEVICE/Target/usbd_conf.o
 .text.atoi     0x0000000008007788        0x8 /opt/st/stm32cubeide_1.3.0/plugins/com.st.stm32cube.ide.mcu.externaltools.gnu-tools-for-stm32.7-2018-q2-update.linux64_1.0.0.201904181610/tools/bin/../lib/gcc/arm-none-eabi/7.3.1/../../../../arm-none-eabi/lib/thumb/v7-m/libc_nano.a(lib_a-atoi.o)
                0x0000000008007788                atoi
 .text.atol     0x0000000008007790        0x8 /opt/st/stm32cubeide_1.3.0/plugins/com.st.stm32cube.ide.mcu.externaltools.gnu-tools-for-stm32.7-2018-q2-update.linux64_1.0.0.201904181610/tools/bin/../lib/gcc/arm-none-eabi/7.3.1/../../../../arm-none-eabi/lib/thumb/v7-m/libc_nano.a(lib_a-atol.o)
                0x0000000008007790                atol
 .text.__errno  0x0000000008007798        0xc /opt/st/stm32cubeide_1.3.0/plugins/com.st.stm32cube.ide.mcu.externaltools.gnu-tools-for-stm32.7-2018-q2-update.linux64_1.0.0.201904181610/tools/bin/../lib/gcc/arm-none-eabi/7.3.1/../../../../arm-none-eabi/lib/thumb/v7-m/libc_nano.a(lib_a-errno.o)
                0x0000000008007798                __errno
 .text.__libc_init_array
                0x00000000080077a4       0x48 /opt/st/stm32cubeide_1.3.0/plugins/com.st.stm32cube.ide.mcu.externaltools.gnu-tools-for-stm32.7-2018-q2-update.linux64_1.0.0.201904181610/tools/bin/../lib/gcc/arm-none-eabi/7.3.1/../../../../arm-none-eabi/lib/thumb/v7-m/libc_nano.a(lib_a-init.o)
                0x00000000080077a4                __libc_init_array
 .text.malloc   0x00000000080077ec       0x10 /opt/st/stm32cubeide_1.3.0/plugins/com.st.stm32cube.ide.mcu.externaltools.gnu-tools-for-stm32.7-2018-q2-update.linux64_1.0.0.201904181610/tools/bin/../lib/gcc/arm-none-eabi/7.3.1/../../../../arm-none-eabi/lib/thumb/v7-m/libc_nano.a(lib_a-malloc.o)
                0x00000000080077ec                malloc
 .text.free     0x00000000080077fc       0x10 /opt/st/stm32cubeide_1.3.0/plugins/com.st.stm32cube.ide.mcu.externaltools.gnu-tools-for-stm32.7-2018-q2-update.linux64_1.0.0.201904181610/tools/bin/../lib/gcc/arm-none-eabi/7.3.1/../../../../arm-none-eabi/lib/thumb/v7-m/libc_nano.a(lib_a-malloc.o)
                0x00000000080077fc                free
 .text.memset   0x000000000800780c       0x10 /opt/st/stm32cubeide_1.3.0/plugins/com.st.stm32cube.ide.mcu.externaltools.gnu-tools-for-stm32.7-2018-q2-update.linux64_1.0.0.201904181610/tools/bin/../lib/gcc/arm-none-eabi/7.3.1/../../../../arm-none-eabi/lib/thumb/v7-m/libc_nano.a(lib_a-memset.o)
                0x000000000800780c                memset
 .text._free_r  0x000000000800781c       0x98 /opt/st/stm32cubeide_1.3.0/plugins/com.st.stm32cube.ide.mcu.externaltools.gnu-tools-for-stm32.7-2018-q2-update.linux64_1.0.0.201904181610/tools/bin/../lib/gcc/arm-none-eabi/7.3.1/../../../../arm-none-eabi/lib/thumb/v7-m/libc_nano.a(lib_a-nano-freer.o)
                0x000000000800781c                _free_r
 .text._malloc_r
                0x00000000080078b4       0xb4 /opt/st/stm32cubeide_1.3.0/plugins/com.st.stm32cube.ide.mcu.externaltools.gnu-tools-for-stm32.7-2018-q2-update.linux64_1.0.0.201904181610/tools/bin/../lib/gcc/arm-none-eabi/7.3.1/../../../../arm-none-eabi/lib/thumb/v7-m/libc_nano.a(lib_a-nano-mallocr.o)
                0x00000000080078b4                _malloc_r
 .text._sbrk_r  0x0000000008007968       0x20 /opt/st/stm32cubeide_1.3.0/plugins/com.st.stm32cube.ide.mcu.externaltools.gnu-tools-for-stm32.7-2018-q2-update.linux64_1.0.0.201904181610/tools/bin/../lib/gcc/arm-none-eabi/7.3.1/../../../../arm-none-eabi/lib/thumb/v7-m/libc_nano.a(lib_a-sbrkr.o)
                0x0000000008007968                _sbrk_r
 .text.snprintf
                0x0000000008007988       0x68 /opt/st/stm32cubeide_1.3.0/plugins/com.st.stm32cube.ide.mcu.externaltools.gnu-tools-for-stm32.7-2018-q2-update.linux64_1.0.0.201904181610/tools/bin/../lib/gcc/arm-none-eabi/7.3.1/../../../../arm-none-eabi/lib/thumb/v7-m/libc_nano.a(lib_a-snprintf.o)
                0x0000000008007988                snprintf
                0x0000000008007988                sniprintf
 .text.sscanf   0x00000000080079f0       0x54 /opt/st/stm32cubeide_1.3.0/plugins/com.st.stm32cube.ide.mcu.externaltools.gnu-tools-for-stm32.7-2018-q2-update.linux64_1.0.0.201904181610/tools/bin/../lib/gcc/arm-none-eabi/7.3.1/../../../../arm-none-eabi/lib/thumb/v7-m/libc_nano.a(lib_a-sscanf.o)
                0x00000000080079f0                sscanf
                0x00000000080079f0                siscanf
 .text.__seofread
                0x0000000008007a44        0x4 /opt/st/stm32cubeide_1.3.0/plugins/com.st.stm32cube.ide.mcu.externaltools.gnu-tools-for-stm32.7-2018-q2-update.linux64_1.0.0.201904181610/tools/bin/../lib/gcc/arm-none-eabi/7.3.1/../../../../arm-none-eabi/lib/thumb/v7-m/libc_nano.a(lib_a-stdio.o)
                0x0000000008007a44                __seofread
 .text.strncmp  0x0000000008007a48       0x24 /opt/st/stm32cubeide_1.3.0/plugins/com.st.stm32cube.ide.mcu.externaltools.gnu-tools-for-stm32.7-2018-q2-update.linux64_1.0.0.201904181610/tools/bin/../lib/gcc/arm-none-eabi/7.3.1/../../../../arm-none-eabi/lib/thumb/v7-m/libc_nano.a(lib_a-strncmp.o)
                0x0000000008007a48                strncmp
 .text.strncpy  0x0000000008007a6c       0x2a /opt/st/stm32cubeide_1.3.0/plugins/com.st.stm32cube.ide.mcu.externaltools.gnu-tools-for-stm32.7-2018-q2-update.linux64_1.0.0.201904181610/tools/bin/../lib/gcc/arm-none-eabi/7.3.1/../../../../arm-none-eabi/lib/thumb/v7-m/libc_nano.a(lib_a-strncpy.o)
                0x0000000008007a6c                strncpy
 *fill*         0x0000000008007a96        0x2 
 .text.strtok   0x0000000008007a98       0x54 /opt/st/stm32cubeide_1.3.0/plugins/com.st.stm32cube.ide.mcu.externaltools.gnu-tools-for-stm32.7-2018-q2-update.linux64_1.0.0.201904181610/tools/bin/../lib/gcc/arm-none-eabi/7.3.1/../../../../arm-none-eabi/lib/thumb/v7-m/libc_nano.a(lib_a-strtok.o)
                0x0000000008007a98                strtok
 .text.__strtok_r
                0x0000000008007aec       0x54 /opt/st/stm32cubeide_1.3.0/plugins/com.st.stm32cube.ide.mcu.externaltools.gnu-tools-for-stm32.7-2018-q2-update.linux64_1.0.0.201904181610/tools/bin/../lib/gcc/arm-none-eabi/7.3.1/../../../../arm-none-eabi/lib/thumb/v7-m/libc_nano.a(lib_a-strtok_r.o)
                0x0000000008007aec                __strtok_r
 .text._strtol_l.isra.0
                0x0000000008007b40       0xf6 /opt/st/stm32cubeide_1.3.0/plugins/com.st.stm32cube.ide.mcu.externaltools.gnu-tools-for-stm32.7-2018-q2-update.linux64_1.0.0.201904181610/tools/bin/../lib/gcc/arm-none-eabi/7.3.1/../../../../arm-none-eabi/lib/thumb/v7-m/libc_nano.a(lib_a-strtol.o)
 *fill*         0x0000000008007c36        0x2 
 .text._strtol_r
                0x0000000008007c38       0x24 /opt/st/stm32cubeide_1.3.0/plugins/com.st.stm32cube.ide.mcu.externaltools.gnu-tools-for-stm32.7-2018-q2-update.linux64_1.0.0.201904181610/tools/bin/../lib/gcc/arm-none-eabi/7.3.1/../../../../arm-none-eabi/lib/thumb/v7-m/libc_nano.a(lib_a-strtol.o)
                0x0000000008007c38                _strtol_r
 .text.strtol   0x0000000008007c5c       0x2c /opt/st/stm32cubeide_1.3.0/plugins/com.st.stm32cube.ide.mcu.externaltools.gnu-tools-for-stm32.7-2018-q2-update.linux64_1.0.0.201904181610/tools/bin/../lib/gcc/arm-none-eabi/7.3.1/../../../../arm-none-eabi/lib/thumb/v7-m/libc_nano.a(lib_a-strtol.o)
                0x0000000008007c5c                strtol
 .text._vasprintf_r
                0x0000000008007c88       0x30 /opt/st/stm32cubeide_1.3.0/plugins/com.st.stm32cube.ide.mcu.externaltools.gnu-tools-for-stm32.7-2018-q2-update.linux64_1.0.0.201904181610/tools/bin/../lib/gcc/arm-none-eabi/7.3.1/../../../../arm-none-eabi/lib/thumb/v7-m/libc_nano.a(lib_a-vasprintf.o)
                0x0000000008007c88                _vasiprintf_r
                0x0000000008007c88                _vasprintf_r
 .text.vasprintf
                0x0000000008007cb8       0x14 /opt/st/stm32cubeide_1.3.0/plugins/com.st.stm32cube.ide.mcu.externaltools.gnu-tools-for-stm32.7-2018-q2-update.linux64_1.0.0.201904181610/tools/bin/../lib/gcc/arm-none-eabi/7.3.1/../../../../arm-none-eabi/lib/thumb/v7-m/libc_nano.a(lib_a-vasprintf.o)
                0x0000000008007cb8                vasiprintf
                0x0000000008007cb8                vasprintf
 .text.__locale_ctype_ptr_l
                0x0000000008007ccc        0x6 /opt/st/stm32cubeide_1.3.0/plugins/com.st.stm32cube.ide.mcu.externaltools.gnu-tools-for-stm32.7-2018-q2-update.linux64_1.0.0.201904181610/tools/bin/../lib/gcc/arm-none-eabi/7.3.1/../../../../arm-none-eabi/lib/thumb/v7-m/libc_nano.a(lib_a-locale.o)
                0x0000000008007ccc                __locale_ctype_ptr_l
 *fill*         0x0000000008007cd2        0x2 
 .text.__locale_ctype_ptr
                0x0000000008007cd4       0x1c /opt/st/stm32cubeide_1.3.0/plugins/com.st.stm32cube.ide.mcu.externaltools.gnu-tools-for-stm32.7-2018-q2-update.linux64_1.0.0.201904181610/tools/bin/../lib/gcc/arm-none-eabi/7.3.1/../../../../arm-none-eabi/lib/thumb/v7-m/libc_nano.a(lib_a-locale.o)
                0x0000000008007cd4                __locale_ctype_ptr
 .text.__ascii_mbtowc
                0x0000000008007cf0       0x24 /opt/st/stm32cubeide_1.3.0/plugins/com.st.stm32cube.ide.mcu.externaltools.gnu-tools-for-stm32.7-2018-q2-update.linux64_1.0.0.201904181610/tools/bin/../lib/gcc/arm-none-eabi/7.3.1/../../../../arm-none-eabi/lib/thumb/v7-m/libc_nano.a(lib_a-mbtowc_r.o)
                0x0000000008007cf0                __ascii_mbtowc
 .text.__malloc_lock
                0x0000000008007d14        0x2 /opt/st/stm32cubeide_1.3.0/plugins/com.st.stm32cube.ide.mcu.externaltools.gnu-tools-for-stm32.7-2018-q2-update.linux64_1.0.0.201904181610/tools/bin/../lib/gcc/arm-none-eabi/7.3.1/../../../../arm-none-eabi/lib/thumb/v7-m/libc_nano.a(lib_a-mlock.o)
                0x0000000008007d14                __malloc_lock
 .text.__malloc_unlock
                0x0000000008007d16        0x2 /opt/st/stm32cubeide_1.3.0/plugins/com.st.stm32cube.ide.mcu.externaltools.gnu-tools-for-stm32.7-2018-q2-update.linux64_1.0.0.201904181610/tools/bin/../lib/gcc/arm-none-eabi/7.3.1/../../../../arm-none-eabi/lib/thumb/v7-m/libc_nano.a(lib_a-mlock.o)
                0x0000000008007d16                __malloc_unlock
 .text.__ssputs_r
                0x0000000008007d18       0xb4 /opt/st/stm32cubeide_1.3.0/plugins/com.st.stm32cube.ide.mcu.externaltools.gnu-tools-for-stm32.7-2018-q2-update.linux64_1.0.0.201904181610/tools/bin/../lib/gcc/arm-none-eabi/7.3.1/../../../../arm-none-eabi/lib/thumb/v7-m/libc_nano.a(lib_a-nano-svfprintf.o)
                0x0000000008007d18                __ssputs_r
 .text._svfprintf_r
                0x0000000008007dcc      0x1f0 /opt/st/stm32cubeide_1.3.0/plugins/com.st.stm32cube.ide.mcu.externaltools.gnu-tools-for-stm32.7-2018-q2-update.linux64_1.0.0.201904181610/tools/bin/../lib/gcc/arm-none-eabi/7.3.1/../../../../arm-none-eabi/lib/thumb/v7-m/libc_nano.a(lib_a-nano-svfprintf.o)
                0x0000000008007dcc                _svfprintf_r
                0x0000000008007dcc                _svfiprintf_r
 .text._sungetc_r
                0x0000000008007fbc       0x7a /opt/st/stm32cubeide_1.3.0/plugins/com.st.stm32cube.ide.mcu.externaltools.gnu-tools-for-stm32.7-2018-q2-update.linux64_1.0.0.201904181610/tools/bin/../lib/gcc/arm-none-eabi/7.3.1/../../../../arm-none-eabi/lib/thumb/v7-m/libc_nano.a(lib_a-nano-svfscanf.o)
                0x0000000008007fbc                _sungetc_r
 .text.__ssrefill_r
                0x0000000008008036       0x3a /opt/st/stm32cubeide_1.3.0/plugins/com.st.stm32cube.ide.mcu.externaltools.gnu-tools-for-stm32.7-2018-q2-update.linux64_1.0.0.201904181610/tools/bin/../lib/gcc/arm-none-eabi/7.3.1/../../../../arm-none-eabi/lib/thumb/v7-m/libc_nano.a(lib_a-nano-svfscanf.o)
                0x0000000008008036                __ssrefill_r
 .text.__ssvfscanf_r
                0x0000000008008070      0x2a0 /opt/st/stm32cubeide_1.3.0/plugins/com.st.stm32cube.ide.mcu.externaltools.gnu-tools-for-stm32.7-2018-q2-update.linux64_1.0.0.201904181610/tools/bin/../lib/gcc/arm-none-eabi/7.3.1/../../../../arm-none-eabi/lib/thumb/v7-m/libc_nano.a(lib_a-nano-svfscanf.o)
                0x0000000008008070                __ssvfscanf_r
                0x0000000008008070                __ssvfiscanf_r
 .text._printf_common
                0x0000000008008310       0xec /opt/st/stm32cubeide_1.3.0/plugins/com.st.stm32cube.ide.mcu.externaltools.gnu-tools-for-stm32.7-2018-q2-update.linux64_1.0.0.201904181610/tools/bin/../lib/gcc/arm-none-eabi/7.3.1/../../../../arm-none-eabi/lib/thumb/v7-m/libc_nano.a(lib_a-nano-vfprintf_i.o)
                0x0000000008008310                _printf_common
 .text._printf_i
                0x00000000080083fc      0x224 /opt/st/stm32cubeide_1.3.0/plugins/com.st.stm32cube.ide.mcu.externaltools.gnu-tools-for-stm32.7-2018-q2-update.linux64_1.0.0.201904181610/tools/bin/../lib/gcc/arm-none-eabi/7.3.1/../../../../arm-none-eabi/lib/thumb/v7-m/libc_nano.a(lib_a-nano-vfprintf_i.o)
                0x00000000080083fc                _printf_i
 .text._scanf_chars
                0x0000000008008620       0xc4 /opt/st/stm32cubeide_1.3.0/plugins/com.st.stm32cube.ide.mcu.externaltools.gnu-tools-for-stm32.7-2018-q2-update.linux64_1.0.0.201904181610/tools/bin/../lib/gcc/arm-none-eabi/7.3.1/../../../../arm-none-eabi/lib/thumb/v7-m/libc_nano.a(lib_a-nano-vfscanf_i.o)
                0x0000000008008620                _scanf_chars
 .text._scanf_i
                0x00000000080086e4      0x1ec /opt/st/stm32cubeide_1.3.0/plugins/com.st.stm32cube.ide.mcu.externaltools.gnu-tools-for-stm32.7-2018-q2-update.linux64_1.0.0.201904181610/tools/bin/../lib/gcc/arm-none-eabi/7.3.1/../../../../arm-none-eabi/lib/thumb/v7-m/libc_nano.a(lib_a-nano-vfscanf_i.o)
                0x00000000080086e4                _scanf_i
 .text.__sccl   0x00000000080088d0       0x62 /opt/st/stm32cubeide_1.3.0/plugins/com.st.stm32cube.ide.mcu.externaltools.gnu-tools-for-stm32.7-2018-q2-update.linux64_1.0.0.201904181610/tools/bin/../lib/gcc/arm-none-eabi/7.3.1/../../../../arm-none-eabi/lib/thumb/v7-m/libc_nano.a(lib_a-sccl.o)
                0x00000000080088d0                __sccl
 .text._strtoul_l.isra.0
                0x0000000008008932       0xf4 /opt/st/stm32cubeide_1.3.0/plugins/com.st.stm32cube.ide.mcu.externaltools.gnu-tools-for-stm32.7-2018-q2-update.linux64_1.0.0.201904181610/tools/bin/../lib/gcc/arm-none-eabi/7.3.1/../../../../arm-none-eabi/lib/thumb/v7-m/libc_nano.a(lib_a-strtoul.o)
 *fill*         0x0000000008008a26        0x2 
 .text._strtoul_r
                0x0000000008008a28       0x24 /opt/st/stm32cubeide_1.3.0/plugins/com.st.stm32cube.ide.mcu.externaltools.gnu-tools-for-stm32.7-2018-q2-update.linux64_1.0.0.201904181610/tools/bin/../lib/gcc/arm-none-eabi/7.3.1/../../../../arm-none-eabi/lib/thumb/v7-m/libc_nano.a(lib_a-strtoul.o)
                0x0000000008008a28                _strtoul_r
 .text.__submore
                0x0000000008008a4c       0x70 /opt/st/stm32cubeide_1.3.0/plugins/com.st.stm32cube.ide.mcu.externaltools.gnu-tools-for-stm32.7-2018-q2-update.linux64_1.0.0.201904181610/tools/bin/../lib/gcc/arm-none-eabi/7.3.1/../../../../arm-none-eabi/lib/thumb/v7-m/libc_nano.a(lib_a-ungetc.o)
                0x0000000008008a4c                __submore
 .text.__ascii_wctomb
                0x0000000008008abc       0x1a /opt/st/stm32cubeide_1.3.0/plugins/com.st.stm32cube.ide.mcu.externaltools.gnu-tools-for-stm32.7-2018-q2-update.linux64_1.0.0.201904181610/tools/bin/../lib/gcc/arm-none-eabi/7.3.1/../../../../arm-none-eabi/lib/thumb/v7-m/libc_nano.a(lib_a-wctomb_r.o)
                0x0000000008008abc                __ascii_wctomb
 .text.memchr   0x0000000008008ad6       0x1c /opt/st/stm32cubeide_1.3.0/plugins/com.st.stm32cube.ide.mcu.externaltools.gnu-tools-for-stm32.7-2018-q2-update.linux64_1.0.0.201904181610/tools/bin/../lib/gcc/arm-none-eabi/7.3.1/../../../../arm-none-eabi/lib/thumb/v7-m/libc_nano.a(lib_a-memchr-stub.o)
                0x0000000008008ad6                memchr
 .text.memcpy   0x0000000008008af2       0x16 /opt/st/stm32cubeide_1.3.0/plugins/com.st.stm32cube.ide.mcu.externaltools.gnu-tools-for-stm32.7-2018-q2-update.linux64_1.0.0.201904181610/tools/bin/../lib/gcc/arm-none-eabi/7.3.1/../../../../arm-none-eabi/lib/thumb/v7-m/libc_nano.a(lib_a-memcpy-stub.o)
                0x0000000008008af2                memcpy
 .text.memmove  0x0000000008008b08       0x32 /opt/st/stm32cubeide_1.3.0/plugins/com.st.stm32cube.ide.mcu.externaltools.gnu-tools-for-stm32.7-2018-q2-update.linux64_1.0.0.201904181610/tools/bin/../lib/gcc/arm-none-eabi/7.3.1/../../../../arm-none-eabi/lib/thumb/v7-m/libc_nano.a(lib_a-memmove.o)
                0x0000000008008b08                memmove
 .text._realloc_r
                0x0000000008008b3a       0x4c /opt/st/stm32cubeide_1.3.0/plugins/com.st.stm32cube.ide.mcu.externaltools.gnu-tools-for-stm32.7-2018-q2-update.linux64_1.0.0.201904181610/tools/bin/../lib/gcc/arm-none-eabi/7.3.1/../../../../arm-none-eabi/lib/thumb/v7-m/libc_nano.a(lib_a-nano-reallocr.o)
                0x0000000008008b3a                _realloc_r
 .text._malloc_usable_size_r
                0x0000000008008b86       0x10 /opt/st/stm32cubeide_1.3.0/plugins/com.st.stm32cube.ide.mcu.externaltools.gnu-tools-for-stm32.7-2018-q2-update.linux64_1.0.0.201904181610/tools/bin/../lib/gcc/arm-none-eabi/7.3.1/../../../../arm-none-eabi/lib/thumb/v7-m/libc_nano.a(lib_a-nano-msizer.o)
                0x0000000008008b86                _malloc_usable_size_r
 *(.glue_7)
 .glue_7        0x0000000008008b96        0x0 linker stubs
 *(.glue_7t)
 .glue_7t       0x0000000008008b96        0x0 linker stubs
 *(.eh_frame)
 *fill*         0x0000000008008b96        0x2 
 .eh_frame      0x0000000008008b98        0x0 /opt/st/stm32cubeide_1.3.0/plugins/com.st.stm32cube.ide.mcu.externaltools.gnu-tools-for-stm32.7-2018-q2-update.linux64_1.0.0.201904181610/tools/bin/../lib/gcc/arm-none-eabi/7.3.1/thumb/v7-m/crtbegin.o
 *(.init)
 .init          0x0000000008008b98        0x4 /opt/st/stm32cubeide_1.3.0/plugins/com.st.stm32cube.ide.mcu.externaltools.gnu-tools-for-stm32.7-2018-q2-update.linux64_1.0.0.201904181610/tools/bin/../lib/gcc/arm-none-eabi/7.3.1/thumb/v7-m/crti.o
                0x0000000008008b98                _init
 .init          0x0000000008008b9c        0x8 /opt/st/stm32cubeide_1.3.0/plugins/com.st.stm32cube.ide.mcu.externaltools.gnu-tools-for-stm32.7-2018-q2-update.linux64_1.0.0.201904181610/tools/bin/../lib/gcc/arm-none-eabi/7.3.1/thumb/v7-m/crtn.o
 *(.fini)
 .fini          0x0000000008008ba4        0x4 /opt/st/stm32cubeide_1.3.0/plugins/com.st.stm32cube.ide.mcu.externaltools.gnu-tools-for-stm32.7-2018-q2-update.linux64_1.0.0.201904181610/tools/bin/../lib/gcc/arm-none-eabi/7.3.1/thumb/v7-m/crti.o
                0x0000000008008ba4                _fini
 .fini          0x0000000008008ba8        0x8 /opt/st/stm32cubeide_1.3.0/plugins/com.st.stm32cube.ide.mcu.externaltools.gnu-tools-for-stm32.7-2018-q2-update.linux64_1.0.0.201904181610/tools/bin/../lib/gcc/arm-none-eabi/7.3.1/thumb/v7-m/crtn.o
                0x0000000008008bb0                . = ALIGN (0x4)
                0x0000000008008bb0                _etext = .

.vfp11_veneer   0x0000000008008bb0        0x0
 .vfp11_veneer  0x0000000008008bb0        0x0 linker stubs

.v4_bx          0x0000000008008bb0        0x0
 .v4_bx         0x0000000008008bb0        0x0 linker stubs

.iplt           0x0000000008008bb0        0x0
 .iplt          0x0000000008008bb0        0x0 /opt/st/stm32cubeide_1.3.0/plugins/com.st.stm32cube.ide.mcu.externaltools.gnu-tools-for-stm32.7-2018-q2-update.linux64_1.0.0.201904181610/tools/bin/../lib/gcc/arm-none-eabi/7.3.1/thumb/v7-m/crtbegin.o

.rodata         0x0000000008008bb0      0x9f8
                0x0000000008008bb0                . = ALIGN (0x4)
 *(.rodata)
 .rodata        0x0000000008008bb0      0x498 Core/Src/command.o
 .rodata        0x0000000008009048       0xfc Core/Src/gdb_hostio.o
 .rodata        0x0000000008009144        0x2 Core/Src/gdb_if.o
 *fill*         0x0000000008009146        0x2 
 .rodata        0x0000000008009148      0x198 Core/Src/gdb_main.o
 .rodata        0x00000000080092e0        0x5 Core/Src/gdb_packet.o
 *fill*         0x00000000080092e5        0x3 
 .rodata        0x00000000080092e8       0x12 Drivers/STM32F1xx_HAL_Driver/Src/stm32f1xx_hal_rcc.o
 *fill*         0x00000000080092fa        0x2 
 .rodata        0x00000000080092fc       0x46 USB_DEVICE/App/usbd_desc.o
 *fill*         0x0000000008009342        0x2 
 .rodata        0x0000000008009344        0xc /opt/st/stm32cubeide_1.3.0/plugins/com.st.stm32cube.ide.mcu.externaltools.gnu-tools-for-stm32.7-2018-q2-update.linux64_1.0.0.201904181610/tools/bin/../lib/gcc/arm-none-eabi/7.3.1/../../../../arm-none-eabi/lib/thumb/v7-m/libc_nano.a(lib_a-nano-vfscanf_i.o)
 *(.rodata*)
 .rodata.cmd_list
                0x0000000008009350       0x78 Core/Src/command.o
                0x0000000008009350                cmd_list
 .rodata.hexdigits
                0x00000000080093c8       0x11 Core/Src/hex_utils.o
 *fill*         0x00000000080093d9        0x3 
 .rodata.AHBPrescTable
                0x00000000080093dc       0x10 Core/Src/system_stm32f1xx.o
                0x00000000080093dc                AHBPrescTable
 .rodata._setlocale_r.str1.1
                0x00000000080093ec        0x8 /opt/st/stm32cubeide_1.3.0/plugins/com.st.stm32cube.ide.mcu.externaltools.gnu-tools-for-stm32.7-2018-q2-update.linux64_1.0.0.201904181610/tools/bin/../lib/gcc/arm-none-eabi/7.3.1/../../../../arm-none-eabi/lib/thumb/v7-m/libc_nano.a(lib_a-locale.o)
                                          0x9 (size before relaxing)
 .rodata.str1.1
                0x00000000080093f4        0x2 /opt/st/stm32cubeide_1.3.0/plugins/com.st.stm32cube.ide.mcu.externaltools.gnu-tools-for-stm32.7-2018-q2-update.linux64_1.0.0.201904181610/tools/bin/../lib/gcc/arm-none-eabi/7.3.1/../../../../arm-none-eabi/lib/thumb/v7-m/libc_nano.a(lib_a-locale.o)
 .rodata._svfprintf_r.str1.1
                0x00000000080093f6       0x11 /opt/st/stm32cubeide_1.3.0/plugins/com.st.stm32cube.ide.mcu.externaltools.gnu-tools-for-stm32.7-2018-q2-update.linux64_1.0.0.201904181610/tools/bin/../lib/gcc/arm-none-eabi/7.3.1/../../../../arm-none-eabi/lib/thumb/v7-m/libc_nano.a(lib_a-nano-svfprintf.o)
 .rodata.__ssvfscanf_r.str1.1
                0x0000000008009407        0x4 /opt/st/stm32cubeide_1.3.0/plugins/com.st.stm32cube.ide.mcu.externaltools.gnu-tools-for-stm32.7-2018-q2-update.linux64_1.0.0.201904181610/tools/bin/../lib/gcc/arm-none-eabi/7.3.1/../../../../arm-none-eabi/lib/thumb/v7-m/libc_nano.a(lib_a-nano-svfscanf.o)
 .rodata._printf_i.str1.1
                0x0000000008009407       0x22 /opt/st/stm32cubeide_1.3.0/plugins/com.st.stm32cube.ide.mcu.externaltools.gnu-tools-for-stm32.7-2018-q2-update.linux64_1.0.0.201904181610/tools/bin/../lib/gcc/arm-none-eabi/7.3.1/../../../../arm-none-eabi/lib/thumb/v7-m/libc_nano.a(lib_a-nano-vfprintf_i.o)
 .rodata._scanf_i.str1.1
                0x0000000008009429       0x12 /opt/st/stm32cubeide_1.3.0/plugins/com.st.stm32cube.ide.mcu.externaltools.gnu-tools-for-stm32.7-2018-q2-update.linux64_1.0.0.201904181610/tools/bin/../lib/gcc/arm-none-eabi/7.3.1/../../../../arm-none-eabi/lib/thumb/v7-m/libc_nano.a(lib_a-nano-vfscanf_i.o)
 .rodata.str1.1
                0x000000000800943b        0x9 /opt/st/stm32cubeide_1.3.0/plugins/com.st.stm32cube.ide.mcu.externaltools.gnu-tools-for-stm32.7-2018-q2-update.linux64_1.0.0.201904181610/tools/bin/../lib/gcc/arm-none-eabi/7.3.1/../../../../arm-none-eabi/lib/thumb/v7-m/libc_nano.a(lib_a-nano-vfscanf_i.o)
 .rodata._ctype_
                0x0000000008009444      0x101 /opt/st/stm32cubeide_1.3.0/plugins/com.st.stm32cube.ide.mcu.externaltools.gnu-tools-for-stm32.7-2018-q2-update.linux64_1.0.0.201904181610/tools/bin/../lib/gcc/arm-none-eabi/7.3.1/../../../../arm-none-eabi/lib/thumb/v7-m/libc_nano.a(lib_a-ctype_.o)
                0x0000000008009444                _ctype_
 *fill*         0x0000000008009545        0x3 
 .rodata.__sf_fake_stderr
                0x0000000008009548       0x20 /opt/st/stm32cubeide_1.3.0/plugins/com.st.stm32cube.ide.mcu.externaltools.gnu-tools-for-stm32.7-2018-q2-update.linux64_1.0.0.201904181610/tools/bin/../lib/gcc/arm-none-eabi/7.3.1/../../../../arm-none-eabi/lib/thumb/v7-m/libc_nano.a(lib_a-findfp.o)
                0x0000000008009548                __sf_fake_stderr
 .rodata.__sf_fake_stdin
                0x0000000008009568       0x20 /opt/st/stm32cubeide_1.3.0/plugins/com.st.stm32cube.ide.mcu.externaltools.gnu-tools-for-stm32.7-2018-q2-update.linux64_1.0.0.201904181610/tools/bin/../lib/gcc/arm-none-eabi/7.3.1/../../../../arm-none-eabi/lib/thumb/v7-m/libc_nano.a(lib_a-findfp.o)
                0x0000000008009568                __sf_fake_stdin
 .rodata.__sf_fake_stdout
                0x0000000008009588       0x20 /opt/st/stm32cubeide_1.3.0/plugins/com.st.stm32cube.ide.mcu.externaltools.gnu-tools-for-stm32.7-2018-q2-update.linux64_1.0.0.201904181610/tools/bin/../lib/gcc/arm-none-eabi/7.3.1/../../../../arm-none-eabi/lib/thumb/v7-m/libc_nano.a(lib_a-findfp.o)
                0x0000000008009588                __sf_fake_stdout
                0x00000000080095a8                . = ALIGN (0x4)

.rel.dyn        0x00000000080095a8        0x0
 .rel.iplt      0x00000000080095a8        0x0 /opt/st/stm32cubeide_1.3.0/plugins/com.st.stm32cube.ide.mcu.externaltools.gnu-tools-for-stm32.7-2018-q2-update.linux64_1.0.0.201904181610/tools/bin/../lib/gcc/arm-none-eabi/7.3.1/thumb/v7-m/crtbegin.o

.ARM.extab      0x00000000080095a8        0x0
                0x00000000080095a8                . = ALIGN (0x4)
 *(.ARM.extab* .gnu.linkonce.armextab.*)
                0x00000000080095a8                . = ALIGN (0x4)

.ARM            0x00000000080095a8        0x0
                0x00000000080095a8                . = ALIGN (0x4)
                0x00000000080095a8                __exidx_start = .
 *(.ARM.exidx*)
                0x00000000080095a8                __exidx_end = .
                0x00000000080095a8                . = ALIGN (0x4)

.preinit_array  0x00000000080095a8        0x0
                0x00000000080095a8                . = ALIGN (0x4)
                0x00000000080095a8                PROVIDE (__preinit_array_start = .)
 *(.preinit_array*)
                0x00000000080095a8                PROVIDE (__preinit_array_end = .)
                0x00000000080095a8                . = ALIGN (0x4)

.init_array     0x00000000080095a8        0x4
                0x00000000080095a8                . = ALIGN (0x4)
                0x00000000080095a8                PROVIDE (__init_array_start = .)
 *(SORT_BY_NAME(.init_array.*))
 *(.init_array*)
 .init_array    0x00000000080095a8        0x4 /opt/st/stm32cubeide_1.3.0/plugins/com.st.stm32cube.ide.mcu.externaltools.gnu-tools-for-stm32.7-2018-q2-update.linux64_1.0.0.201904181610/tools/bin/../lib/gcc/arm-none-eabi/7.3.1/thumb/v7-m/crtbegin.o
                0x00000000080095ac                PROVIDE (__init_array_end = .)
                0x00000000080095ac                . = ALIGN (0x4)

.fini_array     0x00000000080095ac        0x4
                0x00000000080095ac                . = ALIGN (0x4)
                [!provide]                        PROVIDE (__fini_array_start = .)
 *(SORT_BY_NAME(.fini_array.*))
 *(.fini_array*)
 .fini_array    0x00000000080095ac        0x4 /opt/st/stm32cubeide_1.3.0/plugins/com.st.stm32cube.ide.mcu.externaltools.gnu-tools-for-stm32.7-2018-q2-update.linux64_1.0.0.201904181610/tools/bin/../lib/gcc/arm-none-eabi/7.3.1/thumb/v7-m/crtbegin.o
                [!provide]                        PROVIDE (__fini_array_end = .)
                0x00000000080095b0                . = ALIGN (0x4)
                0x00000000080095b0                _sidata = LOADADDR (.data)

.data           0x0000000020000000      0x38c load address 0x00000000080095b0
                0x0000000020000000                . = ALIGN (0x4)
                0x0000000020000000                _sdata = .
 *(.data)
 *(.data*)
 .data.cortexm_wait_timeout
                0x0000000020000000        0x4 Core/Src/command.o
                0x0000000020000000                cortexm_wait_timeout
 .data.gdb_controller
                0x0000000020000004       0x3c Core/Src/gdb_main.o
 .data.SystemCoreClock
                0x0000000020000040        0x4 Core/Src/system_stm32f1xx.o
                0x0000000020000040                SystemCoreClock
 .data.uwTickPrio
                0x0000000020000044        0x4 Drivers/STM32F1xx_HAL_Driver/Src/stm32f1xx_hal.o
                0x0000000020000044                uwTickPrio
 .data.uwTickFreq
                0x0000000020000048        0x1 Drivers/STM32F1xx_HAL_Driver/Src/stm32f1xx_hal.o
                0x0000000020000048                uwTickFreq
 *fill*         0x0000000020000049        0x3 
 .data.USBD_CDC_DeviceQualifierDesc
                0x000000002000004c        0xa Middlewares/ST/STM32_USB_Device_Library/Class/CDC/Src/usbd_cdc.o
 *fill*         0x0000000020000056        0x2 
 .data.USBD_CDC
                0x0000000020000058       0x38 Middlewares/ST/STM32_USB_Device_Library/Class/CDC/Src/usbd_cdc.o
                0x0000000020000058                USBD_CDC
 .data.USBD_CDC_CfgHSDesc
                0x0000000020000090       0x43 Middlewares/ST/STM32_USB_Device_Library/Class/CDC/Src/usbd_cdc.o
                0x0000000020000090                USBD_CDC_CfgHSDesc
 *fill*         0x00000000200000d3        0x1 
 .data.USBD_CDC_CfgFSDesc
                0x00000000200000d4       0x43 Middlewares/ST/STM32_USB_Device_Library/Class/CDC/Src/usbd_cdc.o
                0x00000000200000d4                USBD_CDC_CfgFSDesc
 *fill*         0x0000000020000117        0x1 
 .data.USBD_CDC_OtherSpeedCfgDesc
                0x0000000020000118       0x43 Middlewares/ST/STM32_USB_Device_Library/Class/CDC/Src/usbd_cdc.o
                0x0000000020000118                USBD_CDC_OtherSpeedCfgDesc
 *fill*         0x000000002000015b        0x1 
 .data.USBD_Interface_fops_FS
                0x000000002000015c       0x10 USB_DEVICE/App/usbd_cdc_if.o
                0x000000002000015c                USBD_Interface_fops_FS
 .data.FS_Desc  0x000000002000016c       0x1c USB_DEVICE/App/usbd_desc.o
                0x000000002000016c                FS_Desc
 .data.USBD_FS_DeviceDesc
                0x0000000020000188       0x12 USB_DEVICE/App/usbd_desc.o
                0x0000000020000188                USBD_FS_DeviceDesc
 *fill*         0x000000002000019a        0x2 
 .data.USBD_LangIDDesc
                0x000000002000019c        0x4 USB_DEVICE/App/usbd_desc.o
                0x000000002000019c                USBD_LangIDDesc
 .data.USBD_StringSerial
                0x00000000200001a0       0x1a USB_DEVICE/App/usbd_desc.o
                0x00000000200001a0                USBD_StringSerial
 *fill*         0x00000000200001ba        0x2 
 .data._impure_ptr
                0x00000000200001bc        0x4 /opt/st/stm32cubeide_1.3.0/plugins/com.st.stm32cube.ide.mcu.externaltools.gnu-tools-for-stm32.7-2018-q2-update.linux64_1.0.0.201904181610/tools/bin/../lib/gcc/arm-none-eabi/7.3.1/../../../../arm-none-eabi/lib/thumb/v7-m/libc_nano.a(lib_a-impure.o)
                0x00000000200001bc                _impure_ptr
 .data.impure_data
                0x00000000200001c0       0x60 /opt/st/stm32cubeide_1.3.0/plugins/com.st.stm32cube.ide.mcu.externaltools.gnu-tools-for-stm32.7-2018-q2-update.linux64_1.0.0.201904181610/tools/bin/../lib/gcc/arm-none-eabi/7.3.1/../../../../arm-none-eabi/lib/thumb/v7-m/libc_nano.a(lib_a-impure.o)
 .data.__global_locale
                0x0000000020000220      0x16c /opt/st/stm32cubeide_1.3.0/plugins/com.st.stm32cube.ide.mcu.externaltools.gnu-tools-for-stm32.7-2018-q2-update.linux64_1.0.0.201904181610/tools/bin/../lib/gcc/arm-none-eabi/7.3.1/../../../../arm-none-eabi/lib/thumb/v7-m/libc_nano.a(lib_a-locale.o)
                0x0000000020000220                __global_locale
                0x000000002000038c                . = ALIGN (0x4)
                0x000000002000038c                _edata = .

.igot.plt       0x000000002000038c        0x0 load address 0x000000000800993c
 .igot.plt      0x000000002000038c        0x0 /opt/st/stm32cubeide_1.3.0/plugins/com.st.stm32cube.ide.mcu.externaltools.gnu-tools-for-stm32.7-2018-q2-update.linux64_1.0.0.201904181610/tools/bin/../lib/gcc/arm-none-eabi/7.3.1/thumb/v7-m/crtbegin.o
                0x000000002000038c                . = ALIGN (0x4)

.bss            0x000000002000038c     0x162c load address 0x000000000800993c
                0x000000002000038c                _sbss = .
                0x000000002000038c                __bss_start__ = _sbss
 *(.bss)
 .bss           0x000000002000038c       0x1c /opt/st/stm32cubeide_1.3.0/plugins/com.st.stm32cube.ide.mcu.externaltools.gnu-tools-for-stm32.7-2018-q2-update.linux64_1.0.0.201904181610/tools/bin/../lib/gcc/arm-none-eabi/7.3.1/thumb/v7-m/crtbegin.o
 *(.bss*)
 .bss.count_out
                0x00000000200003a8        0x4 Core/Src/gdb_if.o
 .bss.count_in  0x00000000200003ac        0x4 Core/Src/gdb_if.o
 .bss.out_ptr   0x00000000200003b0        0x4 Core/Src/gdb_if.o
 .bss.buffer_out
                0x00000000200003b4       0x40 Core/Src/gdb_if.o
 .bss.buffer_in
                0x00000000200003f4       0x40 Core/Src/gdb_if.o
 .bss.pbuf      0x0000000020000434      0x401 Core/Src/gdb_main.o
 *fill*         0x0000000020000835        0x3 
 .bss.cur_target
                0x0000000020000838        0x4 Core/Src/gdb_main.o
 .bss.last_target
                0x000000002000083c        0x4 Core/Src/gdb_main.o
 .bss.flash_mode.7998
                0x0000000020000840        0x1 Core/Src/gdb_main.o
 *fill*         0x0000000020000841        0x3 
 .bss.heap_end.5149
                0x0000000020000844        0x4 Core/Src/sysmem.o
 .bss.cfgidx.7763
                0x0000000020000848        0x1 Middlewares/ST/STM32_USB_Device_Library/Core/Src/usbd_ctlreq.o
 *fill*         0x0000000020000849        0x3 
 .bss.mem.7828  0x000000002000084c      0x220 USB_DEVICE/Target/usbd_conf.o
 .bss.__malloc_free_list
                0x0000000020000a6c        0x4 /opt/st/stm32cubeide_1.3.0/plugins/com.st.stm32cube.ide.mcu.externaltools.gnu-tools-for-stm32.7-2018-q2-update.linux64_1.0.0.201904181610/tools/bin/../lib/gcc/arm-none-eabi/7.3.1/../../../../arm-none-eabi/lib/thumb/v7-m/libc_nano.a(lib_a-nano-mallocr.o)
                0x0000000020000a6c                __malloc_free_list
 .bss.__malloc_sbrk_start
                0x0000000020000a70        0x4 /opt/st/stm32cubeide_1.3.0/plugins/com.st.stm32cube.ide.mcu.externaltools.gnu-tools-for-stm32.7-2018-q2-update.linux64_1.0.0.201904181610/tools/bin/../lib/gcc/arm-none-eabi/7.3.1/../../../../arm-none-eabi/lib/thumb/v7-m/libc_nano.a(lib_a-nano-mallocr.o)
                0x0000000020000a70                __malloc_sbrk_start
 *(COMMON)
 COMMON         0x0000000020000a74        0x1 Core/Src/command.o
                0x0000000020000a74                connect_assert_srst
 *fill*         0x0000000020000a75        0x3 
 COMMON         0x0000000020000a78        0x4 Core/Src/exception.o
                0x0000000020000a78                innermost_exception
 COMMON         0x0000000020000a7c       0x31 Core/Src/main.o
                0x0000000020000a7c                hadc1
                0x0000000020000aac                running_status
 *fill*         0x0000000020000aad        0x3 
 COMMON         0x0000000020000ab0        0x4 Drivers/STM32F1xx_HAL_Driver/Src/stm32f1xx_hal.o
                0x0000000020000ab0                uwTick
 COMMON         0x0000000020000ab4      0x2c4 USB_DEVICE/App/usb_device.o
                0x0000000020000ab4                hUsbDeviceFS
 COMMON         0x0000000020000d78      0x7d0 USB_DEVICE/App/usbd_cdc_if.o
                0x0000000020000d78                UserRxBufferFS
                0x0000000020001160                UserTxBufferFS
 COMMON         0x0000000020001548      0x200 USB_DEVICE/App/usbd_desc.o
                0x0000000020001548                USBD_StrDesc
 COMMON         0x0000000020001748      0x26c USB_DEVICE/Target/usbd_conf.o
                0x0000000020001748                hpcd_USB_FS
 COMMON         0x00000000200019b4        0x4 /opt/st/stm32cubeide_1.3.0/plugins/com.st.stm32cube.ide.mcu.externaltools.gnu-tools-for-stm32.7-2018-q2-update.linux64_1.0.0.201904181610/tools/bin/../lib/gcc/arm-none-eabi/7.3.1/../../../../arm-none-eabi/lib/thumb/v7-m/libc_nano.a(lib_a-reent.o)
                0x00000000200019b4                errno
                0x00000000200019b8                . = ALIGN (0x4)
                0x00000000200019b8                _ebss = .
                0x00000000200019b8                __bss_end__ = _ebss

._user_heap_stack
                0x00000000200019b8      0x600 load address 0x000000000800993c
                0x00000000200019b8                . = ALIGN (0x8)
                0x00000000200019b8                PROVIDE (end = .)
                [!provide]                        PROVIDE (_end = .)
                0x0000000020001bb8                . = (. + _Min_Heap_Size)
 *fill*         0x00000000200019b8      0x200 
                0x0000000020001fb8                . = (. + _Min_Stack_Size)
 *fill*         0x0000000020001bb8      0x400 
                0x0000000020001fb8                . = ALIGN (0x8)

/DISCARD/
 libc.a(*)
 libm.a(*)
 libgcc.a(*)

.ARM.attributes
                0x0000000000000000       0x29
 *(.ARM.attributes)
 .ARM.attributes
                0x0000000000000000       0x1d /opt/st/stm32cubeide_1.3.0/plugins/com.st.stm32cube.ide.mcu.externaltools.gnu-tools-for-stm32.7-2018-q2-update.linux64_1.0.0.201904181610/tools/bin/../lib/gcc/arm-none-eabi/7.3.1/thumb/v7-m/crti.o
 .ARM.attributes
                0x000000000000001d       0x2d /opt/st/stm32cubeide_1.3.0/plugins/com.st.stm32cube.ide.mcu.externaltools.gnu-tools-for-stm32.7-2018-q2-update.linux64_1.0.0.201904181610/tools/bin/../lib/gcc/arm-none-eabi/7.3.1/thumb/v7-m/crtbegin.o
 .ARM.attributes
                0x000000000000004a       0x33 Core/Src/command.o
 .ARM.attributes
                0x000000000000007d       0x33 Core/Src/exception.o
 .ARM.attributes
                0x00000000000000b0       0x33 Core/Src/gdb_hostio.o
 .ARM.attributes
                0x00000000000000e3       0x33 Core/Src/gdb_if.o
 .ARM.attributes
                0x0000000000000116       0x33 Core/Src/gdb_main.o
 .ARM.attributes
                0x0000000000000149       0x33 Core/Src/gdb_packet.o
 .ARM.attributes
                0x000000000000017c       0x33 Core/Src/hex_utils.o
 .ARM.attributes
                0x00000000000001af       0x33 Core/Src/main.o
 .ARM.attributes
                0x00000000000001e2       0x33 Core/Src/stm32f1xx_hal_msp.o
 .ARM.attributes
                0x0000000000000215       0x33 Core/Src/stm32f1xx_it.o
 .ARM.attributes
                0x0000000000000248       0x33 Core/Src/sysmem.o
 .ARM.attributes
                0x000000000000027b       0x33 Core/Src/system_stm32f1xx.o
 .ARM.attributes
                0x00000000000002ae       0x21 Core/Startup/startup_stm32f103cbux.o
 .ARM.attributes
                0x00000000000002cf       0x33 Drivers/STM32F1xx_HAL_Driver/Src/stm32f1xx_hal.o
 .ARM.attributes
                0x0000000000000302       0x33 Drivers/STM32F1xx_HAL_Driver/Src/stm32f1xx_hal_adc.o
 .ARM.attributes
                0x0000000000000335       0x33 Drivers/STM32F1xx_HAL_Driver/Src/stm32f1xx_hal_cortex.o
 .ARM.attributes
                0x0000000000000368       0x33 Drivers/STM32F1xx_HAL_Driver/Src/stm32f1xx_hal_gpio.o
 .ARM.attributes
                0x000000000000039b       0x33 Drivers/STM32F1xx_HAL_Driver/Src/stm32f1xx_hal_pcd.o
 .ARM.attributes
                0x00000000000003ce       0x33 Drivers/STM32F1xx_HAL_Driver/Src/stm32f1xx_hal_pcd_ex.o
 .ARM.attributes
                0x0000000000000401       0x33 Drivers/STM32F1xx_HAL_Driver/Src/stm32f1xx_hal_rcc.o
 .ARM.attributes
                0x0000000000000434       0x33 Drivers/STM32F1xx_HAL_Driver/Src/stm32f1xx_hal_rcc_ex.o
 .ARM.attributes
                0x0000000000000467       0x33 Drivers/STM32F1xx_HAL_Driver/Src/stm32f1xx_ll_usb.o
 .ARM.attributes
                0x000000000000049a       0x33 Middlewares/ST/STM32_USB_Device_Library/Class/CDC/Src/usbd_cdc.o
 .ARM.attributes
                0x00000000000004cd       0x33 Middlewares/ST/STM32_USB_Device_Library/Core/Src/usbd_core.o
 .ARM.attributes
                0x0000000000000500       0x33 Middlewares/ST/STM32_USB_Device_Library/Core/Src/usbd_ctlreq.o
 .ARM.attributes
                0x0000000000000533       0x33 Middlewares/ST/STM32_USB_Device_Library/Core/Src/usbd_ioreq.o
 .ARM.attributes
                0x0000000000000566       0x33 USB_DEVICE/App/usb_device.o
 .ARM.attributes
                0x0000000000000599       0x33 USB_DEVICE/App/usbd_cdc_if.o
 .ARM.attributes
                0x00000000000005cc       0x33 USB_DEVICE/App/usbd_desc.o
 .ARM.attributes
                0x00000000000005ff       0x33 USB_DEVICE/Target/usbd_conf.o
 .ARM.attributes
                0x0000000000000632       0x2d /opt/st/stm32cubeide_1.3.0/plugins/com.st.stm32cube.ide.mcu.externaltools.gnu-tools-for-stm32.7-2018-q2-update.linux64_1.0.0.201904181610/tools/bin/../lib/gcc/arm-none-eabi/7.3.1/../../../../arm-none-eabi/lib/thumb/v7-m/libc_nano.a(lib_a-atoi.o)
 .ARM.attributes
                0x000000000000065f       0x2d /opt/st/stm32cubeide_1.3.0/plugins/com.st.stm32cube.ide.mcu.externaltools.gnu-tools-for-stm32.7-2018-q2-update.linux64_1.0.0.201904181610/tools/bin/../lib/gcc/arm-none-eabi/7.3.1/../../../../arm-none-eabi/lib/thumb/v7-m/libc_nano.a(lib_a-atol.o)
 .ARM.attributes
                0x000000000000068c       0x2d /opt/st/stm32cubeide_1.3.0/plugins/com.st.stm32cube.ide.mcu.externaltools.gnu-tools-for-stm32.7-2018-q2-update.linux64_1.0.0.201904181610/tools/bin/../lib/gcc/arm-none-eabi/7.3.1/../../../../arm-none-eabi/lib/thumb/v7-m/libc_nano.a(lib_a-errno.o)
 .ARM.attributes
                0x00000000000006b9       0x2d /opt/st/stm32cubeide_1.3.0/plugins/com.st.stm32cube.ide.mcu.externaltools.gnu-tools-for-stm32.7-2018-q2-update.linux64_1.0.0.201904181610/tools/bin/../lib/gcc/arm-none-eabi/7.3.1/../../../../arm-none-eabi/lib/thumb/v7-m/libc_nano.a(lib_a-impure.o)
 .ARM.attributes
                0x00000000000006e6       0x2d /opt/st/stm32cubeide_1.3.0/plugins/com.st.stm32cube.ide.mcu.externaltools.gnu-tools-for-stm32.7-2018-q2-update.linux64_1.0.0.201904181610/tools/bin/../lib/gcc/arm-none-eabi/7.3.1/../../../../arm-none-eabi/lib/thumb/v7-m/libc_nano.a(lib_a-init.o)
 .ARM.attributes
                0x0000000000000713       0x2d /opt/st/stm32cubeide_1.3.0/plugins/com.st.stm32cube.ide.mcu.externaltools.gnu-tools-for-stm32.7-2018-q2-update.linux64_1.0.0.201904181610/tools/bin/../lib/gcc/arm-none-eabi/7.3.1/../../../../arm-none-eabi/lib/thumb/v7-m/libc_nano.a(lib_a-malloc.o)
 .ARM.attributes
                0x0000000000000740       0x2d /opt/st/stm32cubeide_1.3.0/plugins/com.st.stm32cube.ide.mcu.externaltools.gnu-tools-for-stm32.7-2018-q2-update.linux64_1.0.0.201904181610/tools/bin/../lib/gcc/arm-none-eabi/7.3.1/../../../../arm-none-eabi/lib/thumb/v7-m/libc_nano.a(lib_a-memset.o)
 .ARM.attributes
                0x000000000000076d       0x2d /opt/st/stm32cubeide_1.3.0/plugins/com.st.stm32cube.ide.mcu.externaltools.gnu-tools-for-stm32.7-2018-q2-update.linux64_1.0.0.201904181610/tools/bin/../lib/gcc/arm-none-eabi/7.3.1/../../../../arm-none-eabi/lib/thumb/v7-m/libc_nano.a(lib_a-nano-freer.o)
 .ARM.attributes
                0x000000000000079a       0x2d /opt/st/stm32cubeide_1.3.0/plugins/com.st.stm32cube.ide.mcu.externaltools.gnu-tools-for-stm32.7-2018-q2-update.linux64_1.0.0.201904181610/tools/bin/../lib/gcc/arm-none-eabi/7.3.1/../../../../arm-none-eabi/lib/thumb/v7-m/libc_nano.a(lib_a-nano-mallocr.o)
 .ARM.attributes
                0x00000000000007c7       0x2d /opt/st/stm32cubeide_1.3.0/plugins/com.st.stm32cube.ide.mcu.externaltools.gnu-tools-for-stm32.7-2018-q2-update.linux64_1.0.0.201904181610/tools/bin/../lib/gcc/arm-none-eabi/7.3.1/../../../../arm-none-eabi/lib/thumb/v7-m/libc_nano.a(lib_a-sbrkr.o)
 .ARM.attributes
                0x00000000000007f4       0x1b /opt/st/stm32cubeide_1.3.0/plugins/com.st.stm32cube.ide.mcu.externaltools.gnu-tools-for-stm32.7-2018-q2-update.linux64_1.0.0.201904181610/tools/bin/../lib/gcc/arm-none-eabi/7.3.1/../../../../arm-none-eabi/lib/thumb/v7-m/libc_nano.a(lib_a-setjmp.o)
 .ARM.attributes
                0x000000000000080f       0x2d /opt/st/stm32cubeide_1.3.0/plugins/com.st.stm32cube.ide.mcu.externaltools.gnu-tools-for-stm32.7-2018-q2-update.linux64_1.0.0.201904181610/tools/bin/../lib/gcc/arm-none-eabi/7.3.1/../../../../arm-none-eabi/lib/thumb/v7-m/libc_nano.a(lib_a-snprintf.o)
 .ARM.attributes
                0x000000000000083c       0x2d /opt/st/stm32cubeide_1.3.0/plugins/com.st.stm32cube.ide.mcu.externaltools.gnu-tools-for-stm32.7-2018-q2-update.linux64_1.0.0.201904181610/tools/bin/../lib/gcc/arm-none-eabi/7.3.1/../../../../arm-none-eabi/lib/thumb/v7-m/libc_nano.a(lib_a-sscanf.o)
 .ARM.attributes
                0x0000000000000869       0x2d /opt/st/stm32cubeide_1.3.0/plugins/com.st.stm32cube.ide.mcu.externaltools.gnu-tools-for-stm32.7-2018-q2-update.linux64_1.0.0.201904181610/tools/bin/../lib/gcc/arm-none-eabi/7.3.1/../../../../arm-none-eabi/lib/thumb/v7-m/libc_nano.a(lib_a-stdio.o)
 .ARM.attributes
                0x0000000000000896       0x1b /opt/st/stm32cubeide_1.3.0/plugins/com.st.stm32cube.ide.mcu.externaltools.gnu-tools-for-stm32.7-2018-q2-update.linux64_1.0.0.201904181610/tools/bin/../lib/gcc/arm-none-eabi/7.3.1/../../../../arm-none-eabi/lib/thumb/v7-m/libc_nano.a(lib_a-strcmp.o)
 .ARM.attributes
                0x00000000000008b1       0x17 /opt/st/stm32cubeide_1.3.0/plugins/com.st.stm32cube.ide.mcu.externaltools.gnu-tools-for-stm32.7-2018-q2-update.linux64_1.0.0.201904181610/tools/bin/../lib/gcc/arm-none-eabi/7.3.1/../../../../arm-none-eabi/lib/thumb/v7-m/libc_nano.a(lib_a-strlen.o)
 .ARM.attributes
                0x00000000000008c8       0x2d /opt/st/stm32cubeide_1.3.0/plugins/com.st.stm32cube.ide.mcu.externaltools.gnu-tools-for-stm32.7-2018-q2-update.linux64_1.0.0.201904181610/tools/bin/../lib/gcc/arm-none-eabi/7.3.1/../../../../arm-none-eabi/lib/thumb/v7-m/libc_nano.a(lib_a-strncmp.o)
 .ARM.attributes
                0x00000000000008f5       0x2d /opt/st/stm32cubeide_1.3.0/plugins/com.st.stm32cube.ide.mcu.externaltools.gnu-tools-for-stm32.7-2018-q2-update.linux64_1.0.0.201904181610/tools/bin/../lib/gcc/arm-none-eabi/7.3.1/../../../../arm-none-eabi/lib/thumb/v7-m/libc_nano.a(lib_a-strncpy.o)
 .ARM.attributes
                0x0000000000000922       0x2d /opt/st/stm32cubeide_1.3.0/plugins/com.st.stm32cube.ide.mcu.externaltools.gnu-tools-for-stm32.7-2018-q2-update.linux64_1.0.0.201904181610/tools/bin/../lib/gcc/arm-none-eabi/7.3.1/../../../../arm-none-eabi/lib/thumb/v7-m/libc_nano.a(lib_a-strtok.o)
 .ARM.attributes
                0x000000000000094f       0x2d /opt/st/stm32cubeide_1.3.0/plugins/com.st.stm32cube.ide.mcu.externaltools.gnu-tools-for-stm32.7-2018-q2-update.linux64_1.0.0.201904181610/tools/bin/../lib/gcc/arm-none-eabi/7.3.1/../../../../arm-none-eabi/lib/thumb/v7-m/libc_nano.a(lib_a-strtok_r.o)
 .ARM.attributes
                0x000000000000097c       0x2d /opt/st/stm32cubeide_1.3.0/plugins/com.st.stm32cube.ide.mcu.externaltools.gnu-tools-for-stm32.7-2018-q2-update.linux64_1.0.0.201904181610/tools/bin/../lib/gcc/arm-none-eabi/7.3.1/../../../../arm-none-eabi/lib/thumb/v7-m/libc_nano.a(lib_a-strtol.o)
 .ARM.attributes
                0x00000000000009a9       0x2d /opt/st/stm32cubeide_1.3.0/plugins/com.st.stm32cube.ide.mcu.externaltools.gnu-tools-for-stm32.7-2018-q2-update.linux64_1.0.0.201904181610/tools/bin/../lib/gcc/arm-none-eabi/7.3.1/../../../../arm-none-eabi/lib/thumb/v7-m/libc_nano.a(lib_a-vasprintf.o)
 .ARM.attributes
                0x00000000000009d6       0x2d /opt/st/stm32cubeide_1.3.0/plugins/com.st.stm32cube.ide.mcu.externaltools.gnu-tools-for-stm32.7-2018-q2-update.linux64_1.0.0.201904181610/tools/bin/../lib/gcc/arm-none-eabi/7.3.1/../../../../arm-none-eabi/lib/thumb/v7-m/libc_nano.a(lib_a-locale.o)
 .ARM.attributes
                0x0000000000000a03       0x2d /opt/st/stm32cubeide_1.3.0/plugins/com.st.stm32cube.ide.mcu.externaltools.gnu-tools-for-stm32.7-2018-q2-update.linux64_1.0.0.201904181610/tools/bin/../lib/gcc/arm-none-eabi/7.3.1/../../../../arm-none-eabi/lib/thumb/v7-m/libc_nano.a(lib_a-mbtowc_r.o)
 .ARM.attributes
                0x0000000000000a30       0x2d /opt/st/stm32cubeide_1.3.0/plugins/com.st.stm32cube.ide.mcu.externaltools.gnu-tools-for-stm32.7-2018-q2-update.linux64_1.0.0.201904181610/tools/bin/../lib/gcc/arm-none-eabi/7.3.1/../../../../arm-none-eabi/lib/thumb/v7-m/libc_nano.a(lib_a-mlock.o)
 .ARM.attributes
                0x0000000000000a5d       0x2d /opt/st/stm32cubeide_1.3.0/plugins/com.st.stm32cube.ide.mcu.externaltools.gnu-tools-for-stm32.7-2018-q2-update.linux64_1.0.0.201904181610/tools/bin/../lib/gcc/arm-none-eabi/7.3.1/../../../../arm-none-eabi/lib/thumb/v7-m/libc_nano.a(lib_a-nano-svfprintf.o)
 .ARM.attributes
                0x0000000000000a8a       0x2d /opt/st/stm32cubeide_1.3.0/plugins/com.st.stm32cube.ide.mcu.externaltools.gnu-tools-for-stm32.7-2018-q2-update.linux64_1.0.0.201904181610/tools/bin/../lib/gcc/arm-none-eabi/7.3.1/../../../../arm-none-eabi/lib/thumb/v7-m/libc_nano.a(lib_a-nano-svfscanf.o)
 .ARM.attributes
                0x0000000000000ab7       0x2d /opt/st/stm32cubeide_1.3.0/plugins/com.st.stm32cube.ide.mcu.externaltools.gnu-tools-for-stm32.7-2018-q2-update.linux64_1.0.0.201904181610/tools/bin/../lib/gcc/arm-none-eabi/7.3.1/../../../../arm-none-eabi/lib/thumb/v7-m/libc_nano.a(lib_a-nano-vfprintf_i.o)
 .ARM.attributes
                0x0000000000000ae4       0x2d /opt/st/stm32cubeide_1.3.0/plugins/com.st.stm32cube.ide.mcu.externaltools.gnu-tools-for-stm32.7-2018-q2-update.linux64_1.0.0.201904181610/tools/bin/../lib/gcc/arm-none-eabi/7.3.1/../../../../arm-none-eabi/lib/thumb/v7-m/libc_nano.a(lib_a-nano-vfscanf_i.o)
 .ARM.attributes